Archive member included to satisfy reference by file (symbol)

c:/program files (x86)/atmel/studio/7.0/toolchain/arm/arm-gnu-toolchain/bin/../lib/gcc/arm-none-eabi/6.3.1/thumb/v7e-m\libgcc.a(_arm_addsubdf3.o)
                              hpl/sercom/hpl_sercom.o (__aeabi_dsub)
c:/program files (x86)/atmel/studio/7.0/toolchain/arm/arm-gnu-toolchain/bin/../lib/gcc/arm-none-eabi/6.3.1/thumb/v7e-m\libgcc.a(_arm_muldivdf3.o)
                              hpl/sercom/hpl_sercom.o (__aeabi_dmul)
c:/program files (x86)/atmel/studio/7.0/toolchain/arm/arm-gnu-toolchain/bin/../lib/gcc/arm-none-eabi/6.3.1/thumb/v7e-m\libgcc.a(_arm_fixunsdfsi.o)
                              hpl/sercom/hpl_sercom.o (__aeabi_d2uiz)
c:/program files (x86)/atmel/studio/7.0/toolchain/arm/arm-gnu-toolchain/bin/../lib/gcc/arm-none-eabi/6.3.1/thumb/v7e-m\libgcc.a(_aeabi_uldivmod.o)
                              hpl/sercom/hpl_sercom.o (__aeabi_uldivmod)
c:/program files (x86)/atmel/studio/7.0/toolchain/arm/arm-gnu-toolchain/bin/../lib/gcc/arm-none-eabi/6.3.1/thumb/v7e-m\libgcc.a(_udivmoddi4.o)
                              c:/program files (x86)/atmel/studio/7.0/toolchain/arm/arm-gnu-toolchain/bin/../lib/gcc/arm-none-eabi/6.3.1/thumb/v7e-m\libgcc.a(_aeabi_uldivmod.o) (__udivmoddi4)
c:/program files (x86)/atmel/studio/7.0/toolchain/arm/arm-gnu-toolchain/bin/../lib/gcc/arm-none-eabi/6.3.1/thumb/v7e-m\libgcc.a(_dvmd_tls.o)
                              c:/program files (x86)/atmel/studio/7.0/toolchain/arm/arm-gnu-toolchain/bin/../lib/gcc/arm-none-eabi/6.3.1/thumb/v7e-m\libgcc.a(_aeabi_uldivmod.o) (__aeabi_ldiv0)
c:/program files (x86)/atmel/studio/7.0/toolchain/arm/arm-gnu-toolchain/bin/../lib/gcc/arm-none-eabi/6.3.1/../../../../arm-none-eabi/lib/thumb/v7e-m\libc_nano.a(lib_a-exit.o)
                              c:/program files (x86)/atmel/studio/7.0/toolchain/arm/arm-gnu-toolchain/bin/../lib/gcc/arm-none-eabi/6.3.1/../../../../arm-none-eabi/lib/thumb/v7e-m/crt0.o (exit)
c:/program files (x86)/atmel/studio/7.0/toolchain/arm/arm-gnu-toolchain/bin/../lib/gcc/arm-none-eabi/6.3.1/../../../../arm-none-eabi/lib/thumb/v7e-m\libc_nano.a(lib_a-impure.o)
                              c:/program files (x86)/atmel/studio/7.0/toolchain/arm/arm-gnu-toolchain/bin/../lib/gcc/arm-none-eabi/6.3.1/../../../../arm-none-eabi/lib/thumb/v7e-m\libc_nano.a(lib_a-exit.o) (_global_impure_ptr)
c:/program files (x86)/atmel/studio/7.0/toolchain/arm/arm-gnu-toolchain/bin/../lib/gcc/arm-none-eabi/6.3.1/../../../../arm-none-eabi/lib/thumb/v7e-m\libc_nano.a(lib_a-init.o)
                              c:/program files (x86)/atmel/studio/7.0/toolchain/arm/arm-gnu-toolchain/bin/../lib/gcc/arm-none-eabi/6.3.1/../../../../arm-none-eabi/lib/thumb/v7e-m/crt0.o (__libc_init_array)
c:/program files (x86)/atmel/studio/7.0/toolchain/arm/arm-gnu-toolchain/bin/../lib/gcc/arm-none-eabi/6.3.1/../../../../arm-none-eabi/lib/thumb/v7e-m\libc_nano.a(lib_a-memset.o)
                              c:/program files (x86)/atmel/studio/7.0/toolchain/arm/arm-gnu-toolchain/bin/../lib/gcc/arm-none-eabi/6.3.1/../../../../arm-none-eabi/lib/thumb/v7e-m/crt0.o (memset)
c:/program files (x86)/atmel/studio/7.0/toolchain/arm/arm-gnu-toolchain/bin/../lib/gcc/arm-none-eabi/6.3.1/../../../../arm-none-eabi/lib/thumb/v7e-m\libc_nano.a(lib_a-printf.o)
                              hal/utils/src/utils_syscalls.o (printf)
c:/program files (x86)/atmel/studio/7.0/toolchain/arm/arm-gnu-toolchain/bin/../lib/gcc/arm-none-eabi/6.3.1/../../../../arm-none-eabi/lib/thumb/v7e-m\libc_nano.a(lib_a-findfp.o)
                              c:/program files (x86)/atmel/studio/7.0/toolchain/arm/arm-gnu-toolchain/bin/../lib/gcc/arm-none-eabi/6.3.1/../../../../arm-none-eabi/lib/thumb/v7e-m\libc_nano.a(lib_a-printf.o) (__sinit)
c:/program files (x86)/atmel/studio/7.0/toolchain/arm/arm-gnu-toolchain/bin/../lib/gcc/arm-none-eabi/6.3.1/../../../../arm-none-eabi/lib/thumb/v7e-m\libc_nano.a(lib_a-fwalk.o)
                              c:/program files (x86)/atmel/studio/7.0/toolchain/arm/arm-gnu-toolchain/bin/../lib/gcc/arm-none-eabi/6.3.1/../../../../arm-none-eabi/lib/thumb/v7e-m\libc_nano.a(lib_a-findfp.o) (_fwalk)
c:/program files (x86)/atmel/studio/7.0/toolchain/arm/arm-gnu-toolchain/bin/../lib/gcc/arm-none-eabi/6.3.1/../../../../arm-none-eabi/lib/thumb/v7e-m\libc_nano.a(lib_a-nano-mallocr.o)
                              c:/program files (x86)/atmel/studio/7.0/toolchain/arm/arm-gnu-toolchain/bin/../lib/gcc/arm-none-eabi/6.3.1/../../../../arm-none-eabi/lib/thumb/v7e-m\libc_nano.a(lib_a-findfp.o) (_malloc_r)
c:/program files (x86)/atmel/studio/7.0/toolchain/arm/arm-gnu-toolchain/bin/../lib/gcc/arm-none-eabi/6.3.1/../../../../arm-none-eabi/lib/thumb/v7e-m\libc_nano.a(lib_a-nano-vfprintf.o)
                              c:/program files (x86)/atmel/studio/7.0/toolchain/arm/arm-gnu-toolchain/bin/../lib/gcc/arm-none-eabi/6.3.1/../../../../arm-none-eabi/lib/thumb/v7e-m\libc_nano.a(lib_a-printf.o) (_vfprintf_r)
[...]
Memory Configuration

Name             Origin             Length             Attributes
rom              0x00000000         0x00100000         xr
ram              0x20000000         0x00040000         xrw
bkupram          0x47000000         0x00002000         xrw
qspi             0x04000000         0x01000000         xrw
*default*        0x00000000         0xffffffff

Linker script and memory map

LOAD c:/program files (x86)/atmel/studio/7.0/toolchain/arm/arm-gnu-toolchain/bin/../lib/gcc/arm-none-eabi/6.3.1/thumb/v7e-m/crti.o
LOAD c:/program files (x86)/atmel/studio/7.0/toolchain/arm/arm-gnu-toolchain/bin/../lib/gcc/arm-none-eabi/6.3.1/thumb/v7e-m/crtbegin.o
LOAD c:/program files (x86)/atmel/studio/7.0/toolchain/arm/arm-gnu-toolchain/bin/../lib/gcc/arm-none-eabi/6.3.1/../../../../arm-none-eabi/lib/thumb/v7e-m/crt0.o
LOAD atmel_start.o
LOAD Device_Startup/startup_same54.o
LOAD Device_Startup/system_same54.o
LOAD driver_init.o
LOAD examples/driver_examples.o
LOAD hal/src/hal_atomic.o
LOAD hal/src/hal_cache.o
LOAD hal/src/hal_camera_async.o
LOAD hal/src/hal_delay.o
LOAD hal/src/hal_evsys.o
LOAD hal/src/hal_ext_irq.o
LOAD hal/src/hal_gpio.o
LOAD hal/src/hal_i2c_m_sync.o
LOAD hal/src/hal_init.o
LOAD hal/src/hal_io.o
LOAD hal/src/hal_pwm.o
LOAD hal/src/hal_sleep.o
LOAD hal/src/hal_usart_async.o
LOAD hal/utils/src/utils_assert.o
LOAD hal/utils/src/utils_event.o
LOAD hal/utils/src/utils_list.o
LOAD hal/utils/src/utils_ringbuffer.o
LOAD hal/utils/src/utils_syscalls.o
LOAD hpl/cmcc/hpl_cmcc.o
LOAD hpl/core/hpl_core_m4.o
LOAD hpl/core/hpl_init.o
LOAD hpl/dmac/hpl_dmac.o
LOAD hpl/eic/hpl_eic.o
LOAD hpl/evsys/hpl_evsys.o
LOAD hpl/gclk/hpl_gclk.o
LOAD hpl/mclk/hpl_mclk.o
LOAD hpl/osc32kctrl/hpl_osc32kctrl.o
LOAD hpl/oscctrl/hpl_oscctrl.o
LOAD hpl/pcc/hpl_pcc.o
LOAD hpl/pm/hpl_pm.o
LOAD hpl/ramecc/hpl_ramecc.o
LOAD hpl/sercom/hpl_sercom.o
LOAD hpl/systick/hpl_systick.o
LOAD hpl/tcc/hpl_tcc.o
LOAD main.o
START GROUP
LOAD c:/program files (x86)/atmel/studio/7.0/toolchain/arm/arm-gnu-toolchain/bin/../lib/gcc/arm-none-eabi/6.3.1/../../../../arm-none-eabi/lib/thumb/v7e-m\libm.a
END GROUP
START GROUP
LOAD c:/program files (x86)/atmel/studio/7.0/toolchain/arm/arm-gnu-toolchain/bin/../lib/gcc/arm-none-eabi/6.3.1/thumb/v7e-m\libgcc.a
LOAD c:/program files (x86)/atmel/studio/7.0/toolchain/arm/arm-gnu-toolchain/bin/../lib/gcc/arm-none-eabi/6.3.1/../../../../arm-none-eabi/lib/thumb/v7e-m\libc_nano.a
END GROUP
START GROUP
LOAD c:/program files (x86)/atmel/studio/7.0/toolchain/arm/arm-gnu-toolchain/bin/../lib/gcc/arm-none-eabi/6.3.1/thumb/v7e-m\libgcc.a
LOAD c:/program files (x86)/atmel/studio/7.0/toolchain/arm/arm-gnu-toolchain/bin/../lib/gcc/arm-none-eabi/6.3.1/../../../../arm-none-eabi/lib/thumb/v7e-m\libc_nano.a
END GROUP
LOAD c:/program files (x86)/atmel/studio/7.0/toolchain/arm/arm-gnu-toolchain/bin/../lib/gcc/arm-none-eabi/6.3.1/thumb/v7e-m/crtend.o
LOAD c:/program files (x86)/atmel/studio/7.0/toolchain/arm/arm-gnu-toolchain/bin/../lib/gcc/arm-none-eabi/6.3.1/thumb/v7e-m/crtn.o
                0x00010000                STACK_SIZE = DEFINED (STACK_SIZE)?STACK_SIZE:DEFINED (__stack_size__)?__stack_size__:0x10000

.text           0x00000000     0x2b80
                0x00000000                . = ALIGN (0x4)
                0x00000000                _sfixed = .
 *(.vectors .vectors.*)
 .vectors       0x00000000      0x264 Device_Startup/startup_same54.o
                0x00000000                exception_table
 *(.text .text.* .gnu.linkonce.t.*)
 .text          0x00000264       0x6c c:/program files (x86)/atmel/studio/7.0/toolchain/arm/arm-gnu-toolchain/bin/../lib/gcc/arm-none-eabi/6.3.1/thumb/v7e-m/crtbegin.o
 .text.atmel_start_init
                0x000002d0        0xc atmel_start.o
                0x000002d0                atmel_start_init
 .text.Dummy_Handler
                0x000002dc        0x2 Device_Startup/startup_same54.o
                0x000002dc                EIC_5_Handler
                0x000002dc                SVCall_Handler
                0x000002dc                SERCOM0_2_Handler
                0x000002dc                EVSYS_0_Handler
                0x000002dc                TCC1_3_Handler
                0x000002dc                DAC_3_Handler
                0x000002dc                TRNG_Handler
                0x000002dc                HardFault_Handler
                0x000002dc                TC2_Handler
                0x000002dc                PDEC_2_Handler
                0x000002dc                EIC_4_Handler
                0x000002dc                AC_Handler
                0x000002dc                SERCOM3_1_Handler
                0x000002dc                SysTick_Handler
                0x000002dc                TCC2_3_Handler
                0x000002dc                SERCOM3_2_Handler
                0x000002dc                PendSV_Handler
                0x000002dc                TC7_Handler
                0x000002dc                ADC1_1_Handler
                0x000002dc                EVSYS_3_Handler
                0x000002dc                PDEC_0_Handler
                0x000002dc                QSPI_Handler
                0x000002dc                NonMaskableInt_Handler
                0x000002dc                EIC_3_Handler
                0x000002dc                MemManagement_Handler
                0x000002dc                DAC_2_Handler
                0x000002dc                SERCOM0_0_Handler
                0x000002dc                RTC_Handler
                0x000002dc                UsageFault_Handler
                0x000002dc                SERCOM4_0_Handler
                0x000002dc                EIC_10_Handler
                0x000002dc                SERCOM0_3_Handler
                0x000002dc                EIC_11_Handler
                0x000002dc                EIC_9_Handler
                0x000002dc                OSC32KCTRL_Handler
                0x000002dc                TCC2_1_Handler
                0x000002dc                SUPC_1_Handler
                0x000002dc                TCC0_5_Handler
                0x000002dc                TCC0_6_Handler
                0x000002dc                SERCOM6_2_Handler
                0x000002dc                EVSYS_1_Handler
                0x000002dc                TCC1_4_Handler
                0x000002dc                TC6_Handler
                0x000002dc                WDT_Handler
                0x000002dc                CAN0_Handler
                0x000002dc                EIC_8_Handler
                0x000002dc                EIC_15_Handler
                0x000002dc                SERCOM6_0_Handler
                0x000002dc                SERCOM5_0_Handler
                0x000002dc                TC4_Handler
                0x000002dc                TC1_Handler
                0x000002dc                OSCCTRL_4_Handler
                0x000002dc                SERCOM4_3_Handler
                0x000002dc                TCC4_2_Handler
                0x000002dc                PAC_Handler
                0x000002dc                TCC1_0_Handler
                0x000002dc                USB_0_Handler
                0x000002dc                OSCCTRL_0_Handler
                0x000002dc                EIC_0_Handler
                0x000002dc                OSCCTRL_3_Handler
                0x000002dc                SERCOM4_1_Handler
                0x000002dc                TC3_Handler
                0x000002dc                Dummy_Handler
                0x000002dc                TCC3_0_Handler
                0x000002dc                TCC2_2_Handler
                0x000002dc                SERCOM5_1_Handler
                0x000002dc                TCC1_1_Handler
                0x000002dc                ADC0_0_Handler
                0x000002dc                SERCOM0_1_Handler
                0x000002dc                OSCCTRL_2_Handler
                0x000002dc                ADC1_0_Handler
                0x000002dc                TCC1_2_Handler
                0x000002dc                SERCOM7_1_Handler
                0x000002dc                USB_1_Handler
                0x000002dc                PM_Handler
                0x000002dc                SERCOM6_3_Handler
                0x000002dc                SERCOM2_3_Handler
                0x000002dc                DAC_4_Handler
                0x000002dc                TCC3_2_Handler
                0x000002dc                SERCOM7_0_Handler
                0x000002dc                TCC0_2_Handler
                0x000002dc                TCC4_0_Handler
                0x000002dc                SERCOM7_3_Handler
                0x000002dc                GMAC_Handler
                0x000002dc                SDHC1_Handler
                0x000002dc                USB_3_Handler
                0x000002dc                SERCOM7_2_Handler
                0x000002dc                CAN1_Handler
                0x000002dc                TCC2_0_Handler
                0x000002dc                PDEC_1_Handler
                0x000002dc                TCC4_1_Handler
                0x000002dc                SERCOM5_3_Handler
                0x000002dc                USB_2_Handler
                0x000002dc                SERCOM6_1_Handler
                0x000002dc                SDHC0_Handler
                0x000002dc                I2S_Handler
                0x000002dc                EIC_2_Handler
                0x000002dc                DAC_0_Handler
                0x000002dc                TCC0_1_Handler
                0x000002dc                EIC_6_Handler
                0x000002dc                OSCCTRL_1_Handler
                0x000002dc                PUKCC_Handler
                0x000002dc                SERCOM2_1_Handler
                0x000002dc                SERCOM3_0_Handler
                0x000002dc                EIC_1_Handler
                0x000002dc                SERCOM4_2_Handler
                0x000002dc                EVSYS_4_Handler
                0x000002dc                EIC_7_Handler
                0x000002dc                NVMCTRL_1_Handler
                0x000002dc                SERCOM5_2_Handler
                0x000002dc                SERCOM3_3_Handler
                0x000002dc                ADC0_1_Handler
                0x000002dc                SERCOM2_2_Handler
                0x000002dc                TCC3_1_Handler
                0x000002dc                EIC_14_Handler
                0x000002dc                DAC_1_Handler
                0x000002dc                NVMCTRL_0_Handler
                0x000002dc                MCLK_Handler
                0x000002dc                EVSYS_2_Handler
                0x000002dc                SUPC_0_Handler
                0x000002dc                BusFault_Handler
                0x000002dc                FREQM_Handler
                0x000002dc                TC0_Handler
                0x000002dc                TCC0_3_Handler
                0x000002dc                DebugMonitor_Handler
                0x000002dc                TCC0_4_Handler
                0x000002dc                TC5_Handler
                0x000002dc                SERCOM2_0_Handler
                0x000002dc                AES_Handler
                0x000002dc                ICM_Handler
 *fill*         0x000002de        0x2 
 .text.Reset_Handler
                0x000002e0       0x7c Device_Startup/startup_same54.o
                0x000002e0                Reset_Handler
 .text.EXTERNAL_IRQ_0_init
                0x0000035c       0xa8 driver_init.o
                0x0000035c                EXTERNAL_IRQ_0_init
 .text.EVENT_SYSTEM_0_init
                0x00000404       0x28 driver_init.o
                0x00000404                EVENT_SYSTEM_0_init
 .text.CAMERA_OV7670_PORT_init
                0x0000042c      0x128 driver_init.o
                0x0000042c                CAMERA_OV7670_PORT_init
 .text.CAMERA_OV7670_CLOCK_init
                0x00000554       0x10 driver_init.o
                0x00000554                CAMERA_OV7670_CLOCK_init
 .text.CAMERA_OV7670_init
                0x00000564       0x28 driver_init.o
                0x00000564                CAMERA_OV7670_init
 .text.EDBG_COM_CLOCK_init
                0x0000058c       0x24 driver_init.o
                0x0000058c                EDBG_COM_CLOCK_init
 .text.EDBG_COM_PORT_init
                0x000005b0       0x48 driver_init.o
                0x000005b0                EDBG_COM_PORT_init
 .text.EDBG_COM_init
                0x000005f8       0x38 driver_init.o
                0x000005f8                EDBG_COM_init
 .text.PCC_SCCB_PORT_init
                0x00000630       0x60 driver_init.o
                0x00000630                PCC_SCCB_PORT_init
 .text.PCC_SCCB_CLOCK_init
                0x00000690       0x24 driver_init.o
                0x00000690                PCC_SCCB_CLOCK_init
 .text.PCC_SCCB_init
                0x000006b4       0x28 driver_init.o
                0x000006b4                PCC_SCCB_init
 .text.delay_driver_init
                0x000006dc       0x14 driver_init.o
                0x000006dc                delay_driver_init
 .text.PWM_0_PORT_init
                0x000006f0       0x28 driver_init.o
                0x000006f0                PWM_0_PORT_init
 .text.PWM_0_CLOCK_init
                0x00000718       0x1c driver_init.o
                0x00000718                PWM_0_CLOCK_init
 .text.PWM_0_init
                0x00000734       0x34 driver_init.o
                0x00000734                PWM_0_init
 .text.system_init
                0x00000768       0xe8 driver_init.o
                0x00000768                system_init
 .text.atomic_enter_critical
                0x00000850        0xe hal/src/hal_atomic.o
                0x00000850                atomic_enter_critical
 .text.atomic_leave_critical
                0x0000085e        0xc hal/src/hal_atomic.o
                0x0000085e                atomic_leave_critical
 .text.camera_async_capture_done
                0x0000086a        0xa hal/src/hal_camera_async.o
 .text.camera_async_init
                0x00000874       0x3c hal/src/hal_camera_async.o
                0x00000874                camera_async_init
 .text.delay_init
                0x000008b0       0x14 hal/src/hal_delay.o
                0x000008b0                delay_init
 .text.delay_ms
                0x000008c4       0x20 hal/src/hal_delay.o
                0x000008c4                delay_ms
 .text.event_system_init
                0x000008e4        0xc hal/src/hal_evsys.o
                0x000008e4                event_system_init
 .text.process_ext_irq
                0x000008f0       0x44 hal/src/hal_ext_irq.o
 .text.ext_irq_init
                0x00000934       0x34 hal/src/hal_ext_irq.o
                0x00000934                ext_irq_init
 .text.ext_irq_register
                0x00000968       0xd0 hal/src/hal_ext_irq.o
                0x00000968                ext_irq_register
 .text.i2c_m_sync_write
                0x00000a38       0x30 hal/src/hal_i2c_m_sync.o
 .text.i2c_m_sync_read
                0x00000a68       0x30 hal/src/hal_i2c_m_sync.o
 .text.i2c_m_sync_init
                0x00000a98       0x40 hal/src/hal_i2c_m_sync.o
                0x00000a98                i2c_m_sync_init
 .text.i2c_m_sync_enable
                0x00000ad8        0xc hal/src/hal_i2c_m_sync.o
                0x00000ad8                i2c_m_sync_enable
 .text.i2c_m_sync_set_slaveaddr
                0x00000ae4       0x10 hal/src/hal_i2c_m_sync.o
                0x00000ae4                i2c_m_sync_set_slaveaddr
 .text.i2c_m_sync_get_io_descriptor
                0x00000af4        0x8 hal/src/hal_i2c_m_sync.o
                0x00000af4                i2c_m_sync_get_io_descriptor
 .text.io_write
                0x00000afc       0x34 hal/src/hal_io.o
                0x00000afc                io_write
 .text.io_read  0x00000b30       0x34 hal/src/hal_io.o
                0x00000b30                io_read
 .text.pwm_period_expired
                0x00000b64        0xa hal/src/hal_pwm.o
 .text.pwm_detect_fault
                0x00000b6e        0xa hal/src/hal_pwm.o
 .text.pwm_init
                0x00000b78       0x44 hal/src/hal_pwm.o
                0x00000b78                pwm_init
 .text.pwm_enable
                0x00000bbc       0x3c hal/src/hal_pwm.o
                0x00000bbc                pwm_enable
 .text.pwm_set_parameters
                0x00000bf8       0x30 hal/src/hal_pwm.o
                0x00000bf8                pwm_set_parameters
 .text.usart_transmission_complete
                0x00000c28       0x14 hal/src/hal_usart_async.o
 .text.usart_error
                0x00000c3c       0x14 hal/src/hal_usart_async.o
 .text.usart_fill_rx_buffer
                0x00000c50       0x1c hal/src/hal_usart_async.o
 .text.usart_async_write
                0x00000c6c       0x60 hal/src/hal_usart_async.o
 .text.usart_process_byte_sent
                0x00000ccc       0x34 hal/src/hal_usart_async.o
 .text.usart_async_read
                0x00000d00       0x7c hal/src/hal_usart_async.o
 .text.usart_async_init
                0x00000d7c       0x94 hal/src/hal_usart_async.o
                0x00000d7c                usart_async_init
 .text.usart_async_enable
                0x00000e10       0x2c hal/src/hal_usart_async.o
                0x00000e10                usart_async_enable
 .text.assert   0x00000e3c        0x6 hal/utils/src/utils_assert.o
                0x00000e3c                assert
 *fill*         0x00000e42        0x2 
 .text.ringbuffer_init
                0x00000e44       0x44 hal/utils/src/utils_ringbuffer.o
                0x00000e44                ringbuffer_init
 .text.ringbuffer_get
                0x00000e88       0x48 hal/utils/src/utils_ringbuffer.o
                0x00000e88                ringbuffer_get
 .text.ringbuffer_put
                0x00000ed0       0x40 hal/utils/src/utils_ringbuffer.o
                0x00000ed0                ringbuffer_put
 .text.ringbuffer_num
                0x00000f10       0x24 hal/utils/src/utils_ringbuffer.o
                0x00000f10                ringbuffer_num
 .text._get_cycles_for_ms
                0x00000f34       0x10 hpl/core/hpl_core_m4.o
                0x00000f34                _get_cycles_for_ms
 .text._init_chip
                0x00000f44       0x58 hpl/core/hpl_init.o
                0x00000f44                _init_chip
 .text._dmac_handler
                0x00000f9c       0x80 hpl/dmac/hpl_dmac.o
 .text._dma_init
                0x0000101c      0x10c hpl/dmac/hpl_dmac.o
                0x0000101c                _dma_init
 .text._dma_set_irq_state
                0x00001128       0x52 hpl/dmac/hpl_dmac.o
                0x00001128                _dma_set_irq_state
 *fill*         0x0000117a        0x2 
 .text._dma_set_destination_address
                0x0000117c       0x14 hpl/dmac/hpl_dmac.o
                0x0000117c                _dma_set_destination_address
 .text._dma_set_source_address
                0x00001190       0x14 hpl/dmac/hpl_dmac.o
                0x00001190                _dma_set_source_address
 .text._dma_srcinc_enable
                0x000011a4       0x24 hpl/dmac/hpl_dmac.o
                0x000011a4                _dma_srcinc_enable
 .text._dma_set_data_amount
                0x000011c8       0x68 hpl/dmac/hpl_dmac.o
                0x000011c8                _dma_set_data_amount
 .text._dma_enable_transaction
                0x00001230       0x44 hpl/dmac/hpl_dmac.o
                0x00001230                _dma_enable_transaction
 .text._dma_get_channel_resource
                0x00001274       0x14 hpl/dmac/hpl_dmac.o
                0x00001274                _dma_get_channel_resource
 .text.DMAC_0_Handler
                0x00001288        0xc hpl/dmac/hpl_dmac.o
                0x00001288                DMAC_0_Handler
 .text.DMAC_1_Handler
                0x00001294        0xc hpl/dmac/hpl_dmac.o
                0x00001294                DMAC_1_Handler
 .text.DMAC_2_Handler
                0x000012a0        0xc hpl/dmac/hpl_dmac.o
                0x000012a0                DMAC_2_Handler
 .text.DMAC_3_Handler
                0x000012ac        0xc hpl/dmac/hpl_dmac.o
                0x000012ac                DMAC_3_Handler
 .text.DMAC_4_Handler
                0x000012b8        0xc hpl/dmac/hpl_dmac.o
                0x000012b8                DMAC_4_Handler
 .text._ext_irq_handler
                0x000012c4       0xc4 hpl/eic/hpl_eic.o
 .text._ext_irq_init
                0x00001388       0xd8 hpl/eic/hpl_eic.o
                0x00001388                _ext_irq_init
 .text._ext_irq_enable
                0x00001460       0x58 hpl/eic/hpl_eic.o
                0x00001460                _ext_irq_enable
 .text.EIC_12_Handler
                0x000014b8        0xc hpl/eic/hpl_eic.o
                0x000014b8                EIC_12_Handler
 .text.EIC_13_Handler
                0x000014c4        0xc hpl/eic/hpl_eic.o
                0x000014c4                EIC_13_Handler
 .text._event_system_init
                0x000014d0       0x64 hpl/evsys/hpl_evsys.o
                0x000014d0                _event_system_init
 .text._gclk_init_generators_by_fref
                0x00001534       0x78 hpl/gclk/hpl_gclk.o
                0x00001534                _gclk_init_generators_by_fref
 .text._mclk_init
                0x000015ac        0xc hpl/mclk/hpl_mclk.o
                0x000015ac                _mclk_init
 .text._osc32kctrl_init_sources
                0x000015b8       0x14 hpl/osc32kctrl/hpl_osc32kctrl.o
                0x000015b8                _osc32kctrl_init_sources
 .text._oscctrl_init_sources
                0x000015cc       0x1c hpl/oscctrl/hpl_oscctrl.o
                0x000015cc                _oscctrl_init_sources
 .text._oscctrl_init_referenced_generators
                0x000015e8       0x98 hpl/oscctrl/hpl_oscctrl.o
                0x000015e8                _oscctrl_init_referenced_generators
 .text._pcc_dma_transfer_done
                0x00001680        0xc hpl/pcc/hpl_pcc.o
 .text._camera_async_init
                0x0000168c       0x38 hpl/pcc/hpl_pcc.o
                0x0000168c                _camera_async_init
 .text._camera_async_enable
                0x000016c4        0xc hpl/pcc/hpl_pcc.o
                0x000016c4                _camera_async_enable
 .text._camera_async_capture_start
                0x000016d0       0x5c hpl/pcc/hpl_pcc.o
                0x000016d0                _camera_async_capture_start
 .text.PCC_Handler
                0x0000172c       0x2c hpl/pcc/hpl_pcc.o
                0x0000172c                PCC_Handler
 .text.RAMECC_Handler
                0x00001758       0x44 hpl/ramecc/hpl_ramecc.o
                0x00001758                RAMECC_Handler
 .text._sercom_get_hardware_index
                0x0000179c       0x40 hpl/sercom/hpl_sercom.o
 .text._sercom_usart_interrupt_handler
                0x000017dc       0x70 hpl/sercom/hpl_sercom.o
 .text._sercom_init_irq_param
                0x0000184c       0x18 hpl/sercom/hpl_sercom.o
 .text._sercom_get_irq_num
                0x00001864       0x18 hpl/sercom/hpl_sercom.o
 .text._get_sercom_index
                0x0000187c       0x44 hpl/sercom/hpl_sercom.o
 .text._usart_init
                0x000018c0      0x100 hpl/sercom/hpl_sercom.o
 .text._get_i2cm_index
                0x000019c0       0x48 hpl/sercom/hpl_sercom.o
 .text._i2c_m_sync_init_impl
                0x00001a08       0xe0 hpl/sercom/hpl_sercom.o
 .text._sercom_i2c_sync_send_address
                0x00001ae8      0x280 hpl/sercom/hpl_sercom.o
 .text._usart_async_init
                0x00001d68       0x84 hpl/sercom/hpl_sercom.o
                0x00001d68                _usart_async_init
 .text._usart_async_enable
                0x00001dec       0x14 hpl/sercom/hpl_sercom.o
                0x00001dec                _usart_async_enable
 .text._usart_async_write_byte
                0x00001e00        0x6 hpl/sercom/hpl_sercom.o
                0x00001e00                _usart_async_write_byte
 .text._usart_async_enable_byte_sent_irq
                0x00001e06        0x8 hpl/sercom/hpl_sercom.o
                0x00001e06                _usart_async_enable_byte_sent_irq
 .text._usart_async_enable_tx_done_irq
                0x00001e0e        0x8 hpl/sercom/hpl_sercom.o
                0x00001e0e                _usart_async_enable_tx_done_irq
 *fill*         0x00001e16        0x2 
 .text._i2c_m_sync_init
                0x00001e18       0x30 hpl/sercom/hpl_sercom.o
                0x00001e18                _i2c_m_sync_init
 .text._i2c_m_sync_enable
                0x00001e48       0x78 hpl/sercom/hpl_sercom.o
                0x00001e48                _i2c_m_sync_enable
 .text._i2c_m_sync_transfer
                0x00001ec0      0x2b0 hpl/sercom/hpl_sercom.o
                0x00001ec0                _i2c_m_sync_transfer
 .text.SERCOM1_0_Handler
                0x00002170       0x14 hpl/sercom/hpl_sercom.o
                0x00002170                SERCOM1_0_Handler
 .text.SERCOM1_1_Handler
                0x00002184       0x14 hpl/sercom/hpl_sercom.o
                0x00002184                SERCOM1_1_Handler
 .text.SERCOM1_2_Handler
                0x00002198       0x14 hpl/sercom/hpl_sercom.o
                0x00002198                SERCOM1_2_Handler
 .text.SERCOM1_3_Handler
                0x000021ac       0x14 hpl/sercom/hpl_sercom.o
                0x000021ac                SERCOM1_3_Handler
 .text._system_time_init
                0x000021c0       0x14 hpl/systick/hpl_systick.o
                0x000021c0                _system_time_init
 .text._delay_init
                0x000021d4        0xc hpl/systick/hpl_systick.o
                0x000021d4                _delay_init
 .text._delay_cycles
                0x000021e0       0x40 hpl/systick/hpl_systick.o
                0x000021e0                _delay_cycles
 .text._tcc_init_irq_param
                0x00002220       0x18 hpl/tcc/hpl_tcc.o
 .text.tcc_pwm_interrupt_handler
                0x00002238       0x2e hpl/tcc/hpl_tcc.o
 *fill*         0x00002266        0x2 
 .text._get_tcc_cfg
                0x00002268       0x38 hpl/tcc/hpl_tcc.o
 .text._get_tcc_pwm_cfg
                0x000022a0       0x38 hpl/tcc/hpl_tcc.o
 .text._pwm_init
                0x000022d8      0x19c hpl/tcc/hpl_tcc.o
                0x000022d8                _pwm_init
 .text._pwm_enable
                0x00002474       0x14 hpl/tcc/hpl_tcc.o
                0x00002474                _pwm_enable
 .text._pwm_set_param
                0x00002488       0x20 hpl/tcc/hpl_tcc.o
                0x00002488                _pwm_set_param
 .text._pwm_is_enabled
                0x000024a8       0x12 hpl/tcc/hpl_tcc.o
                0x000024a8                _pwm_is_enabled
 .text._tcc_get_pwm
                0x000024ba        0x4 hpl/tcc/hpl_tcc.o
                0x000024ba                _tcc_get_pwm
 *fill*         0x000024be        0x2 
 .text.TCC0_0_Handler
                0x000024c0       0x14 hpl/tcc/hpl_tcc.o
                0x000024c0                TCC0_0_Handler
 .text.ext_irq_cb_PCC_VSYNC
                0x000024d4        0x2 main.o
 *fill*         0x000024d6        0x2 
 .text.config_sensor_ov7670
                0x000024d8      0x1a4 main.o
                0x000024d8                config_sensor_ov7670
 .text.main     0x0000267c      0x100 main.o
                0x0000267c                main
 .text.__libc_init_array
                0x0000277c       0x48 c:/program files (x86)/atmel/studio/7.0/toolchain/arm/arm-gnu-toolchain/bin/../lib/gcc/arm-none-eabi/6.3.1/../../../../arm-none-eabi/lib/thumb/v7e-m\libc_nano.a(lib_a-init.o)
                0x0000277c                __libc_init_array
 .text.memset   0x000027c4       0x10 c:/program files (x86)/atmel/studio/7.0/toolchain/arm/arm-gnu-toolchain/bin/../lib/gcc/arm-none-eabi/6.3.1/../../../../arm-none-eabi/lib/thumb/v7e-m\libc_nano.a(lib_a-memset.o)
                0x000027c4                memset
 *(.glue_7t)
 .glue_7t       0x000027d4        0x0 linker stubs
 *(.glue_7)
 .glue_7        0x000027d4        0x0 linker stubs
 *(.rodata .rodata* .gnu.linkonce.r.*)
 .rodata.str1.4
                0x000027d4       0x1e hal/src/hal_camera_async.o
 *fill*         0x000027f2        0x2 
 .rodata.str1.4
                0x000027f4       0x1c hal/src/hal_i2c_m_sync.o
 .rodata.str1.4
                0x00002810       0x14 hal/src/hal_io.o
 .rodata.str1.4
                0x00002824       0x15 hal/src/hal_pwm.o
 *fill*         0x00002839        0x3 
 .rodata.str1.4
                0x0000283c       0x1d hal/src/hal_usart_async.o
 *fill*         0x00002859        0x3 
 .rodata.str1.4
                0x0000285c       0x24 hal/utils/src/utils_ringbuffer.o
 .rodata        0x00002880      0x100 hpl/dmac/hpl_dmac.o
 .rodata        0x00002980       0x10 hpl/eic/hpl_eic.o
 .rodata.str1.4
                0x00002990       0x15 hpl/eic/hpl_eic.o
 *fill*         0x000029a5        0x3 
 .rodata        0x000029a8      0x104 hpl/evsys/hpl_evsys.o
 .rodata        0x00002aac       0x71 hpl/sercom/hpl_sercom.o
 *fill*         0x00002b1d        0x3 
 .rodata.str1.4
                0x00002b20       0x1b hpl/sercom/hpl_sercom.o
 *fill*         0x00002b3b        0x1 
 .rodata.str1.4
                0x00002b3c       0x24 main.o
                                 0x22 (size before relaxing)
 *(.ARM.extab* .gnu.linkonce.armextab.*)
                0x00002b60                . = ALIGN (0x4)
 *(.init)
 .init          0x00002b60        0x4 c:/program files (x86)/atmel/studio/7.0/toolchain/arm/arm-gnu-toolchain/bin/../lib/gcc/arm-none-eabi/6.3.1/thumb/v7e-m/crti.o
                0x00002b60                _init
 .init          0x00002b64        0x8 c:/program files (x86)/atmel/studio/7.0/toolchain/arm/arm-gnu-toolchain/bin/../lib/gcc/arm-none-eabi/6.3.1/thumb/v7e-m/crtn.o
                0x00002b6c                . = ALIGN (0x4)
                0x00002b6c                __preinit_array_start = .
 *(.preinit_array)
                0x00002b6c                __preinit_array_end = .
                0x00002b6c                . = ALIGN (0x4)
                0x00002b6c                __init_array_start = .
 *(SORT(.init_array.*))
 *(.init_array)
 .init_array    0x00002b6c        0x4 c:/program files (x86)/atmel/studio/7.0/toolchain/arm/arm-gnu-toolchain/bin/../lib/gcc/arm-none-eabi/6.3.1/thumb/v7e-m/crtbegin.o
                0x00002b70                __init_array_end = .
                0x00002b70                . = ALIGN (0x4)
 *crtbegin.o(.ctors)
 *(EXCLUDE_FILE(*crtend.o) .ctors)
 *(SORT(.ctors.*))
 *crtend.o(.ctors)
                0x00002b70                . = ALIGN (0x4)
 *(.fini)
 .fini          0x00002b70        0x4 c:/program files (x86)/atmel/studio/7.0/toolchain/arm/arm-gnu-toolchain/bin/../lib/gcc/arm-none-eabi/6.3.1/thumb/v7e-m/crti.o
                0x00002b70                _fini
 .fini          0x00002b74        0x8 c:/program files (x86)/atmel/studio/7.0/toolchain/arm/arm-gnu-toolchain/bin/../lib/gcc/arm-none-eabi/6.3.1/thumb/v7e-m/crtn.o
                0x00002b7c                . = ALIGN (0x4)
                0x00002b7c                __fini_array_start = .
 *(.fini_array)
 .fini_array    0x00002b7c        0x4 c:/program files (x86)/atmel/studio/7.0/toolchain/arm/arm-gnu-toolchain/bin/../lib/gcc/arm-none-eabi/6.3.1/thumb/v7e-m/crtbegin.o
 *(SORT(.fini_array.*))
                0x00002b80                __fini_array_end = .
 *crtbegin.o(.dtors)
 *(EXCLUDE_FILE(*crtend.o) .dtors)
 *(SORT(.dtors.*))
 *crtend.o(.dtors)
                0x00002b80                . = ALIGN (0x4)
                0x00002b80                _efixed = .
                [!provide]                PROVIDE (__exidx_start, .)

.vfp11_veneer   0x00002b80        0x0
 .vfp11_veneer  0x00002b80        0x0 linker stubs

.v4_bx          0x00002b80        0x0
 .v4_bx         0x00002b80        0x0 linker stubs

.iplt           0x00002b80        0x0
 .iplt          0x00002b80        0x0 c:/program files (x86)/atmel/studio/7.0/toolchain/arm/arm-gnu-toolchain/bin/../lib/gcc/arm-none-eabi/6.3.1/thumb/v7e-m/crtbegin.o

.eh_frame       0x00002b80        0x0
 .eh_frame      0x00002b80        0x0 c:/program files (x86)/atmel/studio/7.0/toolchain/arm/arm-gnu-toolchain/bin/../lib/gcc/arm-none-eabi/6.3.1/thumb/v7e-m/crtbegin.o

.rel.dyn        0x00002b80        0x0
 .rel.iplt      0x00002b80        0x0 c:/program files (x86)/atmel/studio/7.0/toolchain/arm/arm-gnu-toolchain/bin/../lib/gcc/arm-none-eabi/6.3.1/thumb/v7e-m/crtbegin.o

.jcr            0x00002b80        0x0
 .jcr           0x00002b80        0x0 c:/program files (x86)/atmel/studio/7.0/toolchain/arm/arm-gnu-toolchain/bin/../lib/gcc/arm-none-eabi/6.3.1/thumb/v7e-m/crtbegin.o

.igot.plt       0x00002b80        0x0
 .igot.plt      0x00002b80        0x0 c:/program files (x86)/atmel/studio/7.0/toolchain/arm/arm-gnu-toolchain/bin/../lib/gcc/arm-none-eabi/6.3.1/thumb/v7e-m/crtbegin.o

.ARM.exidx
 *(.ARM.exidx* .gnu.linkonce.armexidx.*)
                [!provide]                PROVIDE (__exidx_end, .)
                0x00002b80                . = ALIGN (0x4)
                0x00002b80                _etext = .

.relocate       0x20000000       0x7c load address 0x00002b80
                0x20000000                . = ALIGN (0x4)
                0x20000000                _srelocate = .
 *(.ramfunc .ramfunc.*)
 *(.data .data.*)
 .data          0x20000000       0x44 hpl/tcc/hpl_tcc.o
 .data          0x20000044       0x38 main.o
                0x2000007c                . = ALIGN (0x4)
                0x2000007c                _erelocate = .

.bkupram        0x47000000        0x0
                0x47000000                . = ALIGN (0x8)
                0x47000000                _sbkupram = .
 *(.bkupram .bkupram.*)
                0x47000000                . = ALIGN (0x8)
                0x47000000                _ebkupram = .

.qspi           0x04000000        0x0
                0x04000000                . = ALIGN (0x8)
                0x04000000                _sqspi = .
 *(.qspi .qspi.*)
                0x04000000                . = ALIGN (0x8)
                0x04000000                _eqspi = .

.bss            0x20000080    0x25e90 load address 0x00002c00
                0x20000080                . = ALIGN (0x4)
                0x20000080                _sbss = .
                0x20000080                _szero = .
 *(.bss .bss.*)
 .bss           0x20000080       0x1c c:/program files (x86)/atmel/studio/7.0/toolchain/arm/arm-gnu-toolchain/bin/../lib/gcc/arm-none-eabi/6.3.1/thumb/v7e-m/crtbegin.o
 .bss           0x2000009c       0x10 driver_init.o
 .bss           0x200000ac        0x4 hal/src/hal_delay.o
 .bss           0x200000b0       0x10 hal/src/hal_ext_irq.o
 .bss           0x200000c0      0x580 hpl/dmac/hpl_dmac.o
 .bss           0x20000640        0x4 hpl/eic/hpl_eic.o
 .bss           0x20000644        0x4 hpl/pcc/hpl_pcc.o
 .bss           0x20000648        0x4 hpl/sercom/hpl_sercom.o
 .bss           0x2000064c        0x4 hpl/tcc/hpl_tcc.o
 .bss           0x20000650    0x25804 main.o
                0x20025e50                flag_frame_captured
 *(COMMON)
 COMMON         0x20025e54       0xa0 driver_init.o
                0x20025e54                PWM_0
                0x20025e70                EDBG_COM
                0x20025ec0                CAMERA_OV7670
                0x20025ed4                PCC_SCCB
 COMMON         0x20025ef4        0x4 hpl/pcc/hpl_pcc.o
                0x20025ef4                resource
 COMMON         0x20025ef8       0x10 hpl/ramecc/hpl_ramecc.o
                0x20025ef8                device
 COMMON         0x20025f08        0x8 main.o
                0x20025f08                flag_teste
                0x20025f0c                PCC_SCCB_io
                0x20025f10                . = ALIGN (0x4)
                0x20025f10                _ebss = .
                0x20025f10                _ezero = .

.stack          0x20025f10    0x10000 load address 0x00028a90
                0x20025f10                . = ALIGN (0x8)
                0x20025f10                _sstack = .
                0x20035f10                . = (. + STACK_SIZE)
 *fill*         0x20025f10    0x10000 
                0x20035f10                . = ALIGN (0x8)
                0x20035f10                _estack = .
                0x20035f10                . = ALIGN (0x4)
                0x20035f10                _end = .
OUTPUT(IVP8000_CAMERA_E54.elf elf32-littlearm)

.ARM.attributes
                0x00000000       0x2e
 .ARM.attributes
                0x00000000       0x1e c:/program files (x86)/atmel/studio/7.0/toolchain/arm/arm-gnu-toolchain/bin/../lib/gcc/arm-none-eabi/6.3.1/thumb/v7e-m/crti.o
 .ARM.attributes
                0x0000001e       0x2e c:/program files (x86)/atmel/studio/7.0/toolchain/arm/arm-gnu-toolchain/bin/../lib/gcc/arm-none-eabi/6.3.1/thumb/v7e-m/crtbegin.o
 .ARM.attributes
                0x0000004c       0x37 atmel_start.o
 .ARM.attributes
                0x00000083       0x37 Device_Startup/startup_same54.o
 .ARM.attributes
                0x000000ba       0x37 driver_init.o
 .ARM.attributes
                0x000000f1       0x37 hal/src/hal_atomic.o
 .ARM.attributes
                0x00000128       0x37 hal/src/hal_camera_async.o
 .ARM.attributes
                0x0000015f       0x37 hal/src/hal_delay.o
 .ARM.attributes
                0x00000196       0x37 hal/src/hal_evsys.o
 .ARM.attributes
                0x000001cd       0x37 hal/src/hal_ext_irq.o
 .ARM.attributes
                0x00000204       0x37 hal/src/hal_i2c_m_sync.o
 .ARM.attributes
                0x0000023b       0x37 hal/src/hal_io.o
 .ARM.attributes
                0x00000272       0x37 hal/src/hal_pwm.o
 .ARM.attributes
                0x000002a9       0x37 hal/src/hal_usart_async.o
 .ARM.attributes
                0x000002e0       0x37 hal/utils/src/utils_assert.o
 .ARM.attributes
                0x00000317       0x37 hal/utils/src/utils_ringbuffer.o
 .ARM.attributes
                0x0000034e       0x37 hpl/core/hpl_core_m4.o
 .ARM.attributes
                0x00000385       0x37 hpl/core/hpl_init.o
 .ARM.attributes
                0x000003bc       0x37 hpl/dmac/hpl_dmac.o
 .ARM.attributes
                0x000003f3       0x37 hpl/eic/hpl_eic.o
 .ARM.attributes
                0x0000042a       0x37 hpl/evsys/hpl_evsys.o
 .ARM.attributes
                0x00000461       0x37 hpl/gclk/hpl_gclk.o
 .ARM.attributes
                0x00000498       0x37 hpl/mclk/hpl_mclk.o
 .ARM.attributes
                0x000004cf       0x37 hpl/osc32kctrl/hpl_osc32kctrl.o
 .ARM.attributes
                0x00000506       0x37 hpl/oscctrl/hpl_oscctrl.o
 .ARM.attributes
                0x0000053d       0x37 hpl/pcc/hpl_pcc.o
 .ARM.attributes
                0x00000574       0x37 hpl/ramecc/hpl_ramecc.o
 .ARM.attributes
                0x000005ab       0x37 hpl/sercom/hpl_sercom.o
 .ARM.attributes
                0x000005e2       0x37 hpl/systick/hpl_systick.o
 .ARM.attributes
                0x00000619       0x37 hpl/tcc/hpl_tcc.o
 .ARM.attributes
                0x00000650       0x37 main.o
 .ARM.attributes
                0x00000687       0x2e c:/program files (x86)/atmel/studio/7.0/toolchain/arm/arm-gnu-toolchain/bin/../lib/gcc/arm-none-eabi/6.3.1/../../../../arm-none-eabi/lib/thumb/v7e-m\libc_nano.a(lib_a-init.o)
 .ARM.attributes
                0x000006b5       0x2e c:/program files (x86)/atmel/studio/7.0/toolchain/arm/arm-gnu-toolchain/bin/../lib/gcc/arm-none-eabi/6.3.1/../../../../arm-none-eabi/lib/thumb/v7e-m\libc_nano.a(lib_a-memset.o)
 .ARM.attributes
                0x000006e3       0x1e c:/program files (x86)/atmel/studio/7.0/toolchain/arm/arm-gnu-toolchain/bin/../lib/gcc/arm-none-eabi/6.3.1/thumb/v7e-m/crtn.o

.comment        0x00000000       0x59
 .comment       0x00000000       0x59 atmel_start.o
                                 0x5a (size before relaxing)
 .comment       0x00000059       0x5a Device_Startup/startup_same54.o
 .comment       0x00000059       0x5a driver_init.o
 .comment       0x00000059       0x5a hal/src/hal_atomic.o
 .comment       0x00000059       0x5a hal/src/hal_camera_async.o
 .comment       0x00000059       0x5a hal/src/hal_delay.o
 .comment       0x00000059       0x5a hal/src/hal_evsys.o
 .comment       0x00000059       0x5a hal/src/hal_ext_irq.o
 .comment       0x00000059       0x5a hal/src/hal_i2c_m_sync.o
 .comment       0x00000059       0x5a hal/src/hal_io.o
 .comment       0x00000059       0x5a hal/src/hal_pwm.o
 .comment       0x00000059       0x5a hal/src/hal_usart_async.o
 .comment       0x00000059       0x5a hal/utils/src/utils_assert.o
 .comment       0x00000059       0x5a hal/utils/src/utils_ringbuffer.o
 .comment       0x00000059       0x5a hpl/core/hpl_core_m4.o
 .comment       0x00000059       0x5a hpl/core/hpl_init.o
 .comment       0x00000059       0x5a hpl/dmac/hpl_dmac.o
 .comment       0x00000059       0x5a hpl/eic/hpl_eic.o
 .comment       0x00000059       0x5a hpl/evsys/hpl_evsys.o
 .comment       0x00000059       0x5a hpl/gclk/hpl_gclk.o
 .comment       0x00000059       0x5a hpl/mclk/hpl_mclk.o
 .comment       0x00000059       0x5a hpl/osc32kctrl/hpl_osc32kctrl.o
 .comment       0x00000059       0x5a hpl/oscctrl/hpl_oscctrl.o
 .comment       0x00000059       0x5a hpl/pcc/hpl_pcc.o
 .comment       0x00000059       0x5a hpl/ramecc/hpl_ramecc.o
 .comment       0x00000059       0x5a hpl/sercom/hpl_sercom.o
 .comment       0x00000059       0x5a hpl/systick/hpl_systick.o
 .comment       0x00000059       0x5a hpl/tcc/hpl_tcc.o
 .comment       0x00000059       0x5a main.o

.debug_info     0x00000000    0x2af8c
 .debug_info    0x00000000      0x6b5 atmel_start.o
 .debug_info    0x000006b5      0xd7d Device_Startup/startup_same54.o
 .debug_info    0x00001432     0x8349 driver_init.o
 .debug_info    0x0000977b      0x1fa hal/src/hal_atomic.o
 .debug_info    0x00009975      0x2b6 hal/src/hal_camera_async.o
 .debug_info    0x00009c2b      0x205 hal/src/hal_delay.o
 .debug_info    0x00009e30      0x2af hal/src/hal_evsys.o
 .debug_info    0x0000a0df      0x38a hal/src/hal_ext_irq.o
 .debug_info    0x0000a469      0x89f hal/src/hal_i2c_m_sync.o
 .debug_info    0x0000ad08      0x2c5 hal/src/hal_io.o
 .debug_info    0x0000afcd      0x7f2 hal/src/hal_pwm.o
 .debug_info    0x0000b7bf     0x1347 hal/src/hal_usart_async.o
 .debug_info    0x0000cb06      0x130 hal/utils/src/utils_assert.o
 .debug_info    0x0000cc36      0x31c hal/utils/src/utils_ringbuffer.o
 .debug_info    0x0000cf52      0xc21 hpl/core/hpl_core_m4.o
 .debug_info    0x0000db73     0x14fa hpl/core/hpl_init.o
 .debug_info    0x0000f06d     0x2f25 hpl/dmac/hpl_dmac.o
 .debug_info    0x00011f92     0x20ca hpl/eic/hpl_eic.o
 .debug_info    0x0001405c     0x1089 hpl/evsys/hpl_evsys.o
 .debug_info    0x000150e5      0x7d3 hpl/gclk/hpl_gclk.o
 .debug_info    0x000158b8      0xa55 hpl/mclk/hpl_mclk.o
 .debug_info    0x0001630d      0x714 hpl/osc32kctrl/hpl_osc32kctrl.o
 .debug_info    0x00016a21     0x18d0 hpl/oscctrl/hpl_oscctrl.o
 .debug_info    0x000182f1      0xa05 hpl/pcc/hpl_pcc.o
 .debug_info    0x00018cf6      0xc15 hpl/ramecc/hpl_ramecc.o
 .debug_info    0x0001990b     0xc01b hpl/sercom/hpl_sercom.o
 .debug_info    0x00025926      0x289 hpl/systick/hpl_systick.o
 .debug_info    0x00025baf     0x3a36 hpl/tcc/hpl_tcc.o
 .debug_info    0x000295e5     0x19a7 main.o

.debug_abbrev   0x00000000     0x419d
 .debug_abbrev  0x00000000      0x109 atmel_start.o
 .debug_abbrev  0x00000109      0x171 Device_Startup/startup_same54.o
 .debug_abbrev  0x0000027a      0x391 driver_init.o
 .debug_abbrev  0x0000060b      0x155 hal/src/hal_atomic.o
 .debug_abbrev  0x00000760      0x159 hal/src/hal_camera_async.o
 .debug_abbrev  0x000008b9       0xf9 hal/src/hal_delay.o
 .debug_abbrev  0x000009b2       0xe5 hal/src/hal_evsys.o
 .debug_abbrev  0x00000a97      0x191 hal/src/hal_ext_irq.o
 .debug_abbrev  0x00000c28      0x1b7 hal/src/hal_i2c_m_sync.o
 .debug_abbrev  0x00000ddf      0x12d hal/src/hal_io.o
 .debug_abbrev  0x00000f0c      0x198 hal/src/hal_pwm.o
 .debug_abbrev  0x000010a4      0x2a1 hal/src/hal_usart_async.o
 .debug_abbrev  0x00001345       0x9e hal/utils/src/utils_assert.o
 .debug_abbrev  0x000013e3      0x10c hal/utils/src/utils_ringbuffer.o
 .debug_abbrev  0x000014ef      0x29d hpl/core/hpl_core_m4.o
 .debug_abbrev  0x0000178c      0x1df hpl/core/hpl_init.o
 .debug_abbrev  0x0000196b      0x39f hpl/dmac/hpl_dmac.o
 .debug_abbrev  0x00001d0a      0x43b hpl/eic/hpl_eic.o
 .debug_abbrev  0x00002145      0x288 hpl/evsys/hpl_evsys.o
 .debug_abbrev  0x000023cd      0x1c9 hpl/gclk/hpl_gclk.o
 .debug_abbrev  0x00002596      0x1bd hpl/mclk/hpl_mclk.o
 .debug_abbrev  0x00002753      0x1fc hpl/osc32kctrl/hpl_osc32kctrl.o
 .debug_abbrev  0x0000294f      0x249 hpl/oscctrl/hpl_oscctrl.o
 .debug_abbrev  0x00002b98      0x2b0 hpl/pcc/hpl_pcc.o
 .debug_abbrev  0x00002e48      0x2c8 hpl/ramecc/hpl_ramecc.o
 .debug_abbrev  0x00003110      0x5e8 hpl/sercom/hpl_sercom.o
 .debug_abbrev  0x000036f8      0x174 hpl/systick/hpl_systick.o
 .debug_abbrev  0x0000386c      0x559 hpl/tcc/hpl_tcc.o
 .debug_abbrev  0x00003dc5      0x3d8 main.o

.debug_loc      0x00000000     0xee84
 .debug_loc     0x00000000       0x20 atmel_start.o
 .debug_loc     0x00000020       0x78 Device_Startup/startup_same54.o
 .debug_loc     0x00000098     0x170d driver_init.o
 .debug_loc     0x000017a5       0x13 hal/src/hal_atomic.o
 .debug_loc     0x000017b8      0x116 hal/src/hal_camera_async.o
 .debug_loc     0x000018ce       0xc3 hal/src/hal_delay.o
 .debug_loc     0x00001991      0x1c8 hal/src/hal_evsys.o
 .debug_loc     0x00001b59      0x361 hal/src/hal_ext_irq.o
 .debug_loc     0x00001eba      0x764 hal/src/hal_i2c_m_sync.o
 .debug_loc     0x0000261e      0x17e hal/src/hal_io.o
 .debug_loc     0x0000279c      0x3c2 hal/src/hal_pwm.o
 .debug_loc     0x00002b5e      0xe81 hal/src/hal_usart_async.o
 .debug_loc     0x000039df      0x2d0 hal/utils/src/utils_ringbuffer.o
 .debug_loc     0x00003caf      0x263 hpl/core/hpl_core_m4.o
 .debug_loc     0x00003f12       0x64 hpl/core/hpl_init.o
 .debug_loc     0x00003f76      0xa36 hpl/dmac/hpl_dmac.o
 .debug_loc     0x000049ac      0x78d hpl/eic/hpl_eic.o
 .debug_loc     0x00005139      0x39d hpl/evsys/hpl_evsys.o
 .debug_loc     0x000054d6      0x31e hpl/gclk/hpl_gclk.o
 .debug_loc     0x000057f4       0x2c hpl/mclk/hpl_mclk.o
 .debug_loc     0x00005820       0x95 hpl/osc32kctrl/hpl_osc32kctrl.o
 .debug_loc     0x000058b5      0x351 hpl/oscctrl/hpl_oscctrl.o
 .debug_loc     0x00005c06      0x2a9 hpl/pcc/hpl_pcc.o
 .debug_loc     0x00005eaf      0x130 hpl/ramecc/hpl_ramecc.o
 .debug_loc     0x00005fdf     0x7d73 hpl/sercom/hpl_sercom.o
 .debug_loc     0x0000dd52      0x127 hpl/systick/hpl_systick.o
 .debug_loc     0x0000de79      0xca3 hpl/tcc/hpl_tcc.o
 .debug_loc     0x0000eb1c      0x368 main.o

.debug_aranges  0x00000000      0xd60
 .debug_aranges
                0x00000000       0x20 atmel_start.o
 .debug_aranges
                0x00000020       0x28 Device_Startup/startup_same54.o
 .debug_aranges
                0x00000048       0x98 driver_init.o
 .debug_aranges
                0x000000e0       0x30 hal/src/hal_atomic.o
 .debug_aranges
                0x00000110       0x28 hal/src/hal_camera_async.o
 .debug_aranges
                0x00000138       0x38 hal/src/hal_delay.o
 .debug_aranges
                0x00000170       0x50 hal/src/hal_evsys.o
 .debug_aranges
                0x000001c0       0x50 hal/src/hal_ext_irq.o
 .debug_aranges
                0x00000210       0x88 hal/src/hal_i2c_m_sync.o
 .debug_aranges
                0x00000298       0x30 hal/src/hal_io.o
 .debug_aranges
                0x000002c8       0x60 hal/src/hal_pwm.o
 .debug_aranges
                0x00000328       0xe0 hal/src/hal_usart_async.o
 .debug_aranges
                0x00000408       0x20 hal/utils/src/utils_assert.o
 .debug_aranges
                0x00000428       0x40 hal/utils/src/utils_ringbuffer.o
 .debug_aranges
                0x00000468       0x70 hpl/core/hpl_core_m4.o
 .debug_aranges
                0x000004d8       0x20 hpl/core/hpl_init.o
 .debug_aranges
                0x000004f8       0x88 hpl/dmac/hpl_dmac.o
 .debug_aranges
                0x00000580       0x48 hpl/eic/hpl_eic.o
 .debug_aranges
                0x000005c8       0x38 hpl/evsys/hpl_evsys.o
 .debug_aranges
                0x00000600       0x28 hpl/gclk/hpl_gclk.o
 .debug_aranges
                0x00000628       0x20 hpl/mclk/hpl_mclk.o
 .debug_aranges
                0x00000648       0x20 hpl/osc32kctrl/hpl_osc32kctrl.o
 .debug_aranges
                0x00000668       0x28 hpl/oscctrl/hpl_oscctrl.o
 .debug_aranges
                0x00000690       0x50 hpl/pcc/hpl_pcc.o
 .debug_aranges
                0x000006e0       0x30 hpl/ramecc/hpl_ramecc.o
 .debug_aranges
                0x00000710      0x538 hpl/sercom/hpl_sercom.o
 .debug_aranges
                0x00000c48       0x48 hpl/systick/hpl_systick.o
 .debug_aranges
                0x00000c90       0x98 hpl/tcc/hpl_tcc.o
 .debug_aranges
                0x00000d28       0x38 main.o

.debug_ranges   0x00000000      0xdd0
 .debug_ranges  0x00000000       0x10 atmel_start.o
 .debug_ranges  0x00000010       0x18 Device_Startup/startup_same54.o
 .debug_ranges  0x00000028       0x88 driver_init.o
 .debug_ranges  0x000000b0       0x20 hal/src/hal_atomic.o
 .debug_ranges  0x000000d0       0x18 hal/src/hal_camera_async.o
 .debug_ranges  0x000000e8       0x28 hal/src/hal_delay.o
 .debug_ranges  0x00000110       0x40 hal/src/hal_evsys.o
 .debug_ranges  0x00000150       0x40 hal/src/hal_ext_irq.o
 .debug_ranges  0x00000190       0x78 hal/src/hal_i2c_m_sync.o
 .debug_ranges  0x00000208       0x20 hal/src/hal_io.o
 .debug_ranges  0x00000228       0x50 hal/src/hal_pwm.o
 .debug_ranges  0x00000278       0xd0 hal/src/hal_usart_async.o
 .debug_ranges  0x00000348       0x10 hal/utils/src/utils_assert.o
 .debug_ranges  0x00000358       0x30 hal/utils/src/utils_ringbuffer.o
 .debug_ranges  0x00000388       0x60 hpl/core/hpl_core_m4.o
 .debug_ranges  0x000003e8       0x10 hpl/core/hpl_init.o
 .debug_ranges  0x000003f8       0xd8 hpl/dmac/hpl_dmac.o
 .debug_ranges  0x000004d0       0x50 hpl/eic/hpl_eic.o
 .debug_ranges  0x00000520       0x28 hpl/evsys/hpl_evsys.o
 .debug_ranges  0x00000548       0x18 hpl/gclk/hpl_gclk.o
 .debug_ranges  0x00000560       0x10 hpl/mclk/hpl_mclk.o
 .debug_ranges  0x00000570       0x10 hpl/osc32kctrl/hpl_osc32kctrl.o
 .debug_ranges  0x00000580       0x18 hpl/oscctrl/hpl_oscctrl.o
 .debug_ranges  0x00000598       0x40 hpl/pcc/hpl_pcc.o
 .debug_ranges  0x000005d8       0x38 hpl/ramecc/hpl_ramecc.o
 .debug_ranges  0x00000610      0x6c0 hpl/sercom/hpl_sercom.o
 .debug_ranges  0x00000cd0       0x38 hpl/systick/hpl_systick.o
 .debug_ranges  0x00000d08       0xa0 hpl/tcc/hpl_tcc.o
 .debug_ranges  0x00000da8       0x28 main.o

.debug_macro    0x00000000    0x3789e
 .debug_macro   0x00000000      0x818 atmel_start.o
 .debug_macro   0x00000818      0x8b0 atmel_start.o
 .debug_macro   0x000010c8      0x16d atmel_start.o
 .debug_macro   0x00001235       0x22 atmel_start.o
 .debug_macro   0x00001257       0x87 atmel_start.o
 .debug_macro   0x000012de       0x51 atmel_start.o
 .debug_macro   0x0000132f       0xef atmel_start.o
 .debug_macro   0x0000141e       0x6a atmel_start.o
 .debug_macro   0x00001488      0x1df atmel_start.o
 .debug_macro   0x00001667       0x22 atmel_start.o
 .debug_macro   0x00001689       0x54 atmel_start.o
 .debug_macro   0x000016dd       0x1c atmel_start.o
 .debug_macro   0x000016f9       0x22 atmel_start.o
 .debug_macro   0x0000171b       0xdf atmel_start.o
 .debug_macro   0x000017fa     0x102d atmel_start.o
 .debug_macro   0x00002827      0x11f atmel_start.o
 .debug_macro   0x00002946      0x706 atmel_start.o
 .debug_macro   0x0000304c      0xb5b atmel_start.o
 .debug_macro   0x00003ba7      0x3c0 atmel_start.o
 .debug_macro   0x00003f67     0x2d61 atmel_start.o
 .debug_macro   0x00006cc8      0x336 atmel_start.o
 .debug_macro   0x00006ffe      0x3b7 atmel_start.o
 .debug_macro   0x000073b5      0x668 atmel_start.o
 .debug_macro   0x00007a1d     0x143f atmel_start.o
 .debug_macro   0x00008e5c      0x651 atmel_start.o
 .debug_macro   0x000094ad      0x67b atmel_start.o
 .debug_macro   0x00009b28      0x6d7 atmel_start.o
 .debug_macro   0x0000a1ff      0x172 atmel_start.o
 .debug_macro   0x0000a371      0x395 atmel_start.o
 .debug_macro   0x0000a706     0x19dd atmel_start.o
 .debug_macro   0x0000c0e3       0x3a atmel_start.o
 .debug_macro   0x0000c11d      0x72a atmel_start.o
 .debug_macro   0x0000c847      0xb12 atmel_start.o
 .debug_macro   0x0000d359      0x5d7 atmel_start.o
 .debug_macro   0x0000d930      0xbc0 atmel_start.o
 .debug_macro   0x0000e4f0      0x9b9 atmel_start.o
 .debug_macro   0x0000eea9      0x2a3 atmel_start.o
 .debug_macro   0x0000f14c      0x8cb atmel_start.o
 .debug_macro   0x0000fa17      0x1ea atmel_start.o
 .debug_macro   0x0000fc01      0x8f4 atmel_start.o
 .debug_macro   0x000104f5      0x216 atmel_start.o
 .debug_macro   0x0001070b      0x3f9 atmel_start.o
 .debug_macro   0x00010b04      0x620 atmel_start.o
 .debug_macro   0x00011124      0x10d atmel_start.o
 .debug_macro   0x00011231       0xb8 atmel_start.o
 .debug_macro   0x000112e9     0x1df7 atmel_start.o
 .debug_macro   0x000130e0     0x2e69 atmel_start.o
 .debug_macro   0x00015f49     0x11ed atmel_start.o
 .debug_macro   0x00017136      0x50e atmel_start.o
 .debug_macro   0x00017644      0x930 atmel_start.o
 .debug_macro   0x00017f74     0x1ad8 atmel_start.o
 .debug_macro   0x00019a4c       0xe7 atmel_start.o
 .debug_macro   0x00019b33     0x13e6 atmel_start.o
 .debug_macro   0x0001af19      0x36a atmel_start.o
 .debug_macro   0x0001b283       0x94 atmel_start.o
 .debug_macro   0x0001b317       0xdc atmel_start.o
 .debug_macro   0x0001b3f3       0xe2 atmel_start.o
 .debug_macro   0x0001b4d5       0xdc atmel_start.o
 .debug_macro   0x0001b5b1      0x149 atmel_start.o
 .debug_macro   0x0001b6fa      0x149 atmel_start.o
 .debug_macro   0x0001b843       0x46 atmel_start.o
 .debug_macro   0x0001b889       0x4c atmel_start.o
 .debug_macro   0x0001b8d5       0xc4 atmel_start.o
 .debug_macro   0x0001b999      0x7d5 atmel_start.o
 .debug_macro   0x0001c16e       0xb8 atmel_start.o
 .debug_macro   0x0001c226       0x7c atmel_start.o
 .debug_macro   0x0001c2a2      0xc20 atmel_start.o
 .debug_macro   0x0001cec2       0x46 atmel_start.o
 .debug_macro   0x0001cf08      0x25b atmel_start.o
 .debug_macro   0x0001d163      0x31a atmel_start.o
 .debug_macro   0x0001d47d      0x170 atmel_start.o
 .debug_macro   0x0001d5ed       0x7c atmel_start.o
 .debug_macro   0x0001d669       0xbe atmel_start.o
 .debug_macro   0x0001d727       0x4c atmel_start.o
 .debug_macro   0x0001d773       0x82 atmel_start.o
 .debug_macro   0x0001d7f5      0x1a3 atmel_start.o
 .debug_macro   0x0001d998       0x46 atmel_start.o
 .debug_macro   0x0001d9de       0x6a atmel_start.o
 .debug_macro   0x0001da48       0x46 atmel_start.o
 .debug_macro   0x0001da8e       0x88 atmel_start.o
 .debug_macro   0x0001db16       0x46 atmel_start.o
 .debug_macro   0x0001db5c      0x24e atmel_start.o
 .debug_macro   0x0001ddaa       0x1c atmel_start.o
 .debug_macro   0x0001ddc6       0x76 atmel_start.o
 .debug_macro   0x0001de3c       0x3a atmel_start.o
 .debug_macro   0x0001de76       0x2e atmel_start.o
 .debug_macro   0x0001dea4      0x196 atmel_start.o
 .debug_macro   0x0001e03a      0x16f atmel_start.o
 .debug_macro   0x0001e1a9      0x16f atmel_start.o
 .debug_macro   0x0001e318      0x25d atmel_start.o
 .debug_macro   0x0001e575      0x25d atmel_start.o
 .debug_macro   0x0001e7d2      0x25d atmel_start.o
 .debug_macro   0x0001ea2f      0x25d atmel_start.o
 .debug_macro   0x0001ec8c      0x25d atmel_start.o
 .debug_macro   0x0001eee9      0x25d atmel_start.o
 .debug_macro   0x0001f146      0x25d atmel_start.o
 .debug_macro   0x0001f3a3      0x25d atmel_start.o
 .debug_macro   0x0001f600       0x52 atmel_start.o
 .debug_macro   0x0001f652       0xfa atmel_start.o
 .debug_macro   0x0001f74c       0xfa atmel_start.o
 .debug_macro   0x0001f846       0xfa atmel_start.o
 .debug_macro   0x0001f940       0xfa atmel_start.o
 .debug_macro   0x0001fa3a       0xfa atmel_start.o
 .debug_macro   0x0001fb34       0xfa atmel_start.o
 .debug_macro   0x0001fc2e       0xfa atmel_start.o
 .debug_macro   0x0001fd28       0xfa atmel_start.o
 .debug_macro   0x0001fe22      0x148 atmel_start.o
 .debug_macro   0x0001ff6a      0x124 atmel_start.o
 .debug_macro   0x0002008e      0x106 atmel_start.o
 .debug_macro   0x00020194       0xee atmel_start.o
 .debug_macro   0x00020282       0xee atmel_start.o
 .debug_macro   0x00020370       0x2e atmel_start.o
 .debug_macro   0x0002039e      0x46a atmel_start.o
 .debug_macro   0x00020808       0x3a atmel_start.o
 .debug_macro   0x00020842      0x59f atmel_start.o
 .debug_macro   0x00020de1     0x4ff3 atmel_start.o
 .debug_macro   0x00025dd4       0xcf atmel_start.o
 .debug_macro   0x00025ea3       0x10 atmel_start.o
 .debug_macro   0x00025eb3       0x10 atmel_start.o
 .debug_macro   0x00025ec3       0x16 atmel_start.o
 .debug_macro   0x00025ed9       0x16 atmel_start.o
 .debug_macro   0x00025eef       0x16 atmel_start.o
 .debug_macro   0x00025f05       0x16 atmel_start.o
 .debug_macro   0x00025f1b       0x16 atmel_start.o
 .debug_macro   0x00025f31       0x16 atmel_start.o
 .debug_macro   0x00025f47       0x40 atmel_start.o
 .debug_macro   0x00025f87       0x16 atmel_start.o
 .debug_macro   0x00025f9d       0x16 atmel_start.o
 .debug_macro   0x00025fb3       0x16 atmel_start.o
 .debug_macro   0x00025fc9       0x16 atmel_start.o
 .debug_macro   0x00025fdf       0x16 atmel_start.o
 .debug_macro   0x00025ff5       0x16 atmel_start.o
 .debug_macro   0x0002600b       0x16 atmel_start.o
 .debug_macro   0x00026021       0x16 atmel_start.o
 .debug_macro   0x00026037       0x16 atmel_start.o
 .debug_macro   0x0002604d       0x16 atmel_start.o
 .debug_macro   0x00026063       0x16 atmel_start.o
 .debug_macro   0x00026079       0x16 atmel_start.o
 .debug_macro   0x0002608f       0x16 atmel_start.o
 .debug_macro   0x000260a5       0x16 atmel_start.o
 .debug_macro   0x000260bb       0x16 atmel_start.o
 .debug_macro   0x000260d1       0x16 atmel_start.o
 .debug_macro   0x000260e7       0x16 atmel_start.o
 .debug_macro   0x000260fd       0x16 atmel_start.o
 .debug_macro   0x00026113       0x16 atmel_start.o
 .debug_macro   0x00026129       0x16 atmel_start.o
 .debug_macro   0x0002613f       0x16 atmel_start.o
 .debug_macro   0x00026155      0xe5c atmel_start.o
 .debug_macro   0x00026fb1      0x9b6 atmel_start.o
 .debug_macro   0x00027967       0x94 atmel_start.o
 .debug_macro   0x000279fb       0x16 atmel_start.o
 .debug_macro   0x00027a11       0xbe atmel_start.o
 .debug_macro   0x00027acf      0x28c atmel_start.o
 .debug_macro   0x00027d5b       0x16 atmel_start.o
 .debug_macro   0x00027d71      0x4d8 atmel_start.o
 .debug_macro   0x00028249       0x16 atmel_start.o
 .debug_macro   0x0002825f       0xca atmel_start.o
 .debug_macro   0x00028329       0x1c atmel_start.o
 .debug_macro   0x00028345       0x16 atmel_start.o
 .debug_macro   0x0002835b      0x185 atmel_start.o
 .debug_macro   0x000284e0       0xd0 atmel_start.o
 .debug_macro   0x000285b0       0xc9 atmel_start.o
 .debug_macro   0x00028679       0x70 atmel_start.o
 .debug_macro   0x000286e9      0x4b2 Device_Startup/startup_same54.o
 .debug_macro   0x00028b9b       0x4e Device_Startup/startup_same54.o
 .debug_macro   0x00028be9      0x81c driver_init.o
 .debug_macro   0x00029405      0x107 driver_init.o
 .debug_macro   0x0002950c      0x686 hal/src/hal_atomic.o
 .debug_macro   0x00029b92      0x6bb hal/src/hal_camera_async.o
 .debug_macro   0x0002a24d      0x6bd hal/src/hal_delay.o
 .debug_macro   0x0002a90a      0x69c hal/src/hal_evsys.o
 .debug_macro   0x0002afa6      0x6a2 hal/src/hal_ext_irq.o
 .debug_macro   0x0002b648      0x6c6 hal/src/hal_i2c_m_sync.o
 .debug_macro   0x0002bd0e       0x6a hal/src/hal_i2c_m_sync.o
 .debug_macro   0x0002bd78      0x69b hal/src/hal_io.o
 .debug_macro   0x0002c413      0x6bb hal/src/hal_pwm.o
 .debug_macro   0x0002cace      0x6ea hal/src/hal_usart_async.o
 .debug_macro   0x0002d1b8      0x690 hal/utils/src/utils_assert.o
 .debug_macro   0x0002d848       0x10 hal/utils/src/utils_assert.o
 .debug_macro   0x0002d858      0x695 hal/utils/src/utils_ringbuffer.o
 .debug_macro   0x0002deed      0x6c5 hpl/core/hpl_core_m4.o
 .debug_macro   0x0002e5b2      0x729 hpl/core/hpl_init.o
 .debug_macro   0x0002ecdb       0x2e hpl/core/hpl_init.o
 .debug_macro   0x0002ed09      0xd7b hpl/core/hpl_init.o
 .debug_macro   0x0002fa84      0x6cf hpl/dmac/hpl_dmac.o
 .debug_macro   0x00030153      0x6cc hpl/dmac/hpl_dmac.o
 .debug_macro   0x0003081f      0x6ba hpl/dmac/hpl_dmac.o
 .debug_macro   0x00030ed9      0x77b hpl/eic/hpl_eic.o
 .debug_macro   0x00031654      0x2e9 hpl/eic/hpl_eic.o
 .debug_macro   0x0003193d      0x72d hpl/evsys/hpl_evsys.o
 .debug_macro   0x0003206a      0x8dc hpl/evsys/hpl_evsys.o
 .debug_macro   0x00032946      0x69f hpl/gclk/hpl_gclk.o
 .debug_macro   0x00032fe5      0x2f0 hpl/gclk/hpl_gclk.o
 .debug_macro   0x000332d5      0x69a hpl/mclk/hpl_mclk.o
 .debug_macro   0x0003396f      0x695 hpl/osc32kctrl/hpl_osc32kctrl.o
 .debug_macro   0x00034004       0x80 hpl/osc32kctrl/hpl_osc32kctrl.o
 .debug_macro   0x00034084      0x69f hpl/oscctrl/hpl_oscctrl.o
 .debug_macro   0x00034723      0x216 hpl/oscctrl/hpl_oscctrl.o
 .debug_macro   0x00034939      0x6c9 hpl/pcc/hpl_pcc.o
 .debug_macro   0x00035002      0x6b0 hpl/ramecc/hpl_ramecc.o
 .debug_macro   0x000356b2      0x8e2 hpl/sercom/hpl_sercom.o
 .debug_macro   0x00035f94      0x14d hpl/sercom/hpl_sercom.o
 .debug_macro   0x000360e1       0x10 hpl/sercom/hpl_sercom.o
 .debug_macro   0x000360f1       0x1c hpl/sercom/hpl_sercom.o
 .debug_macro   0x0003610d       0x22 hpl/sercom/hpl_sercom.o
 .debug_macro   0x0003612f       0x10 hpl/sercom/hpl_sercom.o
 .debug_macro   0x0003613f      0x695 hpl/systick/hpl_systick.o
 .debug_macro   0x000367d4       0x10 hpl/systick/hpl_systick.o
 .debug_macro   0x000367e4      0x6f6 hpl/tcc/hpl_tcc.o
 .debug_macro   0x00036eda      0x17e hpl/tcc/hpl_tcc.o
 .debug_macro   0x00037058      0x846 main.o

.debug_line     0x00000000    0x195ef
 .debug_line    0x00000000      0xde9 atmel_start.o
 .debug_line    0x00000de9      0x8a0 Device_Startup/startup_same54.o
 .debug_line    0x00001689     0x10a2 driver_init.o
 .debug_line    0x0000272b      0xbe9 hal/src/hal_atomic.o
 .debug_line    0x00003314      0xc2f hal/src/hal_camera_async.o
 .debug_line    0x00003f43      0xc1d hal/src/hal_delay.o
 .debug_line    0x00004b60      0xc2a hal/src/hal_evsys.o
 .debug_line    0x0000578a      0xc98 hal/src/hal_ext_irq.o
 .debug_line    0x00006422      0xd10 hal/src/hal_i2c_m_sync.o
 .debug_line    0x00007132      0xc0d hal/src/hal_io.o
 .debug_line    0x00007d3f      0xcad hal/src/hal_pwm.o
 .debug_line    0x000089ec      0xec6 hal/src/hal_usart_async.o
 .debug_line    0x000098b2      0xbbe hal/utils/src/utils_assert.o
 .debug_line    0x0000a470      0xc5e hal/utils/src/utils_ringbuffer.o
 .debug_line    0x0000b0ce      0xd16 hpl/core/hpl_core_m4.o
 .debug_line    0x0000bde4      0xcda hpl/core/hpl_init.o
 .debug_line    0x0000cabe      0xeed hpl/dmac/hpl_dmac.o
 .debug_line    0x0000d9ab      0xe10 hpl/eic/hpl_eic.o
 .debug_line    0x0000e7bb      0xcce hpl/evsys/hpl_evsys.o
 .debug_line    0x0000f489      0xc53 hpl/gclk/hpl_gclk.o
 .debug_line    0x000100dc      0xbe1 hpl/mclk/hpl_mclk.o
 .debug_line    0x00010cbd      0xbf6 hpl/osc32kctrl/hpl_osc32kctrl.o
 .debug_line    0x000118b3      0xc8d hpl/oscctrl/hpl_oscctrl.o
 .debug_line    0x00012540      0xca9 hpl/pcc/hpl_pcc.o
 .debug_line    0x000131e9      0xc84 hpl/ramecc/hpl_ramecc.o
 .debug_line    0x00013e6d     0x2cd1 hpl/sercom/hpl_sercom.o
 .debug_line    0x00016b3e      0xc47 hpl/systick/hpl_systick.o
 .debug_line    0x00017785      0xf61 hpl/tcc/hpl_tcc.o
 .debug_line    0x000186e6      0xf09 main.o

.debug_str      0x00000000   0x123f9f
 .debug_str     0x00000000   0x1080b2 atmel_start.o
                             0x108654 (size before relaxing)
 .debug_str     0x001080b2      0xbfb Device_Startup/startup_same54.o
                              0xf0d2c (size before relaxing)
 .debug_str     0x00108cad     0x1fc4 driver_init.o
                             0x10a749 (size before relaxing)
 .debug_str     0x0010ac71       0x9c hal/src/hal_atomic.o
                             0x1066df (size before relaxing)
 .debug_str     0x0010ad0d       0x52 hal/src/hal_camera_async.o
                             0x106cc5 (size before relaxing)
 .debug_str     0x0010ad5f       0x9b hal/src/hal_delay.o
                             0x106749 (size before relaxing)
 .debug_str     0x0010adfa       0xd2 hal/src/hal_evsys.o
                             0x1067b5 (size before relaxing)
 .debug_str     0x0010aecc       0xcc hal/src/hal_ext_irq.o
                             0x106792 (size before relaxing)
 .debug_str     0x0010af98      0x169 hal/src/hal_i2c_m_sync.o
                             0x106fd0 (size before relaxing)
 .debug_str     0x0010b101       0x3d hal/src/hal_io.o
                             0x10677a (size before relaxing)
 .debug_str     0x0010b13e      0x185 hal/src/hal_pwm.o
                             0x106e6a (size before relaxing)
 .debug_str     0x0010b2c3      0x691 hal/src/hal_usart_async.o
                             0x1075e4 (size before relaxing)
 .debug_str     0x0010b954       0x2a hal/utils/src/utils_assert.o
                             0x1066ef (size before relaxing)
 .debug_str     0x0010b97e       0x24 hal/utils/src/utils_ringbuffer.o
                             0x106783 (size before relaxing)
 .debug_str     0x0010b9a2      0x86b hpl/core/hpl_core_m4.o
                             0x107c72 (size before relaxing)
 .debug_str     0x0010c20d     0x3132 hpl/core/hpl_init.o
                             0x10b2e0 (size before relaxing)
 .debug_str     0x0010f33f     0x6966 hpl/dmac/hpl_dmac.o
                             0x1109a0 (size before relaxing)
 .debug_str     0x00115ca5     0x3d17 hpl/eic/hpl_eic.o
                             0x10b1e5 (size before relaxing)
 .debug_str     0x001199bc     0x266e hpl/evsys/hpl_evsys.o
                             0x10e53d (size before relaxing)
 .debug_str     0x0011c02a      0xbf4 hpl/gclk/hpl_gclk.o
                             0x10741a (size before relaxing)
 .debug_str     0x0011cc1e       0x47 hpl/mclk/hpl_mclk.o
                             0x1071b7 (size before relaxing)
 .debug_str     0x0011cc65      0x45f hpl/osc32kctrl/hpl_osc32kctrl.o
                             0x106b47 (size before relaxing)
 .debug_str     0x0011d0c4      0xbef hpl/oscctrl/hpl_oscctrl.o
                             0x107fcd (size before relaxing)
 .debug_str     0x0011dcb3      0x1e5 hpl/pcc/hpl_pcc.o
                             0x10700d (size before relaxing)
 .debug_str     0x0011de98      0x254 hpl/ramecc/hpl_ramecc.o
                             0x107625 (size before relaxing)
 .debug_str     0x0011e0ec     0x4bc0 hpl/sercom/hpl_sercom.o
                             0x10d72d (size before relaxing)
 .debug_str     0x00122cac       0xcd hpl/systick/hpl_systick.o
                             0x106737 (size before relaxing)
 .debug_str     0x00122d79     0x101f hpl/tcc/hpl_tcc.o
                             0x109402 (size before relaxing)
 .debug_str     0x00123d98      0x207 main.o
                             0x108c94 (size before relaxing)

.debug_frame    0x00000000     0x2140
 .debug_frame   0x00000000       0x28 atmel_start.o
 .debug_frame   0x00000028       0x38 Device_Startup/startup_same54.o
 .debug_frame   0x00000060      0x158 driver_init.o
 .debug_frame   0x000001b8       0x40 hal/src/hal_atomic.o
 .debug_frame   0x000001f8       0x44 hal/src/hal_camera_async.o
 .debug_frame   0x0000023c       0x68 hal/src/hal_delay.o
 .debug_frame   0x000002a4       0xb0 hal/src/hal_evsys.o
 .debug_frame   0x00000354       0xc4 hal/src/hal_ext_irq.o
 .debug_frame   0x00000418      0x174 hal/src/hal_i2c_m_sync.o
 .debug_frame   0x0000058c       0x58 hal/src/hal_io.o
 .debug_frame   0x000005e4       0xec hal/src/hal_pwm.o
 .debug_frame   0x000006d0      0x2ac hal/src/hal_usart_async.o
 .debug_frame   0x0000097c       0x20 hal/utils/src/utils_assert.o
 .debug_frame   0x0000099c       0x94 hal/utils/src/utils_ringbuffer.o
 .debug_frame   0x00000a30       0xcc hpl/core/hpl_core_m4.o
 .debug_frame   0x00000afc       0x28 hpl/core/hpl_init.o
 .debug_frame   0x00000b24      0x148 hpl/dmac/hpl_dmac.o
 .debug_frame   0x00000c6c       0xa0 hpl/eic/hpl_eic.o
 .debug_frame   0x00000d0c       0x5c hpl/evsys/hpl_evsys.o
 .debug_frame   0x00000d68       0x30 hpl/gclk/hpl_gclk.o
 .debug_frame   0x00000d98       0x20 hpl/mclk/hpl_mclk.o
 .debug_frame   0x00000db8       0x20 hpl/osc32kctrl/hpl_osc32kctrl.o
 .debug_frame   0x00000dd8       0x30 hpl/oscctrl/hpl_oscctrl.o
 .debug_frame   0x00000e08       0xb4 hpl/pcc/hpl_pcc.o
 .debug_frame   0x00000ebc       0x4c hpl/ramecc/hpl_ramecc.o
 .debug_frame   0x00000f08      0xf74 hpl/sercom/hpl_sercom.o
 .debug_frame   0x00001e7c       0x78 hpl/systick/hpl_systick.o
 .debug_frame   0x00001ef4      0x184 hpl/tcc/hpl_tcc.o
 .debug_frame   0x00002078       0x7c main.o
 .debug_frame   0x000020f4       0x2c c:/program files (x86)/atmel/studio/7.0/toolchain/arm/arm-gnu-toolchain/bin/../lib/gcc/arm-none-eabi/6.3.1/../../../../arm-none-eabi/lib/thumb/v7e-m\libc_nano.a(lib_a-init.o)
 .debug_frame   0x00002120       0x20 c:/program files (x86)/atmel/studio/7.0/toolchain/arm/arm-gnu-toolchain/bin/../lib/gcc/arm-none-eabi/6.3.1/../../../../arm-none-eabi/lib/thumb/v7e-m\libc_nano.a(lib_a-memset.o)
