Archive member included to satisfy reference by file (symbol)

c:/program files (x86)/atmel/studio/7.0/toolchain/arm/arm-gnu-toolchain/bin/../lib/gcc/arm-none-eabi/6.3.1/thumb/v7e-m\libgcc.a(_arm_addsubdf3.o)
                              hpl/sercom/hpl_sercom.o (__aeabi_dsub)
c:/program files (x86)/atmel/studio/7.0/toolchain/arm/arm-gnu-toolchain/bin/../lib/gcc/arm-none-eabi/6.3.1/thumb/v7e-m\libgcc.a(_arm_muldivdf3.o)
                              hpl/sercom/hpl_sercom.o (__aeabi_dmul)
c:/program files (x86)/atmel/studio/7.0/toolchain/arm/arm-gnu-toolchain/bin/../lib/gcc/arm-none-eabi/6.3.1/thumb/v7e-m\libgcc.a(_arm_fixunsdfsi.o)
                              hpl/sercom/hpl_sercom.o (__aeabi_d2uiz)
c:/program files (x86)/atmel/studio/7.0/toolchain/arm/arm-gnu-toolchain/bin/../lib/gcc/arm-none-eabi/6.3.1/thumb/v7e-m\libgcc.a(_aeabi_uldivmod.o)
                              hpl/sercom/hpl_sercom.o (__aeabi_uldivmod)
c:/program files (x86)/atmel/studio/7.0/toolchain/arm/arm-gnu-toolchain/bin/../lib/gcc/arm-none-eabi/6.3.1/thumb/v7e-m\libgcc.a(_udivmoddi4.o)
                              c:/program files (x86)/atmel/studio/7.0/toolchain/arm/arm-gnu-toolchain/bin/../lib/gcc/arm-none-eabi/6.3.1/thumb/v7e-m\libgcc.a(_aeabi_uldivmod.o) (__udivmoddi4)
c:/program files (x86)/atmel/studio/7.0/toolchain/arm/arm-gnu-toolchain/bin/../lib/gcc/arm-none-eabi/6.3.1/thumb/v7e-m\libgcc.a(_dvmd_tls.o)
                              c:/program files (x86)/atmel/studio/7.0/toolchain/arm/arm-gnu-toolchain/bin/../lib/gcc/arm-none-eabi/6.3.1/thumb/v7e-m\libgcc.a(_aeabi_uldivmod.o) (__aeabi_ldiv0)
c:/program files (x86)/atmel/studio/7.0/toolchain/arm/arm-gnu-toolchain/bin/../lib/gcc/arm-none-eabi/6.3.1/../../../../arm-none-eabi/lib/thumb/v7e-m\libc.a(lib_a-exit.o)
                              c:/program files (x86)/atmel/studio/7.0/toolchain/arm/arm-gnu-toolchain/bin/../lib/gcc/arm-none-eabi/6.3.1/../../../../arm-none-eabi/lib/thumb/v7e-m/crt0.o (exit)
c:/program files (x86)/atmel/studio/7.0/toolchain/arm/arm-gnu-toolchain/bin/../lib/gcc/arm-none-eabi/6.3.1/../../../../arm-none-eabi/lib/thumb/v7e-m\libc.a(lib_a-ffs.o)
                              hpl/eic/hpl_eic.o (ffs)
c:/program files (x86)/atmel/studio/7.0/toolchain/arm/arm-gnu-toolchain/bin/../lib/gcc/arm-none-eabi/6.3.1/../../../../arm-none-eabi/lib/thumb/v7e-m\libc.a(lib_a-impure.o)
                              c:/program files (x86)/atmel/studio/7.0/toolchain/arm/arm-gnu-toolchain/bin/../lib/gcc/arm-none-eabi/6.3.1/../../../../arm-none-eabi/lib/thumb/v7e-m\libc.a(lib_a-exit.o) (_global_impure_ptr)
c:/program files (x86)/atmel/studio/7.0/toolchain/arm/arm-gnu-toolchain/bin/../lib/gcc/arm-none-eabi/6.3.1/../../../../arm-none-eabi/lib/thumb/v7e-m\libc.a(lib_a-init.o)
                              c:/program files (x86)/atmel/studio/7.0/toolchain/arm/arm-gnu-toolchain/bin/../lib/gcc/arm-none-eabi/6.3.1/../../../../arm-none-eabi/lib/thumb/v7e-m/crt0.o (__libc_init_array)
c:/program files (x86)/atmel/studio/7.0/toolchain/arm/arm-gnu-toolchain/bin/../lib/gcc/arm-none-eabi/6.3.1/../../../../arm-none-eabi/lib/thumb/v7e-m\libc.a(lib_a-memset.o)
                              c:/program files (x86)/atmel/studio/7.0/toolchain/arm/arm-gnu-toolchain/bin/../lib/gcc/arm-none-eabi/6.3.1/../../../../arm-none-eabi/lib/thumb/v7e-m/crt0.o (memset)
c:/program files (x86)/atmel/studio/7.0/toolchain/arm/arm-gnu-toolchain/bin/../lib/gcc/arm-none-eabi/6.3.1/../../../../arm-none-eabi/lib/thumb/v7e-m\libc.a(lib_a-printf.o)
                              hal/utils/src/utils_syscalls.o (printf)
c:/program files (x86)/atmel/studio/7.0/toolchain/arm/arm-gnu-toolchain/bin/../lib/gcc/arm-none-eabi/6.3.1/../../../../arm-none-eabi/lib/thumb/v7e-m\libc.a(lib_a-vfprintf.o)
                              c:/program files (x86)/atmel/studio/7.0/toolchain/arm/arm-gnu-toolchain/bin/../lib/gcc/arm-none-eabi/6.3.1/../../../../arm-none-eabi/lib/thumb/v7e-m\libc.a(lib_a-printf.o) (_vfprintf_r)
c:/program files (x86)/atmel/studio/7.0/toolchain/arm/arm-gnu-toolchain/bin/../lib/gcc/arm-none-eabi/6.3.1/../../../../arm-none-eabi/lib/thumb/v7e-m\libc.a(lib_a-wsetup.o)
                              c:/program files (x86)/atmel/studio/7.0/toolchain/arm/arm-gnu-toolchain/bin/../lib/gcc/arm-none-eabi/6.3.1/../../../../arm-none-eabi/lib/thumb/v7e-m\libc.a(lib_a-vfprintf.o) (__swsetup_r)
c:/program files (x86)/atmel/studio/7.0/toolchain/arm/arm-gnu-toolchain/bin/../lib/gcc/arm-none-eabi/6.3.1/../../../../arm-none-eabi/lib/thumb/v7e-m\libc.a(lib_a-__call_atexit.o)
                              c:/program files (x86)/atmel/studio/7.0/toolchain/arm/arm-gnu-toolchain/bin/../lib/gcc/arm-none-eabi/6.3.1/../../../../arm-none-eabi/lib/thumb/v7e-m\libc.a(lib_a-exit.o) (__call_exitprocs)
c:/program files (x86)/atmel/studio/7.0/toolchain/arm/arm-gnu-toolchain/bin/../lib/gcc/arm-none-eabi/6.3.1/../../../../arm-none-eabi/lib/thumb/v7e-m\libc.a(lib_a-atexit.o)
[...]
Memory Configuration

Name             Origin             Length             Attributes
rom              0x00000000         0x00100000         xr
ram              0x20000000         0x00040000         xrw
bkupram          0x47000000         0x00002000         xrw
qspi             0x04000000         0x01000000         xrw
*default*        0x00000000         0xffffffff

Linker script and memory map

LOAD c:/program files (x86)/atmel/studio/7.0/toolchain/arm/arm-gnu-toolchain/bin/../lib/gcc/arm-none-eabi/6.3.1/thumb/v7e-m/crti.o
LOAD c:/program files (x86)/atmel/studio/7.0/toolchain/arm/arm-gnu-toolchain/bin/../lib/gcc/arm-none-eabi/6.3.1/thumb/v7e-m/crtbegin.o
LOAD c:/program files (x86)/atmel/studio/7.0/toolchain/arm/arm-gnu-toolchain/bin/../lib/gcc/arm-none-eabi/6.3.1/../../../../arm-none-eabi/lib/thumb/v7e-m/crt0.o
LOAD atmel_start.o
LOAD Device_Startup/startup_same54.o
LOAD Device_Startup/system_same54.o
LOAD driver_init.o
LOAD examples/driver_examples.o
LOAD hal/src/hal_atomic.o
LOAD hal/src/hal_cache.o
LOAD hal/src/hal_camera_async.o
LOAD hal/src/hal_delay.o
LOAD hal/src/hal_evsys.o
LOAD hal/src/hal_ext_irq.o
LOAD hal/src/hal_gpio.o
LOAD hal/src/hal_i2c_m_sync.o
LOAD hal/src/hal_init.o
LOAD hal/src/hal_io.o
LOAD hal/src/hal_pwm.o
LOAD hal/src/hal_sleep.o
LOAD hal/src/hal_usart_async.o
LOAD hal/utils/src/utils_assert.o
LOAD hal/utils/src/utils_event.o
LOAD hal/utils/src/utils_list.o
LOAD hal/utils/src/utils_ringbuffer.o
LOAD hal/utils/src/utils_syscalls.o
LOAD hpl/cmcc/hpl_cmcc.o
LOAD hpl/core/hpl_core_m4.o
LOAD hpl/core/hpl_init.o
LOAD hpl/dmac/hpl_dmac.o
LOAD hpl/eic/hpl_eic.o
LOAD hpl/evsys/hpl_evsys.o
LOAD hpl/gclk/hpl_gclk.o
LOAD hpl/mclk/hpl_mclk.o
LOAD hpl/osc32kctrl/hpl_osc32kctrl.o
LOAD hpl/oscctrl/hpl_oscctrl.o
LOAD hpl/pcc/hpl_pcc.o
LOAD hpl/pm/hpl_pm.o
LOAD hpl/ramecc/hpl_ramecc.o
LOAD hpl/sercom/hpl_sercom.o
LOAD hpl/systick/hpl_systick.o
LOAD hpl/tcc/hpl_tcc.o
LOAD main.o
START GROUP
LOAD c:/program files (x86)/atmel/studio/7.0/toolchain/arm/arm-gnu-toolchain/bin/../lib/gcc/arm-none-eabi/6.3.1/../../../../arm-none-eabi/lib/thumb/v7e-m\libm.a
END GROUP
START GROUP
LOAD c:/program files (x86)/atmel/studio/7.0/toolchain/arm/arm-gnu-toolchain/bin/../lib/gcc/arm-none-eabi/6.3.1/thumb/v7e-m\libgcc.a
LOAD c:/program files (x86)/atmel/studio/7.0/toolchain/arm/arm-gnu-toolchain/bin/../lib/gcc/arm-none-eabi/6.3.1/../../../../arm-none-eabi/lib/thumb/v7e-m\libc.a
END GROUP
LOAD c:/program files (x86)/atmel/studio/7.0/toolchain/arm/arm-gnu-toolchain/bin/../lib/gcc/arm-none-eabi/6.3.1/thumb/v7e-m/crtend.o
LOAD c:/program files (x86)/atmel/studio/7.0/toolchain/arm/arm-gnu-toolchain/bin/../lib/gcc/arm-none-eabi/6.3.1/thumb/v7e-m/crtn.o
                0x00010000                STACK_SIZE = DEFINED (STACK_SIZE)?STACK_SIZE:DEFINED (__stack_size__)?__stack_size__:0x10000

.text           0x00000000     0x5fa0
                0x00000000                . = ALIGN (0x4)
                0x00000000                _sfixed = .
 *(.vectors .vectors.*)
 .vectors       0x00000000      0x264 Device_Startup/startup_same54.o
                0x00000000                exception_table
 *(.text .text.* .gnu.linkonce.t.*)
 .text          0x00000264       0x6c c:/program files (x86)/atmel/studio/7.0/toolchain/arm/arm-gnu-toolchain/bin/../lib/gcc/arm-none-eabi/6.3.1/thumb/v7e-m/crtbegin.o
 .text.atmel_start_init
                0x000002d0       0x10 atmel_start.o
                0x000002d0                atmel_start_init
 .text.Reset_Handler
                0x000002e0       0x9c Device_Startup/startup_same54.o
                0x000002e0                Reset_Handler
 .text.Dummy_Handler
                0x0000037c        0x6 Device_Startup/startup_same54.o
                0x0000037c                EIC_5_Handler
                0x0000037c                SVCall_Handler
                0x0000037c                SERCOM0_2_Handler
                0x0000037c                EVSYS_0_Handler
                0x0000037c                TCC1_3_Handler
                0x0000037c                DAC_3_Handler
                0x0000037c                TRNG_Handler
                0x0000037c                HardFault_Handler
                0x0000037c                TC2_Handler
                0x0000037c                PDEC_2_Handler
                0x0000037c                EIC_4_Handler
                0x0000037c                AC_Handler
                0x0000037c                SERCOM3_1_Handler
                0x0000037c                TCC2_3_Handler
                0x0000037c                SysTick_Handler
                0x0000037c                SERCOM3_2_Handler
                0x0000037c                PendSV_Handler
                0x0000037c                TC7_Handler
                0x0000037c                ADC1_1_Handler
                0x0000037c                EVSYS_3_Handler
                0x0000037c                PDEC_0_Handler
                0x0000037c                QSPI_Handler
                0x0000037c                NonMaskableInt_Handler
                0x0000037c                EIC_3_Handler
                0x0000037c                MemManagement_Handler
                0x0000037c                DAC_2_Handler
                0x0000037c                SERCOM0_0_Handler
                0x0000037c                RTC_Handler
                0x0000037c                UsageFault_Handler
                0x0000037c                SERCOM4_0_Handler
                0x0000037c                EIC_10_Handler
                0x0000037c                SERCOM0_3_Handler
                0x0000037c                EIC_11_Handler
                0x0000037c                EIC_9_Handler
                0x0000037c                OSC32KCTRL_Handler
                0x0000037c                TCC2_1_Handler
                0x0000037c                SUPC_1_Handler
                0x0000037c                TCC0_5_Handler
                0x0000037c                TCC0_6_Handler
                0x0000037c                SERCOM6_2_Handler
                0x0000037c                EVSYS_1_Handler
                0x0000037c                TCC1_4_Handler
                0x0000037c                TC6_Handler
                0x0000037c                WDT_Handler
                0x0000037c                CAN0_Handler
                0x0000037c                EIC_8_Handler
                0x0000037c                EIC_15_Handler
                0x0000037c                SERCOM6_0_Handler
                0x0000037c                SERCOM5_0_Handler
                0x0000037c                TC4_Handler
                0x0000037c                TC1_Handler
                0x0000037c                OSCCTRL_4_Handler
                0x0000037c                SERCOM4_3_Handler
                0x0000037c                TCC4_2_Handler
                0x0000037c                PAC_Handler
                0x0000037c                TCC1_0_Handler
                0x0000037c                USB_0_Handler
                0x0000037c                OSCCTRL_0_Handler
                0x0000037c                EIC_0_Handler
                0x0000037c                OSCCTRL_3_Handler
                0x0000037c                SERCOM4_1_Handler
                0x0000037c                TC3_Handler
                0x0000037c                Dummy_Handler
                0x0000037c                TCC3_0_Handler
                0x0000037c                TCC2_2_Handler
                0x0000037c                SERCOM5_1_Handler
                0x0000037c                TCC1_1_Handler
                0x0000037c                ADC0_0_Handler
                0x0000037c                SERCOM0_1_Handler
                0x0000037c                OSCCTRL_2_Handler
                0x0000037c                ADC1_0_Handler
                0x0000037c                TCC1_2_Handler
                0x0000037c                SERCOM7_1_Handler
                0x0000037c                USB_1_Handler
                0x0000037c                PM_Handler
                0x0000037c                SERCOM6_3_Handler
                0x0000037c                SERCOM2_3_Handler
                0x0000037c                DAC_4_Handler
                0x0000037c                TCC3_2_Handler
                0x0000037c                SERCOM7_0_Handler
                0x0000037c                TCC0_2_Handler
                0x0000037c                TCC4_0_Handler
                0x0000037c                SERCOM7_3_Handler
                0x0000037c                GMAC_Handler
                0x0000037c                SDHC1_Handler
                0x0000037c                USB_3_Handler
                0x0000037c                CAN1_Handler
                0x0000037c                SERCOM7_2_Handler
                0x0000037c                TCC2_0_Handler
                0x0000037c                PDEC_1_Handler
                0x0000037c                TCC4_1_Handler
                0x0000037c                SERCOM5_3_Handler
                0x0000037c                USB_2_Handler
                0x0000037c                SERCOM6_1_Handler
                0x0000037c                SDHC0_Handler
                0x0000037c                I2S_Handler
                0x0000037c                EIC_2_Handler
                0x0000037c                DAC_0_Handler
                0x0000037c                TCC0_1_Handler
                0x0000037c                EIC_6_Handler
                0x0000037c                OSCCTRL_1_Handler
                0x0000037c                PUKCC_Handler
                0x0000037c                SERCOM2_1_Handler
                0x0000037c                SERCOM3_0_Handler
                0x0000037c                EIC_1_Handler
                0x0000037c                SERCOM4_2_Handler
                0x0000037c                EVSYS_4_Handler
                0x0000037c                EIC_7_Handler
                0x0000037c                NVMCTRL_1_Handler
                0x0000037c                SERCOM5_2_Handler
                0x0000037c                ADC0_1_Handler
                0x0000037c                SERCOM3_3_Handler
                0x0000037c                SERCOM2_2_Handler
                0x0000037c                TCC3_1_Handler
                0x0000037c                EIC_14_Handler
                0x0000037c                DAC_1_Handler
                0x0000037c                NVMCTRL_0_Handler
                0x0000037c                MCLK_Handler
                0x0000037c                EVSYS_2_Handler
                0x0000037c                SUPC_0_Handler
                0x0000037c                BusFault_Handler
                0x0000037c                FREQM_Handler
                0x0000037c                TC0_Handler
                0x0000037c                TCC0_3_Handler
                0x0000037c                DebugMonitor_Handler
                0x0000037c                TCC0_4_Handler
                0x0000037c                TC5_Handler
                0x0000037c                SERCOM2_0_Handler
                0x0000037c                ICM_Handler
                0x0000037c                AES_Handler
 .text.hri_gclk_write_PCHCTRL_reg
                0x00000382       0x26 driver_init.o
 .text.hri_mclk_set_APBAMASK_EIC_bit
                0x000003a8       0x20 driver_init.o
 .text.hri_mclk_set_APBAMASK_SERCOM1_bit
                0x000003c8       0x20 driver_init.o
 .text.hri_mclk_set_APBBMASK_EVSYS_bit
                0x000003e8       0x20 driver_init.o
 .text.hri_mclk_set_APBBMASK_TCC0_bit
                0x00000408       0x20 driver_init.o
 .text.hri_mclk_set_APBDMASK_SERCOM7_bit
                0x00000428       0x20 driver_init.o
 .text.hri_mclk_set_APBDMASK_PCC_bit
                0x00000448       0x20 driver_init.o
 .text.hri_port_set_DIR_reg
                0x00000468       0x28 driver_init.o
 .text.hri_port_clear_DIR_reg
                0x00000490       0x28 driver_init.o
 .text.hri_port_set_OUT_reg
                0x000004b8       0x28 driver_init.o
 .text.hri_port_clear_OUT_reg
                0x000004e0       0x28 driver_init.o
 .text.hri_port_write_PMUX_PMUXE_bf
                0x00000508       0x60 driver_init.o
 .text.hri_port_write_PMUX_PMUXO_bf
                0x00000568       0x5e driver_init.o
 .text.hri_port_write_PINCFG_PMUXEN_bit
                0x000005c6       0x5a driver_init.o
 .text.hri_port_set_PINCFG_PULLEN_bit
                0x00000620       0x44 driver_init.o
 .text.hri_port_clear_PINCFG_PULLEN_bit
                0x00000664       0x44 driver_init.o
 .text.hri_port_write_WRCONFIG_reg
                0x000006a8       0x28 driver_init.o
 .text._gpio_set_direction
                0x000006d0       0xe8 driver_init.o
 .text._gpio_set_level
                0x000007b8       0x44 driver_init.o
 .text._gpio_set_pin_pull_mode
                0x000007fc       0xc0 driver_init.o
 .text._gpio_set_pin_function
                0x000008bc       0x84 driver_init.o
 .text.gpio_set_pin_pull_mode
                0x00000940       0x34 driver_init.o
 .text.gpio_set_pin_function
                0x00000974       0x20 driver_init.o
 .text.gpio_set_pin_direction
                0x00000994       0x38 driver_init.o
 .text.gpio_set_pin_level
                0x000009cc       0x38 driver_init.o
 .text.init_mcu
                0x00000a04       0x10 driver_init.o
 .text.EXTERNAL_IRQ_0_init
                0x00000a14       0x70 driver_init.o
                0x00000a14                EXTERNAL_IRQ_0_init
 .text.EVENT_SYSTEM_0_init
                0x00000a84       0x30 driver_init.o
                0x00000a84                EVENT_SYSTEM_0_init
 .text.CAMERA_OV7670_PORT_init
                0x00000ab4       0x78 driver_init.o
                0x00000ab4                CAMERA_OV7670_PORT_init
 .text.CAMERA_OV7670_CLOCK_init
                0x00000b2c       0x18 driver_init.o
                0x00000b2c                CAMERA_OV7670_CLOCK_init
 .text.CAMERA_OV7670_init
                0x00000b44       0x2c driver_init.o
                0x00000b44                CAMERA_OV7670_init
 .text.EDBG_COM_CLOCK_init
                0x00000b70       0x34 driver_init.o
                0x00000b70                EDBG_COM_CLOCK_init
 .text.EDBG_COM_PORT_init
                0x00000ba4       0x24 driver_init.o
                0x00000ba4                EDBG_COM_PORT_init
 .text.EDBG_COM_init
                0x00000bc8       0x40 driver_init.o
                0x00000bc8                EDBG_COM_init
 .text.PCC_SCCB_PORT_init
                0x00000c08       0x38 driver_init.o
                0x00000c08                PCC_SCCB_PORT_init
 .text.PCC_SCCB_CLOCK_init
                0x00000c40       0x34 driver_init.o
                0x00000c40                PCC_SCCB_CLOCK_init
 .text.PCC_SCCB_init
                0x00000c74       0x2c driver_init.o
                0x00000c74                PCC_SCCB_init
 .text.delay_driver_init
                0x00000ca0       0x18 driver_init.o
                0x00000ca0                delay_driver_init
 .text.PWM_0_PORT_init
                0x00000cb8       0x18 driver_init.o
                0x00000cb8                PWM_0_PORT_init
 .text.PWM_0_CLOCK_init
                0x00000cd0       0x28 driver_init.o
                0x00000cd0                PWM_0_CLOCK_init
 .text.PWM_0_init
                0x00000cf8       0x38 driver_init.o
                0x00000cf8                PWM_0_init
 .text.system_init
                0x00000d30       0xbc driver_init.o
                0x00000d30                system_init
 .text.atomic_enter_critical
                0x00000dec       0x26 hal/src/hal_atomic.o
                0x00000dec                atomic_enter_critical
 .text.atomic_leave_critical
                0x00000e12       0x24 hal/src/hal_atomic.o
                0x00000e12                atomic_leave_critical
 .text.camera_async_capture_done
                0x00000e36       0x28 hal/src/hal_camera_async.o
 *fill*         0x00000e5e        0x2 
 .text.camera_async_init
                0x00000e60       0x58 hal/src/hal_camera_async.o
                0x00000e60                camera_async_init
 .text.delay_init
                0x00000eb8       0x28 hal/src/hal_delay.o
                0x00000eb8                delay_init
 .text.delay_us
                0x00000ee0       0x34 hal/src/hal_delay.o
                0x00000ee0                delay_us
 .text.delay_ms
                0x00000f14       0x34 hal/src/hal_delay.o
                0x00000f14                delay_ms
 .text.event_system_init
                0x00000f48       0x14 hal/src/hal_evsys.o
                0x00000f48                event_system_init
 .text.ext_irq_init
                0x00000f5c       0x4c hal/src/hal_ext_irq.o
                0x00000f5c                ext_irq_init
 .text.ext_irq_register
                0x00000fa8      0x158 hal/src/hal_ext_irq.o
                0x00000fa8                ext_irq_register
 .text.ext_irq_enable
                0x00001100       0x20 hal/src/hal_ext_irq.o
                0x00001100                ext_irq_enable
 .text.ext_irq_disable
                0x00001120       0x20 hal/src/hal_ext_irq.o
                0x00001120                ext_irq_disable
 .text.process_ext_irq
                0x00001140       0x84 hal/src/hal_ext_irq.o
 .text.i2c_m_sync_read
                0x000011c4       0x50 hal/src/hal_i2c_m_sync.o
 .text.i2c_m_sync_write
                0x00001214       0x50 hal/src/hal_i2c_m_sync.o
 .text.i2c_m_sync_init
                0x00001264       0x60 hal/src/hal_i2c_m_sync.o
                0x00001264                i2c_m_sync_init
 .text.i2c_m_sync_enable
                0x000012c4       0x20 hal/src/hal_i2c_m_sync.o
                0x000012c4                i2c_m_sync_enable
 .text.i2c_m_sync_set_slaveaddr
                0x000012e4       0x3a hal/src/hal_i2c_m_sync.o
                0x000012e4                i2c_m_sync_set_slaveaddr
 .text.i2c_m_sync_get_io_descriptor
                0x0000131e       0x22 hal/src/hal_i2c_m_sync.o
                0x0000131e                i2c_m_sync_get_io_descriptor
 .text.io_write
                0x00001340       0x50 hal/src/hal_io.o
                0x00001340                io_write
 .text.io_read  0x00001390       0x50 hal/src/hal_io.o
                0x00001390                io_read
 .text.pwm_init
                0x000013e0       0x64 hal/src/hal_pwm.o
                0x000013e0                pwm_init
 .text.pwm_enable
                0x00001444       0x54 hal/src/hal_pwm.o
                0x00001444                pwm_enable
 .text.pwm_set_parameters
                0x00001498       0x44 hal/src/hal_pwm.o
                0x00001498                pwm_set_parameters
 .text.pwm_period_expired
                0x000014dc       0x24 hal/src/hal_pwm.o
 .text.pwm_detect_fault
                0x00001500       0x24 hal/src/hal_pwm.o
 .text.usart_async_init
                0x00001524       0xc4 hal/src/hal_usart_async.o
                0x00001524                usart_async_init
 .text.usart_async_enable
                0x000015e8       0x40 hal/src/hal_usart_async.o
                0x000015e8                usart_async_enable
 .text.usart_async_write
                0x00001628       0x90 hal/src/hal_usart_async.o
 .text.usart_async_read
                0x000016b8       0xb0 hal/src/hal_usart_async.o
 .text.usart_process_byte_sent
                0x00001768       0x6c hal/src/hal_usart_async.o
 .text.usart_transmission_complete
                0x000017d4       0x2c hal/src/hal_usart_async.o
 .text.usart_fill_rx_buffer
                0x00001800       0x3c hal/src/hal_usart_async.o
 .text.usart_error
                0x0000183c       0x2c hal/src/hal_usart_async.o
 .text.assert   0x00001868       0x28 hal/utils/src/utils_assert.o
                0x00001868                assert
 .text.ringbuffer_init
                0x00001890       0x74 hal/utils/src/utils_ringbuffer.o
                0x00001890                ringbuffer_init
 .text.ringbuffer_get
                0x00001904       0x70 hal/utils/src/utils_ringbuffer.o
                0x00001904                ringbuffer_get
 .text.ringbuffer_put
                0x00001974       0x74 hal/utils/src/utils_ringbuffer.o
                0x00001974                ringbuffer_put
 .text.ringbuffer_num
                0x000019e8       0x38 hal/utils/src/utils_ringbuffer.o
                0x000019e8                ringbuffer_num
 .text._get_cycles_for_us_internal
                0x00001a20      0x11c hpl/core/hpl_core_m4.o
 .text._get_cycles_for_us
                0x00001b3c       0x28 hpl/core/hpl_core_m4.o
                0x00001b3c                _get_cycles_for_us
 .text._get_cycles_for_ms_internal
                0x00001b64      0x10c hpl/core/hpl_core_m4.o
 .text._get_cycles_for_ms
                0x00001c70       0x28 hpl/core/hpl_core_m4.o
                0x00001c70                _get_cycles_for_ms
 .text.hri_mclk_set_AHBMASK_DMAC_bit
                0x00001c98       0x20 hpl/core/hpl_init.o
 .text.hri_nvmctrl_set_CTRLA_RWS_bf
                0x00001cb8       0x32 hpl/core/hpl_init.o
 *fill*         0x00001cea        0x2 
 .text._init_chip
                0x00001cec       0x60 hpl/core/hpl_init.o
                0x00001cec                _init_chip
 .text.__NVIC_EnableIRQ
                0x00001d4c       0x3c hpl/dmac/hpl_dmac.o
 .text.__NVIC_DisableIRQ
                0x00001d88       0x44 hpl/dmac/hpl_dmac.o
 .text.__NVIC_ClearPendingIRQ
                0x00001dcc       0x3c hpl/dmac/hpl_dmac.o
 .text.hri_dmac_set_CTRL_SWRST_bit
                0x00001e08       0x24 hpl/dmac/hpl_dmac.o
 .text.hri_dmac_get_CTRL_SWRST_bit
                0x00001e2c       0x2e hpl/dmac/hpl_dmac.o
 .text.hri_dmac_set_CTRL_DMAENABLE_bit
                0x00001e5a       0x24 hpl/dmac/hpl_dmac.o
 .text.hri_dmac_clear_CTRL_DMAENABLE_bit
                0x00001e7e       0x24 hpl/dmac/hpl_dmac.o
 .text.hri_dmac_write_CTRL_reg
                0x00001ea2       0x1e hpl/dmac/hpl_dmac.o
 .text.hri_dmac_clear_CRCCTRL_reg
                0x00001ec0       0x32 hpl/dmac/hpl_dmac.o
 .text.hri_dmac_write_DBGCTRL_DBGRUN_bit
                0x00001ef2       0x34 hpl/dmac/hpl_dmac.o
 .text.hri_dmac_set_SWTRIGCTRL_reg
                0x00001f26       0x22 hpl/dmac/hpl_dmac.o
 .text.hri_dmac_write_PRICTRL0_reg
                0x00001f48       0x1c hpl/dmac/hpl_dmac.o
 .text.hri_dmac_get_INTPEND_reg
                0x00001f64       0x28 hpl/dmac/hpl_dmac.o
 .text.hri_dmac_write_BASEADDR_reg
                0x00001f8c       0x1c hpl/dmac/hpl_dmac.o
 .text.hri_dmac_write_WRBADDR_reg
                0x00001fa8       0x1c hpl/dmac/hpl_dmac.o
 .text.hri_dmacdescriptor_set_BTCTRL_VALID_bit
                0x00001fc4       0x24 hpl/dmac/hpl_dmac.o
 .text.hri_dmacdescriptor_get_BTCTRL_SRCINC_bit
                0x00001fe8       0x32 hpl/dmac/hpl_dmac.o
 .text.hri_dmacdescriptor_write_BTCTRL_SRCINC_bit
                0x0000201a       0x3c hpl/dmac/hpl_dmac.o
 .text.hri_dmacdescriptor_get_BTCTRL_DSTINC_bit
                0x00002056       0x32 hpl/dmac/hpl_dmac.o
 .text.hri_dmacdescriptor_read_BTCTRL_BEATSIZE_bf
                0x00002088       0x28 hpl/dmac/hpl_dmac.o
 .text.hri_dmacdescriptor_write_BTCTRL_reg
                0x000020b0       0x1e hpl/dmac/hpl_dmac.o
 .text.hri_dmacdescriptor_write_BTCNT_reg
                0x000020ce       0x1e hpl/dmac/hpl_dmac.o
 .text.hri_dmacdescriptor_write_SRCADDR_reg
                0x000020ec       0x1c hpl/dmac/hpl_dmac.o
 .text.hri_dmacdescriptor_read_SRCADDR_reg
                0x00002108       0x18 hpl/dmac/hpl_dmac.o
 .text.hri_dmacdescriptor_write_DSTADDR_reg
                0x00002120       0x1c hpl/dmac/hpl_dmac.o
 .text.hri_dmacdescriptor_read_DSTADDR_reg
                0x0000213c       0x18 hpl/dmac/hpl_dmac.o
 .text.hri_dmac_get_CHINTFLAG_TERR_bit
                0x00002154       0x34 hpl/dmac/hpl_dmac.o
 .text.hri_dmac_clear_CHINTFLAG_TERR_bit
                0x00002188       0x26 hpl/dmac/hpl_dmac.o
 .text.hri_dmac_get_CHINTFLAG_TCMPL_bit
                0x000021ae       0x36 hpl/dmac/hpl_dmac.o
 .text.hri_dmac_clear_CHINTFLAG_TCMPL_bit
                0x000021e4       0x26 hpl/dmac/hpl_dmac.o
 .text.hri_dmac_write_CHINTEN_TERR_bit
                0x0000220a       0x46 hpl/dmac/hpl_dmac.o
 .text.hri_dmac_write_CHINTEN_TCMPL_bit
                0x00002250       0x46 hpl/dmac/hpl_dmac.o
 .text.hri_dmac_set_CHCTRLA_ENABLE_bit
                0x00002296       0x34 hpl/dmac/hpl_dmac.o
 .text.hri_dmac_write_CHCTRLA_reg
                0x000022ca       0x28 hpl/dmac/hpl_dmac.o
 .text.hri_dmac_write_CHPRILVL_reg
                0x000022f2       0x2c hpl/dmac/hpl_dmac.o
 .text.hri_dmac_write_CHEVCTRL_reg
                0x0000231e       0x2c hpl/dmac/hpl_dmac.o
 *fill*         0x0000234a        0x2 
 .text._dma_init
                0x0000234c      0x164 hpl/dmac/hpl_dmac.o
                0x0000234c                _dma_init
 .text._dma_set_irq_state
                0x000024b0       0x4c hpl/dmac/hpl_dmac.o
                0x000024b0                _dma_set_irq_state
 .text._dma_set_destination_address
                0x000024fc       0x30 hpl/dmac/hpl_dmac.o
                0x000024fc                _dma_set_destination_address
 .text._dma_set_source_address
                0x0000252c       0x30 hpl/dmac/hpl_dmac.o
                0x0000252c                _dma_set_source_address
 .text._dma_srcinc_enable
                0x0000255c       0x34 hpl/dmac/hpl_dmac.o
                0x0000255c                _dma_srcinc_enable
 .text._dma_set_data_amount
                0x00002590       0xd8 hpl/dmac/hpl_dmac.o
                0x00002590                _dma_set_data_amount
 .text._dma_enable_transaction
                0x00002668       0x5c hpl/dmac/hpl_dmac.o
                0x00002668                _dma_enable_transaction
 .text._dma_get_channel_resource
                0x000026c4       0x30 hpl/dmac/hpl_dmac.o
                0x000026c4                _dma_get_channel_resource
 .text._dmac_handler
                0x000026f4       0x98 hpl/dmac/hpl_dmac.o
 .text.DMAC_0_Handler
                0x0000278c       0x10 hpl/dmac/hpl_dmac.o
                0x0000278c                DMAC_0_Handler
 .text.DMAC_1_Handler
                0x0000279c       0x10 hpl/dmac/hpl_dmac.o
                0x0000279c                DMAC_1_Handler
 .text.DMAC_2_Handler
                0x000027ac       0x10 hpl/dmac/hpl_dmac.o
                0x000027ac                DMAC_2_Handler
 .text.DMAC_3_Handler
                0x000027bc       0x10 hpl/dmac/hpl_dmac.o
                0x000027bc                DMAC_3_Handler
 .text.DMAC_4_Handler
                0x000027cc       0x10 hpl/dmac/hpl_dmac.o
                0x000027cc                DMAC_4_Handler
 .text.__NVIC_EnableIRQ
                0x000027dc       0x3c hpl/eic/hpl_eic.o
 .text.__NVIC_DisableIRQ
                0x00002818       0x44 hpl/eic/hpl_eic.o
 .text.__NVIC_ClearPendingIRQ
                0x0000285c       0x3c hpl/eic/hpl_eic.o
 .text.hri_eic_wait_for_sync
                0x00002898       0x24 hpl/eic/hpl_eic.o
 .text.hri_eic_is_syncing
                0x000028bc       0x28 hpl/eic/hpl_eic.o
 .text.hri_eic_read_INTFLAG_reg
                0x000028e4       0x18 hpl/eic/hpl_eic.o
 .text.hri_eic_clear_INTFLAG_reg
                0x000028fc       0x1c hpl/eic/hpl_eic.o
 .text.hri_eic_set_INTEN_reg
                0x00002918       0x1c hpl/eic/hpl_eic.o
 .text.hri_eic_clear_INTEN_reg
                0x00002934       0x1c hpl/eic/hpl_eic.o
 .text.hri_eic_set_CTRLA_ENABLE_bit
                0x00002950       0x2c hpl/eic/hpl_eic.o
 .text.hri_eic_clear_CTRLA_ENABLE_bit
                0x0000297c       0x2c hpl/eic/hpl_eic.o
 .text.hri_eic_write_CTRLA_CKSEL_bit
                0x000029a8       0x44 hpl/eic/hpl_eic.o
 .text.hri_eic_get_CTRLA_reg
                0x000029ec       0x30 hpl/eic/hpl_eic.o
 .text.hri_eic_write_CTRLA_reg
                0x00002a1c       0x28 hpl/eic/hpl_eic.o
 .text.hri_eic_write_NMICTRL_reg
                0x00002a44       0x1e hpl/eic/hpl_eic.o
 .text.hri_eic_write_EVCTRL_reg
                0x00002a62       0x1c hpl/eic/hpl_eic.o
 .text.hri_eic_write_ASYNCH_reg
                0x00002a7e       0x1c hpl/eic/hpl_eic.o
 .text.hri_eic_write_CONFIG_reg
                0x00002a9a       0x28 hpl/eic/hpl_eic.o
 .text.hri_eic_write_DEBOUNCEN_reg
                0x00002ac2       0x1c hpl/eic/hpl_eic.o
 .text.hri_eic_write_DPRESCALER_reg
                0x00002ade       0x1c hpl/eic/hpl_eic.o
 *fill*         0x00002afa        0x2 
 .text._ext_irq_init
                0x00002afc      0x114 hpl/eic/hpl_eic.o
                0x00002afc                _ext_irq_init
 .text._ext_irq_enable
                0x00002c10       0xa0 hpl/eic/hpl_eic.o
                0x00002c10                _ext_irq_enable
 .text._ext_irq_handler
                0x00002cb0      0x12c hpl/eic/hpl_eic.o
 .text.EIC_12_Handler
                0x00002ddc       0x10 hpl/eic/hpl_eic.o
                0x00002ddc                EIC_12_Handler
 .text.EIC_13_Handler
                0x00002dec       0x10 hpl/eic/hpl_eic.o
                0x00002dec                EIC_13_Handler
 .text.hri_evsys_write_USER_reg
                0x00002dfc       0x26 hpl/evsys/hpl_evsys.o
 .text.hri_evsys_write_CHINTEN_reg
                0x00002e22       0x3e hpl/evsys/hpl_evsys.o
 .text.hri_evsys_write_CHANNEL_reg
                0x00002e60       0x26 hpl/evsys/hpl_evsys.o
 *fill*         0x00002e86        0x2 
 .text._event_system_init
                0x00002e88       0x8c hpl/evsys/hpl_evsys.o
                0x00002e88                _event_system_init
 .text.hri_gclk_wait_for_sync
                0x00002f14       0x24 hpl/gclk/hpl_gclk.o
 .text.hri_gclk_write_GENCTRL_reg
                0x00002f38       0x30 hpl/gclk/hpl_gclk.o
 .text._gclk_init_generators_by_fref
                0x00002f68       0x78 hpl/gclk/hpl_gclk.o
                0x00002f68                _gclk_init_generators_by_fref
 .text.hri_mclk_write_CPUDIV_reg
                0x00002fe0       0x1e hpl/mclk/hpl_mclk.o
 *fill*         0x00002ffe        0x2 
 .text._mclk_init
                0x00003000       0x24 hpl/mclk/hpl_mclk.o
                0x00003000                _mclk_init
 .text.hri_osc32kctrl_write_RTCCTRL_reg
                0x00003024       0x1e hpl/osc32kctrl/hpl_osc32kctrl.o
 .text.hri_osc32kctrl_read_OSCULP32K_CALIB_bf
                0x00003042       0x26 hpl/osc32kctrl/hpl_osc32kctrl.o
 .text.hri_osc32kctrl_write_OSCULP32K_reg
                0x00003068       0x1c hpl/osc32kctrl/hpl_osc32kctrl.o
 .text._osc32kctrl_init_sources
                0x00003084       0x48 hpl/osc32kctrl/hpl_osc32kctrl.o
                0x00003084                _osc32kctrl_init_sources
 .text.hri_gclk_write_PCHCTRL_reg
                0x000030cc       0x26 hpl/oscctrl/hpl_oscctrl.o
 .text.hri_oscctrl_wait_for_sync
                0x000030f2       0x36 hpl/oscctrl/hpl_oscctrl.o
 .text.hri_oscctrl_get_DPLLSTATUS_LOCK_bit
                0x00003128       0x38 hpl/oscctrl/hpl_oscctrl.o
 .text.hri_oscctrl_get_DPLLSTATUS_CLKRDY_bit
                0x00003160       0x3a hpl/oscctrl/hpl_oscctrl.o
 *fill*         0x0000319a        0x2 
 .text.hri_oscctrl_write_DPLLCTRLA_reg
                0x0000319c       0x3c hpl/oscctrl/hpl_oscctrl.o
 .text.hri_oscctrl_write_DPLLRATIO_reg
                0x000031d8       0x3c hpl/oscctrl/hpl_oscctrl.o
 .text.hri_oscctrl_write_DPLLCTRLB_reg
                0x00003214       0x2e hpl/oscctrl/hpl_oscctrl.o
 .text.hri_oscctrl_get_STATUS_XOSCRDY1_bit
                0x00003242       0x28 hpl/oscctrl/hpl_oscctrl.o
 .text.hri_oscctrl_write_XOSCCTRL_reg
                0x0000326a       0x28 hpl/oscctrl/hpl_oscctrl.o
 *fill*         0x00003292        0x2 
 .text._oscctrl_init_sources
                0x00003294       0x40 hpl/oscctrl/hpl_oscctrl.o
                0x00003294                _oscctrl_init_sources
 .text._oscctrl_init_referenced_generators
                0x000032d4       0xdc hpl/oscctrl/hpl_oscctrl.o
                0x000032d4                _oscctrl_init_referenced_generators
 .text.hri_pcc_clear_IMR_DRDY_bit
                0x000033b0       0x1a hpl/pcc/hpl_pcc.o
 .text.hri_pcc_read_ISR_reg
                0x000033ca       0x18 hpl/pcc/hpl_pcc.o
 .text.hri_pcc_set_MR_reg
                0x000033e2       0x22 hpl/pcc/hpl_pcc.o
 .text.hri_pcc_write_MR_reg
                0x00003404       0x1c hpl/pcc/hpl_pcc.o
 .text._pcc_dma_transfer_done
                0x00003420       0x20 hpl/pcc/hpl_pcc.o
 .text._camera_async_init
                0x00003440       0x64 hpl/pcc/hpl_pcc.o
                0x00003440                _camera_async_init
 .text._camera_async_enable
                0x000034a4       0x20 hpl/pcc/hpl_pcc.o
                0x000034a4                _camera_async_enable
 .text._camera_async_disable
                0x000034c4       0x20 hpl/pcc/hpl_pcc.o
                0x000034c4                _camera_async_disable
 .text._camera_async_capture_start
                0x000034e4       0x70 hpl/pcc/hpl_pcc.o
                0x000034e4                _camera_async_capture_start
 .text.PCC_Handler
                0x00003554       0x58 hpl/pcc/hpl_pcc.o
                0x00003554                PCC_Handler
 .text.hri_ramecc_read_INTFLAG_reg
                0x000035ac       0x1a hpl/ramecc/hpl_ramecc.o
 .text.hri_ramecc_read_ERRADDR_reg
                0x000035c6       0x18 hpl/ramecc/hpl_ramecc.o
 *fill*         0x000035de        0x2 
 .text.RAMECC_Handler
                0x000035e0       0x74 hpl/ramecc/hpl_ramecc.o
                0x000035e0                RAMECC_Handler
 .text.__NVIC_EnableIRQ
                0x00003654       0x3c hpl/sercom/hpl_sercom.o
 .text.__NVIC_DisableIRQ
                0x00003690       0x44 hpl/sercom/hpl_sercom.o
 .text.__NVIC_ClearPendingIRQ
                0x000036d4       0x3c hpl/sercom/hpl_sercom.o
 .text.hri_sercomi2cm_wait_for_sync
                0x00003710       0x24 hpl/sercom/hpl_sercom.o
 .text.hri_sercomi2cm_is_syncing
                0x00003734       0x28 hpl/sercom/hpl_sercom.o
 .text.hri_sercomusart_wait_for_sync
                0x0000375c       0x24 hpl/sercom/hpl_sercom.o
 .text.hri_sercomusart_is_syncing
                0x00003780       0x28 hpl/sercom/hpl_sercom.o
 .text.hri_sercomi2cm_clear_interrupt_MB_bit
                0x000037a8       0x1a hpl/sercom/hpl_sercom.o
 .text.hri_sercomi2cm_clear_interrupt_SB_bit
                0x000037c2       0x1a hpl/sercom/hpl_sercom.o
 .text.hri_sercomi2cm_read_INTFLAG_reg
                0x000037dc       0x1a hpl/sercom/hpl_sercom.o
 .text.hri_sercomusart_get_interrupt_DRE_bit
                0x000037f6       0x28 hpl/sercom/hpl_sercom.o
 .text.hri_sercomusart_get_interrupt_TXC_bit
                0x0000381e       0x2a hpl/sercom/hpl_sercom.o
 .text.hri_sercomusart_get_interrupt_RXC_bit
                0x00003848       0x2a hpl/sercom/hpl_sercom.o
 .text.hri_sercomusart_get_interrupt_ERROR_bit
                0x00003872       0x2a hpl/sercom/hpl_sercom.o
 .text.hri_sercomusart_clear_interrupt_ERROR_bit
                0x0000389c       0x1a hpl/sercom/hpl_sercom.o
 .text.hri_sercomusart_set_INTEN_DRE_bit
                0x000038b6       0x1a hpl/sercom/hpl_sercom.o
 .text.hri_sercomusart_get_INTEN_DRE_bit
                0x000038d0       0x28 hpl/sercom/hpl_sercom.o
 .text.hri_sercomusart_clear_INTEN_DRE_bit
                0x000038f8       0x1a hpl/sercom/hpl_sercom.o
 .text.hri_sercomusart_set_INTEN_TXC_bit
                0x00003912       0x1a hpl/sercom/hpl_sercom.o
 .text.hri_sercomusart_get_INTEN_TXC_bit
                0x0000392c       0x2a hpl/sercom/hpl_sercom.o
 .text.hri_sercomusart_clear_INTEN_TXC_bit
                0x00003956       0x1a hpl/sercom/hpl_sercom.o
 .text.hri_sercomi2cm_set_CTRLA_ENABLE_bit
                0x00003970       0x28 hpl/sercom/hpl_sercom.o
 .text.hri_sercomi2cm_clear_CTRLA_ENABLE_bit
                0x00003998       0x28 hpl/sercom/hpl_sercom.o
 .text.hri_sercomi2cm_get_CTRLA_SCLSM_bit
                0x000039c0       0x30 hpl/sercom/hpl_sercom.o
 .text.hri_sercomi2cm_get_CTRLA_reg
                0x000039f0       0x30 hpl/sercom/hpl_sercom.o
 .text.hri_sercomi2cm_write_CTRLA_reg
                0x00003a20       0x24 hpl/sercom/hpl_sercom.o
 .text.hri_sercomusart_set_CTRLA_ENABLE_bit
                0x00003a44       0x28 hpl/sercom/hpl_sercom.o
 .text.hri_sercomusart_clear_CTRLA_ENABLE_bit
                0x00003a6c       0x28 hpl/sercom/hpl_sercom.o
 .text.hri_sercomusart_get_CTRLA_reg
                0x00003a94       0x30 hpl/sercom/hpl_sercom.o
 .text.hri_sercomusart_write_CTRLA_reg
                0x00003ac4       0x24 hpl/sercom/hpl_sercom.o
 .text.hri_sercomi2cm_set_CTRLB_SMEN_bit
                0x00003ae8       0x28 hpl/sercom/hpl_sercom.o
 .text.hri_sercomi2cm_clear_CTRLB_SMEN_bit
                0x00003b10       0x28 hpl/sercom/hpl_sercom.o
 .text.hri_sercomi2cm_set_CTRLB_ACKACT_bit
                0x00003b38       0x28 hpl/sercom/hpl_sercom.o
 .text.hri_sercomi2cm_clear_CTRLB_ACKACT_bit
                0x00003b60       0x28 hpl/sercom/hpl_sercom.o
 .text.hri_sercomi2cm_set_CTRLB_CMD_bf
                0x00003b88       0x30 hpl/sercom/hpl_sercom.o
 .text.hri_sercomi2cm_write_CTRLB_reg
                0x00003bb8       0x24 hpl/sercom/hpl_sercom.o
 .text.hri_sercomusart_write_CTRLB_reg
                0x00003bdc       0x24 hpl/sercom/hpl_sercom.o
 .text.hri_sercomusart_write_CTRLC_reg
                0x00003c00       0x1c hpl/sercom/hpl_sercom.o
 .text.hri_sercomi2cm_write_BAUD_reg
                0x00003c1c       0x1c hpl/sercom/hpl_sercom.o
 .text.hri_sercomusart_write_BAUD_reg
                0x00003c38       0x1e hpl/sercom/hpl_sercom.o
 .text.hri_sercomusart_write_RXPL_reg
                0x00003c56       0x1e hpl/sercom/hpl_sercom.o
 .text.hri_sercomi2cm_write_ADDR_HS_bit
                0x00003c74       0x40 hpl/sercom/hpl_sercom.o
 .text.hri_sercomi2cm_write_ADDR_reg
                0x00003cb4       0x24 hpl/sercom/hpl_sercom.o
 .text.hri_sercomi2cm_read_ADDR_reg
                0x00003cd8       0x20 hpl/sercom/hpl_sercom.o
 .text.hri_sercomi2cm_write_DATA_reg
                0x00003cf8       0x24 hpl/sercom/hpl_sercom.o
 .text.hri_sercomi2cm_read_DATA_reg
                0x00003d1c       0x20 hpl/sercom/hpl_sercom.o
 .text.hri_sercomusart_write_DATA_reg
                0x00003d3c       0x1c hpl/sercom/hpl_sercom.o
 .text.hri_sercomusart_read_DATA_reg
                0x00003d58       0x18 hpl/sercom/hpl_sercom.o
 .text.hri_sercomusart_write_DBGCTRL_reg
                0x00003d70       0x20 hpl/sercom/hpl_sercom.o
 .text.hri_sercomusart_clear_STATUS_reg
                0x00003d90       0x1e hpl/sercom/hpl_sercom.o
 .text.hri_sercomusart_read_STATUS_reg
                0x00003dae       0x1a hpl/sercom/hpl_sercom.o
 .text.hri_sercomi2cm_read_STATUS_BUSSTATE_bf
                0x00003dc8       0x2c hpl/sercom/hpl_sercom.o
 .text.hri_sercomi2cm_read_STATUS_reg
                0x00003df4       0x24 hpl/sercom/hpl_sercom.o
 .text.hri_sercomi2cm_clear_STATUS_reg
                0x00003e18       0x28 hpl/sercom/hpl_sercom.o
 .text._usart_async_init
                0x00003e40       0xac hpl/sercom/hpl_sercom.o
                0x00003e40                _usart_async_init
 .text._usart_async_enable
                0x00003eec       0x20 hpl/sercom/hpl_sercom.o
                0x00003eec                _usart_async_enable
 .text._usart_async_write_byte
                0x00003f0c       0x28 hpl/sercom/hpl_sercom.o
                0x00003f0c                _usart_async_write_byte
 .text._usart_async_is_byte_sent
                0x00003f34       0x20 hpl/sercom/hpl_sercom.o
                0x00003f34                _usart_async_is_byte_sent
 .text._usart_async_enable_byte_sent_irq
                0x00003f54       0x20 hpl/sercom/hpl_sercom.o
                0x00003f54                _usart_async_enable_byte_sent_irq
 .text._usart_async_enable_tx_done_irq
                0x00003f74       0x20 hpl/sercom/hpl_sercom.o
                0x00003f74                _usart_async_enable_tx_done_irq
 .text._sercom_get_hardware_index
                0x00003f94       0x5c hpl/sercom/hpl_sercom.o
 .text._sercom_usart_interrupt_handler
                0x00003ff0      0x100 hpl/sercom/hpl_sercom.o
 .text._get_sercom_index
                0x000040f0       0x64 hpl/sercom/hpl_sercom.o
 .text._sercom_init_irq_param
                0x00004154       0x2c hpl/sercom/hpl_sercom.o
 .text._usart_init
                0x00004180      0x1c0 hpl/sercom/hpl_sercom.o
 .text._get_i2cm_index
                0x00004340       0x68 hpl/sercom/hpl_sercom.o
 .text._sercom_i2c_send_stop
                0x000043a8       0x1c hpl/sercom/hpl_sercom.o
 .text._sercom_i2c_sync_analyse_flags
                0x000043c4      0x230 hpl/sercom/hpl_sercom.o
 .text._sercom_get_irq_num
                0x000045f4       0x24 hpl/sercom/hpl_sercom.o
 .text._i2c_m_sync_init
                0x00004618       0x48 hpl/sercom/hpl_sercom.o
                0x00004618                _i2c_m_sync_init
 .text._i2c_m_sync_enable
                0x00004660       0x40 hpl/sercom/hpl_sercom.o
                0x00004660                _i2c_m_sync_enable
 .text._sercom_i2c_sync_wait_bus
                0x000046a0       0x5c hpl/sercom/hpl_sercom.o
 .text._sercom_i2c_sync_send_address
                0x000046fc      0x120 hpl/sercom/hpl_sercom.o
 .text._i2c_m_sync_transfer
                0x0000481c      0x12c hpl/sercom/hpl_sercom.o
                0x0000481c                _i2c_m_sync_transfer
 .text._i2c_m_enable_implementation
                0x00004948       0x8c hpl/sercom/hpl_sercom.o
 .text._i2c_m_sync_init_impl
                0x000049d4      0x140 hpl/sercom/hpl_sercom.o
 .text.SERCOM1_0_Handler
                0x00004b14       0x1c hpl/sercom/hpl_sercom.o
                0x00004b14                SERCOM1_0_Handler
 .text.SERCOM1_1_Handler
                0x00004b30       0x1c hpl/sercom/hpl_sercom.o
                0x00004b30                SERCOM1_1_Handler
 .text.SERCOM1_2_Handler
                0x00004b4c       0x1c hpl/sercom/hpl_sercom.o
                0x00004b4c                SERCOM1_2_Handler
 .text.SERCOM1_3_Handler
                0x00004b68       0x1c hpl/sercom/hpl_sercom.o
                0x00004b68                SERCOM1_3_Handler
 .text._system_time_init
                0x00004b84       0x28 hpl/systick/hpl_systick.o
                0x00004b84                _system_time_init
 .text._delay_init
                0x00004bac       0x1c hpl/systick/hpl_systick.o
                0x00004bac                _delay_init
 .text._delay_cycles
                0x00004bc8       0x74 hpl/systick/hpl_systick.o
                0x00004bc8                _delay_cycles
 .text.__NVIC_EnableIRQ
                0x00004c3c       0x3c hpl/tcc/hpl_tcc.o
 .text.__NVIC_DisableIRQ
                0x00004c78       0x44 hpl/tcc/hpl_tcc.o
 .text.__NVIC_ClearPendingIRQ
                0x00004cbc       0x3c hpl/tcc/hpl_tcc.o
 .text.hri_tcc_wait_for_sync
                0x00004cf8       0x24 hpl/tcc/hpl_tcc.o
 .text.hri_tcc_is_syncing
                0x00004d1c       0x28 hpl/tcc/hpl_tcc.o
 .text.hri_tcc_get_interrupt_OVF_bit
                0x00004d44       0x26 hpl/tcc/hpl_tcc.o
 .text.hri_tcc_clear_interrupt_OVF_bit
                0x00004d6a       0x1a hpl/tcc/hpl_tcc.o
 .text.hri_tcc_clear_interrupt_ERR_bit
                0x00004d84       0x1a hpl/tcc/hpl_tcc.o
 .text.hri_tcc_clear_CTRLB_LUPD_bit
                0x00004d9e       0x1a hpl/tcc/hpl_tcc.o
 .text.hri_tcc_set_CTRLB_reg
                0x00004db8       0x1e hpl/tcc/hpl_tcc.o
 .text.hri_tcc_get_INTEN_ERR_bit
                0x00004dd6       0x28 hpl/tcc/hpl_tcc.o
 *fill*         0x00004dfe        0x2 
 .text.hri_tcc_set_CTRLA_ENABLE_bit
                0x00004e00       0x28 hpl/tcc/hpl_tcc.o
 .text.hri_tcc_get_CTRLA_ENABLE_bit
                0x00004e28       0x38 hpl/tcc/hpl_tcc.o
 .text.hri_tcc_clear_CTRLA_ENABLE_bit
                0x00004e60       0x28 hpl/tcc/hpl_tcc.o
 .text.hri_tcc_get_CTRLA_reg
                0x00004e88       0x30 hpl/tcc/hpl_tcc.o
 .text.hri_tcc_write_CTRLA_reg
                0x00004eb8       0x24 hpl/tcc/hpl_tcc.o
 .text.hri_tcc_write_DBGCTRL_reg
                0x00004edc       0x1e hpl/tcc/hpl_tcc.o
 .text.hri_tcc_write_EVCTRL_reg
                0x00004efa       0x1c hpl/tcc/hpl_tcc.o
 *fill*         0x00004f16        0x2 
 .text.hri_tcc_write_WAVE_reg
                0x00004f18       0x28 hpl/tcc/hpl_tcc.o
 .text.hri_tcc_write_PER_reg
                0x00004f40       0x24 hpl/tcc/hpl_tcc.o
 .text.hri_tcc_write_CC_reg
                0x00004f64       0x34 hpl/tcc/hpl_tcc.o
 .text.hri_tcc_write_PERBUF_reg
                0x00004f98       0x1c hpl/tcc/hpl_tcc.o
 .text.hri_tcc_write_CCBUF_reg
                0x00004fb4       0x26 hpl/tcc/hpl_tcc.o
 *fill*         0x00004fda        0x2 
 .text._tcc_init_irq_param
                0x00004fdc       0x2c hpl/tcc/hpl_tcc.o
 .text._pwm_init
                0x00005008      0x20c hpl/tcc/hpl_tcc.o
                0x00005008                _pwm_init
 .text._pwm_enable
                0x00005214       0x20 hpl/tcc/hpl_tcc.o
                0x00005214                _pwm_enable
 .text._pwm_set_param
                0x00005234       0x4c hpl/tcc/hpl_tcc.o
                0x00005234                _pwm_set_param
 .text._pwm_is_enabled
                0x00005280       0x20 hpl/tcc/hpl_tcc.o
                0x00005280                _pwm_is_enabled
 .text._tcc_get_pwm
                0x000052a0       0x10 hpl/tcc/hpl_tcc.o
                0x000052a0                _tcc_get_pwm
 .text.tcc_pwm_interrupt_handler
                0x000052b0       0x6c hpl/tcc/hpl_tcc.o
 .text.TCC0_0_Handler
                0x0000531c       0x1c hpl/tcc/hpl_tcc.o
                0x0000531c                TCC0_0_Handler
 .text._get_tcc_cfg
                0x00005338       0x54 hpl/tcc/hpl_tcc.o
 .text._get_tcc_pwm_cfg
                0x0000538c       0x54 hpl/tcc/hpl_tcc.o
 .text.hri_port_read_DIR_reg
                0x000053e0       0x22 main.o
 .text.hri_port_set_OUT_reg
                0x00005402       0x28 main.o
 .text.hri_port_read_OUT_reg
                0x0000542a       0x24 main.o
 .text.hri_port_clear_OUT_reg
                0x0000544e       0x28 main.o
 .text.hri_port_read_IN_reg
                0x00005476       0x24 main.o
 *fill*         0x0000549a        0x2 
 .text._gpio_set_level
                0x0000549c       0x44 main.o
 .text._gpio_get_level
                0x000054e0       0x78 main.o
 .text.gpio_set_pin_level
                0x00005558       0x38 main.o
 .text.gpio_get_pin_level
                0x00005590       0x3c main.o
 .text.camera_async_enable
                0x000055cc       0x3c main.o
 .text.camera_async_disable
                0x00005608       0x3c main.o
 .text.camera_async_capture_start
                0x00005644       0x5c main.o
 .text.ext_irq_cb_PCC_VSYNC
                0x000056a0        0xe main.o
 *fill*         0x000056ae        0x2 
 .text.config_sensor_ov7670
                0x000056b0      0x1f8 main.o
                0x000056b0                config_sensor_ov7670
 .text.main     0x000058a8      0x140 main.o
                0x000058a8                main
 .text.ffs      0x000059e8       0x1c c:/program files (x86)/atmel/studio/7.0/toolchain/arm/arm-gnu-toolchain/bin/../lib/gcc/arm-none-eabi/6.3.1/../../../../arm-none-eabi/lib/thumb/v7e-m\libc.a(lib_a-ffs.o)
                0x000059e8                ffs
 .text.__libc_init_array
                0x00005a04       0x50 c:/program files (x86)/atmel/studio/7.0/toolchain/arm/arm-gnu-toolchain/bin/../lib/gcc/arm-none-eabi/6.3.1/../../../../arm-none-eabi/lib/thumb/v7e-m\libc.a(lib_a-init.o)
                0x00005a04                __libc_init_array
 .text.memset   0x00005a54       0x9c c:/program files (x86)/atmel/studio/7.0/toolchain/arm/arm-gnu-toolchain/bin/../lib/gcc/arm-none-eabi/6.3.1/../../../../arm-none-eabi/lib/thumb/v7e-m\libc.a(lib_a-memset.o)
                0x00005a54                memset
 .text.startup.register_fini
                0x00005af0       0x14 c:/program files (x86)/atmel/studio/7.0/toolchain/arm/arm-gnu-toolchain/bin/../lib/gcc/arm-none-eabi/6.3.1/../../../../arm-none-eabi/lib/thumb/v7e-m\libc.a(lib_a-__call_atexit.o)
 .text.atexit   0x00005b04        0xc c:/program files (x86)/atmel/studio/7.0/toolchain/arm/arm-gnu-toolchain/bin/../lib/gcc/arm-none-eabi/6.3.1/../../../../arm-none-eabi/lib/thumb/v7e-m\libc.a(lib_a-atexit.o)
                0x00005b04                atexit
 .text.__libc_fini_array
                0x00005b10       0x34 c:/program files (x86)/atmel/studio/7.0/toolchain/arm/arm-gnu-toolchain/bin/../lib/gcc/arm-none-eabi/6.3.1/../../../../arm-none-eabi/lib/thumb/v7e-m\libc.a(lib_a-fini.o)
                0x00005b10                __libc_fini_array
 .text.__retarget_lock_acquire_recursive
                0x00005b44        0x4 c:/program files (x86)/atmel/studio/7.0/toolchain/arm/arm-gnu-toolchain/bin/../lib/gcc/arm-none-eabi/6.3.1/../../../../arm-none-eabi/lib/thumb/v7e-m\libc.a(lib_a-lock.o)
                0x00005b44                __retarget_lock_acquire_recursive
 .text.__retarget_lock_release_recursive
                0x00005b48        0x4 c:/program files (x86)/atmel/studio/7.0/toolchain/arm/arm-gnu-toolchain/bin/../lib/gcc/arm-none-eabi/6.3.1/../../../../arm-none-eabi/lib/thumb/v7e-m\libc.a(lib_a-lock.o)
                0x00005b48                __retarget_lock_release_recursive
 .text.__register_exitproc
                0x00005b4c       0xc4 c:/program files (x86)/atmel/studio/7.0/toolchain/arm/arm-gnu-toolchain/bin/../lib/gcc/arm-none-eabi/6.3.1/../../../../arm-none-eabi/lib/thumb/v7e-m\libc.a(lib_a-__atexit.o)
                0x00005b4c                __register_exitproc
 *(.glue_7t)
 .glue_7t       0x00005c10        0x0 linker stubs
 *(.glue_7)
 .glue_7        0x00005c10        0x0 linker stubs
 *(.rodata .rodata* .gnu.linkonce.r.*)
 .rodata        0x00005c10       0x1c driver_init.o
 .rodata        0x00005c2c       0x1e hal/src/hal_camera_async.o
 *fill*         0x00005c4a        0x2 
 .rodata        0x00005c4c       0x1c hal/src/hal_i2c_m_sync.o
 .rodata        0x00005c68       0x14 hal/src/hal_io.o
 .rodata        0x00005c7c       0x15 hal/src/hal_pwm.o
 *fill*         0x00005c91        0x3 
 .rodata        0x00005c94       0x1d hal/src/hal_usart_async.o
 *fill*         0x00005cb1        0x3 
 .rodata        0x00005cb4       0x24 hal/utils/src/utils_ringbuffer.o
 .rodata        0x00005cd8      0x100 hpl/dmac/hpl_dmac.o
 .rodata        0x00005dd8       0x25 hpl/eic/hpl_eic.o
 *fill*         0x00005dfd        0x3 
 .rodata        0x00005e00      0x104 hpl/evsys/hpl_evsys.o
 .rodata        0x00005f04       0x4d hpl/sercom/hpl_sercom.o
 *fill*         0x00005f51        0x3 
 .rodata        0x00005f54       0x22 main.o
 *fill*         0x00005f76        0x2 
 .rodata._global_impure_ptr
                0x00005f78        0x4 c:/program files (x86)/atmel/studio/7.0/toolchain/arm/arm-gnu-toolchain/bin/../lib/gcc/arm-none-eabi/6.3.1/../../../../arm-none-eabi/lib/thumb/v7e-m\libc.a(lib_a-impure.o)
                0x00005f78                _global_impure_ptr
 *(.ARM.extab* .gnu.linkonce.armextab.*)
                0x00005f7c                . = ALIGN (0x4)
 *(.init)
 .init          0x00005f7c        0x4 c:/program files (x86)/atmel/studio/7.0/toolchain/arm/arm-gnu-toolchain/bin/../lib/gcc/arm-none-eabi/6.3.1/thumb/v7e-m/crti.o
                0x00005f7c                _init
 .init          0x00005f80        0x8 c:/program files (x86)/atmel/studio/7.0/toolchain/arm/arm-gnu-toolchain/bin/../lib/gcc/arm-none-eabi/6.3.1/thumb/v7e-m/crtn.o
                0x00005f88                . = ALIGN (0x4)
                0x00005f88                __preinit_array_start = .
 *(.preinit_array)
                0x00005f88                __preinit_array_end = .
                0x00005f88                . = ALIGN (0x4)
                0x00005f88                __init_array_start = .
 *(SORT(.init_array.*))
 .init_array.00000
                0x00005f88        0x4 c:/program files (x86)/atmel/studio/7.0/toolchain/arm/arm-gnu-toolchain/bin/../lib/gcc/arm-none-eabi/6.3.1/../../../../arm-none-eabi/lib/thumb/v7e-m\libc.a(lib_a-__call_atexit.o)
 *(.init_array)
 .init_array    0x00005f8c        0x4 c:/program files (x86)/atmel/studio/7.0/toolchain/arm/arm-gnu-toolchain/bin/../lib/gcc/arm-none-eabi/6.3.1/thumb/v7e-m/crtbegin.o
                0x00005f90                __init_array_end = .
                0x00005f90                . = ALIGN (0x4)
 *crtbegin.o(.ctors)
 *(EXCLUDE_FILE(*crtend.o) .ctors)
 *(SORT(.ctors.*))
 *crtend.o(.ctors)
                0x00005f90                . = ALIGN (0x4)
 *(.fini)
 .fini          0x00005f90        0x4 c:/program files (x86)/atmel/studio/7.0/toolchain/arm/arm-gnu-toolchain/bin/../lib/gcc/arm-none-eabi/6.3.1/thumb/v7e-m/crti.o
                0x00005f90                _fini
 .fini          0x00005f94        0x8 c:/program files (x86)/atmel/studio/7.0/toolchain/arm/arm-gnu-toolchain/bin/../lib/gcc/arm-none-eabi/6.3.1/thumb/v7e-m/crtn.o
                0x00005f9c                . = ALIGN (0x4)
                0x00005f9c                __fini_array_start = .
 *(.fini_array)
 .fini_array    0x00005f9c        0x4 c:/program files (x86)/atmel/studio/7.0/toolchain/arm/arm-gnu-toolchain/bin/../lib/gcc/arm-none-eabi/6.3.1/thumb/v7e-m/crtbegin.o
 *(SORT(.fini_array.*))
                0x00005fa0                __fini_array_end = .
 *crtbegin.o(.dtors)
 *(EXCLUDE_FILE(*crtend.o) .dtors)
 *(SORT(.dtors.*))
 *crtend.o(.dtors)
                0x00005fa0                . = ALIGN (0x4)
                0x00005fa0                _efixed = .
                [!provide]                PROVIDE (__exidx_start, .)

.vfp11_veneer   0x00005fa0        0x0
 .vfp11_veneer  0x00005fa0        0x0 linker stubs

.v4_bx          0x00005fa0        0x0
 .v4_bx         0x00005fa0        0x0 linker stubs

.iplt           0x00005fa0        0x0
 .iplt          0x00005fa0        0x0 c:/program files (x86)/atmel/studio/7.0/toolchain/arm/arm-gnu-toolchain/bin/../lib/gcc/arm-none-eabi/6.3.1/thumb/v7e-m/crtbegin.o

.eh_frame       0x00005fa0        0x0
 .eh_frame      0x00005fa0        0x0 c:/program files (x86)/atmel/studio/7.0/toolchain/arm/arm-gnu-toolchain/bin/../lib/gcc/arm-none-eabi/6.3.1/thumb/v7e-m/crtbegin.o

.rel.dyn        0x00005fa0        0x0
 .rel.iplt      0x00005fa0        0x0 c:/program files (x86)/atmel/studio/7.0/toolchain/arm/arm-gnu-toolchain/bin/../lib/gcc/arm-none-eabi/6.3.1/thumb/v7e-m/crtbegin.o

.jcr            0x00005fa0        0x0
 .jcr           0x00005fa0        0x0 c:/program files (x86)/atmel/studio/7.0/toolchain/arm/arm-gnu-toolchain/bin/../lib/gcc/arm-none-eabi/6.3.1/thumb/v7e-m/crtbegin.o

.igot.plt       0x00005fa0        0x0
 .igot.plt      0x00005fa0        0x0 c:/program files (x86)/atmel/studio/7.0/toolchain/arm/arm-gnu-toolchain/bin/../lib/gcc/arm-none-eabi/6.3.1/thumb/v7e-m/crtbegin.o

.ARM.exidx
 *(.ARM.exidx* .gnu.linkonce.armexidx.*)
                [!provide]                PROVIDE (__exidx_end, .)
                0x00005fa0                . = ALIGN (0x4)
                0x00005fa0                _etext = .

.relocate       0x20000000      0x4a4 load address 0x00005fa0
                0x20000000                . = ALIGN (0x4)
                0x20000000                _srelocate = .
 *(.ramfunc .ramfunc.*)
 *(.data .data.*)
 .data          0x20000000       0x30 hpl/sercom/hpl_sercom.o
 .data          0x20000030       0x44 hpl/tcc/hpl_tcc.o
 *fill*         0x20000074        0x4 
 .data.impure_data
                0x20000078      0x428 c:/program files (x86)/atmel/studio/7.0/toolchain/arm/arm-gnu-toolchain/bin/../lib/gcc/arm-none-eabi/6.3.1/../../../../arm-none-eabi/lib/thumb/v7e-m\libc.a(lib_a-impure.o)
 .data.__atexit_recursive_mutex
                0x200004a0        0x4 c:/program files (x86)/atmel/studio/7.0/toolchain/arm/arm-gnu-toolchain/bin/../lib/gcc/arm-none-eabi/6.3.1/../../../../arm-none-eabi/lib/thumb/v7e-m\libc.a(lib_a-__call_atexit.o)
                0x200004a0                __atexit_recursive_mutex
                0x200004a4                . = ALIGN (0x4)
                0x200004a4                _erelocate = .

.bkupram        0x47000000        0x0
                0x47000000                . = ALIGN (0x8)
                0x47000000                _sbkupram = .
 *(.bkupram .bkupram.*)
                0x47000000                . = ALIGN (0x8)
                0x47000000                _ebkupram = .

.qspi           0x04000000        0x0
                0x04000000                . = ALIGN (0x8)
                0x04000000                _sqspi = .
 *(.qspi .qspi.*)
                0x04000000                . = ALIGN (0x8)
                0x04000000                _eqspi = .

.bss            0x200004b0    0x25ec8 load address 0x00006450
                0x200004b0                . = ALIGN (0x4)
                0x200004b0                _sbss = .
                0x200004b0                _szero = .
 *(.bss .bss.*)
 .bss           0x200004b0       0x1c c:/program files (x86)/atmel/studio/7.0/toolchain/arm/arm-gnu-toolchain/bin/../lib/gcc/arm-none-eabi/6.3.1/thumb/v7e-m/crtbegin.o
 .bss           0x200004cc       0x10 driver_init.o
 .bss           0x200004dc        0x4 hal/src/hal_delay.o
 .bss           0x200004e0       0x10 hal/src/hal_ext_irq.o
 .bss           0x200004f0      0x580 hpl/dmac/hpl_dmac.o
 .bss           0x20000a70        0x4 hpl/eic/hpl_eic.o
 .bss           0x20000a74        0x4 hpl/pcc/hpl_pcc.o
 .bss           0x20000a78       0x14 hpl/sercom/hpl_sercom.o
 .bss           0x20000a8c        0x4 hpl/tcc/hpl_tcc.o
 .bss           0x20000a90    0x25804 main.o
                0x20026290                flag_frame_captured
 *(COMMON)
 COMMON         0x20026294       0xa0 driver_init.o
                0x20026294                PWM_0
                0x200262b0                EDBG_COM
                0x20026300                CAMERA_OV7670
                0x20026314                PCC_SCCB
 COMMON         0x20026334        0x4 hpl/pcc/hpl_pcc.o
                0x20026334                resource
 COMMON         0x20026338       0x10 hpl/ramecc/hpl_ramecc.o
                0x20026338                device
 COMMON         0x20026348        0xc main.o
                0x20026348                Index
                0x2002634c                flag_teste
                0x20026350                PCC_SCCB_io
 COMMON         0x20026354       0x21 c:/program files (x86)/atmel/studio/7.0/toolchain/arm/arm-gnu-toolchain/bin/../lib/gcc/arm-none-eabi/6.3.1/../../../../arm-none-eabi/lib/thumb/v7e-m\libc.a(lib_a-lock.o)
                0x20026354                __lock___atexit_recursive_mutex
                0x20026358                __lock___arc4random_mutex
                0x2002635c                __lock___env_recursive_mutex
                0x20026360                __lock___sinit_recursive_mutex
                0x20026364                __lock___malloc_recursive_mutex
                0x20026368                __lock___at_quick_exit_mutex
                0x2002636c                __lock___dd_hash_mutex
                0x20026370                __lock___tz_mutex
                0x20026374                __lock___sfp_recursive_mutex
                0x20026378                . = ALIGN (0x4)
 *fill*         0x20026375        0x3 
                0x20026378                _ebss = .
                0x20026378                _ezero = .

.stack          0x20026378    0x10000 load address 0x0002c318
                0x20026378                . = ALIGN (0x8)
                0x20026378                _sstack = .
                0x20036378                . = (. + STACK_SIZE)
 *fill*         0x20026378    0x10000 
                0x20036378                . = ALIGN (0x8)
                0x20036378                _estack = .
                0x20036378                . = ALIGN (0x4)
                0x20036378                _end = .
OUTPUT(IVP8000_CAMERA_E54.elf elf32-littlearm)

.ARM.attributes
                0x00000000       0x2e
 .ARM.attributes
                0x00000000       0x1e c:/program files (x86)/atmel/studio/7.0/toolchain/arm/arm-gnu-toolchain/bin/../lib/gcc/arm-none-eabi/6.3.1/thumb/v7e-m/crti.o
 .ARM.attributes
                0x0000001e       0x2e c:/program files (x86)/atmel/studio/7.0/toolchain/arm/arm-gnu-toolchain/bin/../lib/gcc/arm-none-eabi/6.3.1/thumb/v7e-m/crtbegin.o
 .ARM.attributes
                0x0000004c       0x37 atmel_start.o
 .ARM.attributes
                0x00000083       0x37 Device_Startup/startup_same54.o
 .ARM.attributes
                0x000000ba       0x37 driver_init.o
 .ARM.attributes
                0x000000f1       0x37 hal/src/hal_atomic.o
 .ARM.attributes
                0x00000128       0x37 hal/src/hal_camera_async.o
 .ARM.attributes
                0x0000015f       0x37 hal/src/hal_delay.o
 .ARM.attributes
                0x00000196       0x37 hal/src/hal_evsys.o
 .ARM.attributes
                0x000001cd       0x37 hal/src/hal_ext_irq.o
 .ARM.attributes
                0x00000204       0x37 hal/src/hal_i2c_m_sync.o
 .ARM.attributes
                0x0000023b       0x37 hal/src/hal_io.o
 .ARM.attributes
                0x00000272       0x37 hal/src/hal_pwm.o
 .ARM.attributes
                0x000002a9       0x37 hal/src/hal_usart_async.o
 .ARM.attributes
                0x000002e0       0x37 hal/utils/src/utils_assert.o
 .ARM.attributes
                0x00000317       0x37 hal/utils/src/utils_ringbuffer.o
 .ARM.attributes
                0x0000034e       0x37 hpl/core/hpl_core_m4.o
 .ARM.attributes
                0x00000385       0x37 hpl/core/hpl_init.o
 .ARM.attributes
                0x000003bc       0x37 hpl/dmac/hpl_dmac.o
 .ARM.attributes
                0x000003f3       0x37 hpl/eic/hpl_eic.o
 .ARM.attributes
                0x0000042a       0x37 hpl/evsys/hpl_evsys.o
 .ARM.attributes
                0x00000461       0x37 hpl/gclk/hpl_gclk.o
 .ARM.attributes
                0x00000498       0x37 hpl/mclk/hpl_mclk.o
 .ARM.attributes
                0x000004cf       0x37 hpl/osc32kctrl/hpl_osc32kctrl.o
 .ARM.attributes
                0x00000506       0x37 hpl/oscctrl/hpl_oscctrl.o
 .ARM.attributes
                0x0000053d       0x37 hpl/pcc/hpl_pcc.o
 .ARM.attributes
                0x00000574       0x37 hpl/ramecc/hpl_ramecc.o
 .ARM.attributes
                0x000005ab       0x37 hpl/sercom/hpl_sercom.o
 .ARM.attributes
                0x000005e2       0x37 hpl/systick/hpl_systick.o
 .ARM.attributes
                0x00000619       0x37 hpl/tcc/hpl_tcc.o
 .ARM.attributes
                0x00000650       0x37 main.o
 .ARM.attributes
                0x00000687       0x2e c:/program files (x86)/atmel/studio/7.0/toolchain/arm/arm-gnu-toolchain/bin/../lib/gcc/arm-none-eabi/6.3.1/../../../../arm-none-eabi/lib/thumb/v7e-m\libc.a(lib_a-ffs.o)
 .ARM.attributes
                0x000006b5       0x2e c:/program files (x86)/atmel/studio/7.0/toolchain/arm/arm-gnu-toolchain/bin/../lib/gcc/arm-none-eabi/6.3.1/../../../../arm-none-eabi/lib/thumb/v7e-m\libc.a(lib_a-impure.o)
 .ARM.attributes
                0x000006e3       0x2e c:/program files (x86)/atmel/studio/7.0/toolchain/arm/arm-gnu-toolchain/bin/../lib/gcc/arm-none-eabi/6.3.1/../../../../arm-none-eabi/lib/thumb/v7e-m\libc.a(lib_a-init.o)
 .ARM.attributes
                0x00000711       0x2e c:/program files (x86)/atmel/studio/7.0/toolchain/arm/arm-gnu-toolchain/bin/../lib/gcc/arm-none-eabi/6.3.1/../../../../arm-none-eabi/lib/thumb/v7e-m\libc.a(lib_a-memset.o)
 .ARM.attributes
                0x0000073f       0x2e c:/program files (x86)/atmel/studio/7.0/toolchain/arm/arm-gnu-toolchain/bin/../lib/gcc/arm-none-eabi/6.3.1/../../../../arm-none-eabi/lib/thumb/v7e-m\libc.a(lib_a-__call_atexit.o)
 .ARM.attributes
                0x0000076d       0x2e c:/program files (x86)/atmel/studio/7.0/toolchain/arm/arm-gnu-toolchain/bin/../lib/gcc/arm-none-eabi/6.3.1/../../../../arm-none-eabi/lib/thumb/v7e-m\libc.a(lib_a-atexit.o)
 .ARM.attributes
                0x0000079b       0x2e c:/program files (x86)/atmel/studio/7.0/toolchain/arm/arm-gnu-toolchain/bin/../lib/gcc/arm-none-eabi/6.3.1/../../../../arm-none-eabi/lib/thumb/v7e-m\libc.a(lib_a-fini.o)
 .ARM.attributes
                0x000007c9       0x2e c:/program files (x86)/atmel/studio/7.0/toolchain/arm/arm-gnu-toolchain/bin/../lib/gcc/arm-none-eabi/6.3.1/../../../../arm-none-eabi/lib/thumb/v7e-m\libc.a(lib_a-lock.o)
 .ARM.attributes
                0x000007f7       0x2e c:/program files (x86)/atmel/studio/7.0/toolchain/arm/arm-gnu-toolchain/bin/../lib/gcc/arm-none-eabi/6.3.1/../../../../arm-none-eabi/lib/thumb/v7e-m\libc.a(lib_a-__atexit.o)
 .ARM.attributes
                0x00000825       0x1e c:/program files (x86)/atmel/studio/7.0/toolchain/arm/arm-gnu-toolchain/bin/../lib/gcc/arm-none-eabi/6.3.1/thumb/v7e-m/crtn.o

.comment        0x00000000       0x59
 .comment       0x00000000       0x59 atmel_start.o
                                 0x5a (size before relaxing)
 .comment       0x00000059       0x5a Device_Startup/startup_same54.o
 .comment       0x00000059       0x5a driver_init.o
 .comment       0x00000059       0x5a hal/src/hal_atomic.o
 .comment       0x00000059       0x5a hal/src/hal_camera_async.o
 .comment       0x00000059       0x5a hal/src/hal_delay.o
 .comment       0x00000059       0x5a hal/src/hal_evsys.o
 .comment       0x00000059       0x5a hal/src/hal_ext_irq.o
 .comment       0x00000059       0x5a hal/src/hal_i2c_m_sync.o
 .comment       0x00000059       0x5a hal/src/hal_io.o
 .comment       0x00000059       0x5a hal/src/hal_pwm.o
 .comment       0x00000059       0x5a hal/src/hal_usart_async.o
 .comment       0x00000059       0x5a hal/utils/src/utils_assert.o
 .comment       0x00000059       0x5a hal/utils/src/utils_ringbuffer.o
 .comment       0x00000059       0x5a hpl/core/hpl_core_m4.o
 .comment       0x00000059       0x5a hpl/core/hpl_init.o
 .comment       0x00000059       0x5a hpl/dmac/hpl_dmac.o
 .comment       0x00000059       0x5a hpl/eic/hpl_eic.o
 .comment       0x00000059       0x5a hpl/evsys/hpl_evsys.o
 .comment       0x00000059       0x5a hpl/gclk/hpl_gclk.o
 .comment       0x00000059       0x5a hpl/mclk/hpl_mclk.o
 .comment       0x00000059       0x5a hpl/osc32kctrl/hpl_osc32kctrl.o
 .comment       0x00000059       0x5a hpl/oscctrl/hpl_oscctrl.o
 .comment       0x00000059       0x5a hpl/pcc/hpl_pcc.o
 .comment       0x00000059       0x5a hpl/ramecc/hpl_ramecc.o
 .comment       0x00000059       0x5a hpl/sercom/hpl_sercom.o
 .comment       0x00000059       0x5a hpl/systick/hpl_systick.o
 .comment       0x00000059       0x5a hpl/tcc/hpl_tcc.o
 .comment       0x00000059       0x5a main.o

.debug_info     0x00000000    0x248fc
 .debug_info    0x00000000      0x6b5 atmel_start.o
 .debug_info    0x000006b5      0xd7c Device_Startup/startup_same54.o
 .debug_info    0x00001431     0x6b66 driver_init.o
 .debug_info    0x00007f97      0x201 hal/src/hal_atomic.o
 .debug_info    0x00008198      0x27c hal/src/hal_camera_async.o
 .debug_info    0x00008414      0x1ed hal/src/hal_delay.o
 .debug_info    0x00008601      0x290 hal/src/hal_evsys.o
 .debug_info    0x00008891      0x344 hal/src/hal_ext_irq.o
 .debug_info    0x00008bd5      0x789 hal/src/hal_i2c_m_sync.o
 .debug_info    0x0000935e      0x268 hal/src/hal_io.o
 .debug_info    0x000095c6      0x699 hal/src/hal_pwm.o
 .debug_info    0x00009c5f      0xf06 hal/src/hal_usart_async.o
 .debug_info    0x0000ab65      0x134 hal/utils/src/utils_assert.o
 .debug_info    0x0000ac99      0x293 hal/utils/src/utils_ringbuffer.o
 .debug_info    0x0000af2c      0xbd8 hpl/core/hpl_core_m4.o
 .debug_info    0x0000bb04     0x14d4 hpl/core/hpl_init.o
 .debug_info    0x0000cfd8     0x2d54 hpl/dmac/hpl_dmac.o
 .debug_info    0x0000fd2c     0x1df4 hpl/eic/hpl_eic.o
 .debug_info    0x00011b20      0xfb5 hpl/evsys/hpl_evsys.o
 .debug_info    0x00012ad5      0x5cb hpl/gclk/hpl_gclk.o
 .debug_info    0x000130a0      0xa4e hpl/mclk/hpl_mclk.o
 .debug_info    0x00013aee      0x6ee hpl/osc32kctrl/hpl_osc32kctrl.o
 .debug_info    0x000141dc     0x171c hpl/oscctrl/hpl_oscctrl.o
 .debug_info    0x000158f8      0x94f hpl/pcc/hpl_pcc.o
 .debug_info    0x00016247      0xbd9 hpl/ramecc/hpl_ramecc.o
 .debug_info    0x00016e20     0x8c42 hpl/sercom/hpl_sercom.o
 .debug_info    0x0001fa62      0x281 hpl/systick/hpl_systick.o
 .debug_info    0x0001fce3     0x357d hpl/tcc/hpl_tcc.o
 .debug_info    0x00023260     0x169c main.o

.debug_abbrev   0x00000000     0x3832
 .debug_abbrev  0x00000000      0x109 atmel_start.o
 .debug_abbrev  0x00000109      0x171 Device_Startup/startup_same54.o
 .debug_abbrev  0x0000027a      0x2d8 driver_init.o
 .debug_abbrev  0x00000552      0x157 hal/src/hal_atomic.o
 .debug_abbrev  0x000006a9      0x137 hal/src/hal_camera_async.o
 .debug_abbrev  0x000007e0       0xe2 hal/src/hal_delay.o
 .debug_abbrev  0x000008c2       0xce hal/src/hal_evsys.o
 .debug_abbrev  0x00000990      0x14f hal/src/hal_ext_irq.o
 .debug_abbrev  0x00000adf      0x164 hal/src/hal_i2c_m_sync.o
 .debug_abbrev  0x00000c43      0x116 hal/src/hal_io.o
 .debug_abbrev  0x00000d59      0x176 hal/src/hal_pwm.o
 .debug_abbrev  0x00000ecf      0x27d hal/src/hal_usart_async.o
 .debug_abbrev  0x0000114c       0x9e hal/utils/src/utils_assert.o
 .debug_abbrev  0x000011ea      0x100 hal/utils/src/utils_ringbuffer.o
 .debug_abbrev  0x000012ea      0x291 hpl/core/hpl_core_m4.o
 .debug_abbrev  0x0000157b      0x1b7 hpl/core/hpl_init.o
 .debug_abbrev  0x00001732      0x2de hpl/dmac/hpl_dmac.o
 .debug_abbrev  0x00001a10      0x3a6 hpl/eic/hpl_eic.o
 .debug_abbrev  0x00001db6      0x22f hpl/evsys/hpl_evsys.o
 .debug_abbrev  0x00001fe5      0x186 hpl/gclk/hpl_gclk.o
 .debug_abbrev  0x0000216b      0x1bb hpl/mclk/hpl_mclk.o
 .debug_abbrev  0x00002326      0x1e7 hpl/osc32kctrl/hpl_osc32kctrl.o
 .debug_abbrev  0x0000250d      0x22e hpl/oscctrl/hpl_oscctrl.o
 .debug_abbrev  0x0000273b      0x230 hpl/pcc/hpl_pcc.o
 .debug_abbrev  0x0000296b      0x28f hpl/ramecc/hpl_ramecc.o
 .debug_abbrev  0x00002bfa      0x3fa hpl/sercom/hpl_sercom.o
 .debug_abbrev  0x00002ff4      0x13f hpl/systick/hpl_systick.o
 .debug_abbrev  0x00003133      0x3b0 hpl/tcc/hpl_tcc.o
 .debug_abbrev  0x000034e3      0x34f main.o

.debug_loc      0x00000000     0xcdb2
 .debug_loc     0x00000000       0x2c atmel_start.o
 .debug_loc     0x0000002c       0x64 Device_Startup/startup_same54.o
 .debug_loc     0x00000090      0xbac driver_init.o
 .debug_loc     0x00000c3c       0xfc hal/src/hal_atomic.o
 .debug_loc     0x00000d38       0xa0 hal/src/hal_camera_async.o
 .debug_loc     0x00000dd8      0x134 hal/src/hal_delay.o
 .debug_loc     0x00000f0c      0x1dc hal/src/hal_evsys.o
 .debug_loc     0x000010e8      0x200 hal/src/hal_ext_irq.o
 .debug_loc     0x000012e8      0x46c hal/src/hal_i2c_m_sync.o
 .debug_loc     0x00001754       0xe4 hal/src/hal_io.o
 .debug_loc     0x00001838      0x2c4 hal/src/hal_pwm.o
 .debug_loc     0x00001afc      0x7c4 hal/src/hal_usart_async.o
 .debug_loc     0x000022c0       0x5c hal/utils/src/utils_assert.o
 .debug_loc     0x0000231c      0x190 hal/utils/src/utils_ringbuffer.o
 .debug_loc     0x000024ac      0x57c hpl/core/hpl_core_m4.o
 .debug_loc     0x00002a28       0xe4 hpl/core/hpl_init.o
 .debug_loc     0x00002b0c     0x10a8 hpl/dmac/hpl_dmac.o
 .debug_loc     0x00003bb4      0x8b8 hpl/eic/hpl_eic.o
 .debug_loc     0x0000446c      0x2e8 hpl/evsys/hpl_evsys.o
 .debug_loc     0x00004754      0x128 hpl/gclk/hpl_gclk.o
 .debug_loc     0x0000487c       0xac hpl/mclk/hpl_mclk.o
 .debug_loc     0x00004928      0x164 hpl/osc32kctrl/hpl_osc32kctrl.o
 .debug_loc     0x00004a8c      0x3c4 hpl/oscctrl/hpl_oscctrl.o
 .debug_loc     0x00004e50      0x3a0 hpl/pcc/hpl_pcc.o
 .debug_loc     0x000051f0      0x3ac hpl/ramecc/hpl_ramecc.o
 .debug_loc     0x0000559c     0x6212 hpl/sercom/hpl_sercom.o
 .debug_loc     0x0000b7ae      0x21c hpl/systick/hpl_systick.o
 .debug_loc     0x0000b9ca      0xe8c hpl/tcc/hpl_tcc.o
 .debug_loc     0x0000c856      0x55c main.o

.debug_aranges  0x00000000     0x16e0
 .debug_aranges
                0x00000000       0x20 atmel_start.o
 .debug_aranges
                0x00000020       0x28 Device_Startup/startup_same54.o
 .debug_aranges
                0x00000048      0x168 driver_init.o
 .debug_aranges
                0x000001b0       0x30 hal/src/hal_atomic.o
 .debug_aranges
                0x000001e0       0x28 hal/src/hal_camera_async.o
 .debug_aranges
                0x00000208       0x38 hal/src/hal_delay.o
 .debug_aranges
                0x00000240       0x50 hal/src/hal_evsys.o
 .debug_aranges
                0x00000290       0x50 hal/src/hal_ext_irq.o
 .debug_aranges
                0x000002e0       0x88 hal/src/hal_i2c_m_sync.o
 .debug_aranges
                0x00000368       0x30 hal/src/hal_io.o
 .debug_aranges
                0x00000398       0x60 hal/src/hal_pwm.o
 .debug_aranges
                0x000003f8       0xe0 hal/src/hal_usart_async.o
 .debug_aranges
                0x000004d8       0x20 hal/utils/src/utils_assert.o
 .debug_aranges
                0x000004f8       0x40 hal/utils/src/utils_ringbuffer.o
 .debug_aranges
                0x00000538       0xa8 hpl/core/hpl_core_m4.o
 .debug_aranges
                0x000005e0       0x30 hpl/core/hpl_init.o
 .debug_aranges
                0x00000610      0x1a8 hpl/dmac/hpl_dmac.o
 .debug_aranges
                0x000007b8       0xf0 hpl/eic/hpl_eic.o
 .debug_aranges
                0x000008a8       0x60 hpl/evsys/hpl_evsys.o
 .debug_aranges
                0x00000908       0x38 hpl/gclk/hpl_gclk.o
 .debug_aranges
                0x00000940       0x28 hpl/mclk/hpl_mclk.o
 .debug_aranges
                0x00000968       0x38 hpl/osc32kctrl/hpl_osc32kctrl.o
 .debug_aranges
                0x000009a0       0x70 hpl/oscctrl/hpl_oscctrl.o
 .debug_aranges
                0x00000a10       0x70 hpl/pcc/hpl_pcc.o
 .debug_aranges
                0x00000a80       0x70 hpl/ramecc/hpl_ramecc.o
 .debug_aranges
                0x00000af0      0x990 hpl/sercom/hpl_sercom.o
 .debug_aranges
                0x00001480       0x48 hpl/systick/hpl_systick.o
 .debug_aranges
                0x000014c8      0x178 hpl/tcc/hpl_tcc.o
 .debug_aranges
                0x00001640       0xa0 main.o

.debug_ranges   0x00000000     0x1510
 .debug_ranges  0x00000000       0x10 atmel_start.o
 .debug_ranges  0x00000010       0x18 Device_Startup/startup_same54.o
 .debug_ranges  0x00000028      0x158 driver_init.o
 .debug_ranges  0x00000180       0x20 hal/src/hal_atomic.o
 .debug_ranges  0x000001a0       0x18 hal/src/hal_camera_async.o
 .debug_ranges  0x000001b8       0x28 hal/src/hal_delay.o
 .debug_ranges  0x000001e0       0x40 hal/src/hal_evsys.o
 .debug_ranges  0x00000220       0x40 hal/src/hal_ext_irq.o
 .debug_ranges  0x00000260       0x78 hal/src/hal_i2c_m_sync.o
 .debug_ranges  0x000002d8       0x20 hal/src/hal_io.o
 .debug_ranges  0x000002f8       0x50 hal/src/hal_pwm.o
 .debug_ranges  0x00000348       0xd0 hal/src/hal_usart_async.o
 .debug_ranges  0x00000418       0x10 hal/utils/src/utils_assert.o
 .debug_ranges  0x00000428       0x30 hal/utils/src/utils_ringbuffer.o
 .debug_ranges  0x00000458       0x98 hpl/core/hpl_core_m4.o
 .debug_ranges  0x000004f0       0x20 hpl/core/hpl_init.o
 .debug_ranges  0x00000510      0x198 hpl/dmac/hpl_dmac.o
 .debug_ranges  0x000006a8       0xe0 hpl/eic/hpl_eic.o
 .debug_ranges  0x00000788       0x50 hpl/evsys/hpl_evsys.o
 .debug_ranges  0x000007d8       0x28 hpl/gclk/hpl_gclk.o
 .debug_ranges  0x00000800       0x18 hpl/mclk/hpl_mclk.o
 .debug_ranges  0x00000818       0x28 hpl/osc32kctrl/hpl_osc32kctrl.o
 .debug_ranges  0x00000840       0x60 hpl/oscctrl/hpl_oscctrl.o
 .debug_ranges  0x000008a0       0x60 hpl/pcc/hpl_pcc.o
 .debug_ranges  0x00000900       0x60 hpl/ramecc/hpl_ramecc.o
 .debug_ranges  0x00000960      0x980 hpl/sercom/hpl_sercom.o
 .debug_ranges  0x000012e0       0x38 hpl/systick/hpl_systick.o
 .debug_ranges  0x00001318      0x168 hpl/tcc/hpl_tcc.o
 .debug_ranges  0x00001480       0x90 main.o

.debug_macro    0x00000000    0x3789e
 .debug_macro   0x00000000      0x818 atmel_start.o
 .debug_macro   0x00000818      0x8b0 atmel_start.o
 .debug_macro   0x000010c8      0x16d atmel_start.o
 .debug_macro   0x00001235       0x22 atmel_start.o
 .debug_macro   0x00001257       0x87 atmel_start.o
 .debug_macro   0x000012de       0x51 atmel_start.o
 .debug_macro   0x0000132f       0xef atmel_start.o
 .debug_macro   0x0000141e       0x6a atmel_start.o
 .debug_macro   0x00001488      0x1df atmel_start.o
 .debug_macro   0x00001667       0x22 atmel_start.o
 .debug_macro   0x00001689       0x54 atmel_start.o
 .debug_macro   0x000016dd       0x1c atmel_start.o
 .debug_macro   0x000016f9       0x22 atmel_start.o
 .debug_macro   0x0000171b       0xdf atmel_start.o
 .debug_macro   0x000017fa     0x102d atmel_start.o
 .debug_macro   0x00002827      0x11f atmel_start.o
 .debug_macro   0x00002946      0x706 atmel_start.o
 .debug_macro   0x0000304c      0xb5b atmel_start.o
 .debug_macro   0x00003ba7      0x3c0 atmel_start.o
 .debug_macro   0x00003f67     0x2d61 atmel_start.o
 .debug_macro   0x00006cc8      0x336 atmel_start.o
 .debug_macro   0x00006ffe      0x3b7 atmel_start.o
 .debug_macro   0x000073b5      0x668 atmel_start.o
 .debug_macro   0x00007a1d     0x143f atmel_start.o
 .debug_macro   0x00008e5c      0x651 atmel_start.o
 .debug_macro   0x000094ad      0x67b atmel_start.o
 .debug_macro   0x00009b28      0x6d7 atmel_start.o
 .debug_macro   0x0000a1ff      0x172 atmel_start.o
 .debug_macro   0x0000a371      0x395 atmel_start.o
 .debug_macro   0x0000a706     0x19dd atmel_start.o
 .debug_macro   0x0000c0e3       0x3a atmel_start.o
 .debug_macro   0x0000c11d      0x72a atmel_start.o
 .debug_macro   0x0000c847      0xb12 atmel_start.o
 .debug_macro   0x0000d359      0x5d7 atmel_start.o
 .debug_macro   0x0000d930      0xbc0 atmel_start.o
 .debug_macro   0x0000e4f0      0x9b9 atmel_start.o
 .debug_macro   0x0000eea9      0x2a3 atmel_start.o
 .debug_macro   0x0000f14c      0x8cb atmel_start.o
 .debug_macro   0x0000fa17      0x1ea atmel_start.o
 .debug_macro   0x0000fc01      0x8f4 atmel_start.o
 .debug_macro   0x000104f5      0x216 atmel_start.o
 .debug_macro   0x0001070b      0x3f9 atmel_start.o
 .debug_macro   0x00010b04      0x620 atmel_start.o
 .debug_macro   0x00011124      0x10d atmel_start.o
 .debug_macro   0x00011231       0xb8 atmel_start.o
 .debug_macro   0x000112e9     0x1df7 atmel_start.o
 .debug_macro   0x000130e0     0x2e69 atmel_start.o
 .debug_macro   0x00015f49     0x11ed atmel_start.o
 .debug_macro   0x00017136      0x50e atmel_start.o
 .debug_macro   0x00017644      0x930 atmel_start.o
 .debug_macro   0x00017f74     0x1ad8 atmel_start.o
 .debug_macro   0x00019a4c       0xe7 atmel_start.o
 .debug_macro   0x00019b33     0x13e6 atmel_start.o
 .debug_macro   0x0001af19      0x36a atmel_start.o
 .debug_macro   0x0001b283       0x94 atmel_start.o
 .debug_macro   0x0001b317       0xdc atmel_start.o
 .debug_macro   0x0001b3f3       0xe2 atmel_start.o
 .debug_macro   0x0001b4d5       0xdc atmel_start.o
 .debug_macro   0x0001b5b1      0x149 atmel_start.o
 .debug_macro   0x0001b6fa      0x149 atmel_start.o
 .debug_macro   0x0001b843       0x46 atmel_start.o
 .debug_macro   0x0001b889       0x4c atmel_start.o
 .debug_macro   0x0001b8d5       0xc4 atmel_start.o
 .debug_macro   0x0001b999      0x7d5 atmel_start.o
 .debug_macro   0x0001c16e       0xb8 atmel_start.o
 .debug_macro   0x0001c226       0x7c atmel_start.o
 .debug_macro   0x0001c2a2      0xc20 atmel_start.o
 .debug_macro   0x0001cec2       0x46 atmel_start.o
 .debug_macro   0x0001cf08      0x25b atmel_start.o
 .debug_macro   0x0001d163      0x31a atmel_start.o
 .debug_macro   0x0001d47d      0x170 atmel_start.o
 .debug_macro   0x0001d5ed       0x7c atmel_start.o
 .debug_macro   0x0001d669       0xbe atmel_start.o
 .debug_macro   0x0001d727       0x4c atmel_start.o
 .debug_macro   0x0001d773       0x82 atmel_start.o
 .debug_macro   0x0001d7f5      0x1a3 atmel_start.o
 .debug_macro   0x0001d998       0x46 atmel_start.o
 .debug_macro   0x0001d9de       0x6a atmel_start.o
 .debug_macro   0x0001da48       0x46 atmel_start.o
 .debug_macro   0x0001da8e       0x88 atmel_start.o
 .debug_macro   0x0001db16       0x46 atmel_start.o
 .debug_macro   0x0001db5c      0x24e atmel_start.o
 .debug_macro   0x0001ddaa       0x1c atmel_start.o
 .debug_macro   0x0001ddc6       0x76 atmel_start.o
 .debug_macro   0x0001de3c       0x3a atmel_start.o
 .debug_macro   0x0001de76       0x2e atmel_start.o
 .debug_macro   0x0001dea4      0x196 atmel_start.o
 .debug_macro   0x0001e03a      0x16f atmel_start.o
 .debug_macro   0x0001e1a9      0x16f atmel_start.o
 .debug_macro   0x0001e318      0x25d atmel_start.o
 .debug_macro   0x0001e575      0x25d atmel_start.o
 .debug_macro   0x0001e7d2      0x25d atmel_start.o
 .debug_macro   0x0001ea2f      0x25d atmel_start.o
 .debug_macro   0x0001ec8c      0x25d atmel_start.o
 .debug_macro   0x0001eee9      0x25d atmel_start.o
 .debug_macro   0x0001f146      0x25d atmel_start.o
 .debug_macro   0x0001f3a3      0x25d atmel_start.o
 .debug_macro   0x0001f600       0x52 atmel_start.o
 .debug_macro   0x0001f652       0xfa atmel_start.o
 .debug_macro   0x0001f74c       0xfa atmel_start.o
 .debug_macro   0x0001f846       0xfa atmel_start.o
 .debug_macro   0x0001f940       0xfa atmel_start.o
 .debug_macro   0x0001fa3a       0xfa atmel_start.o
 .debug_macro   0x0001fb34       0xfa atmel_start.o
 .debug_macro   0x0001fc2e       0xfa atmel_start.o
 .debug_macro   0x0001fd28       0xfa atmel_start.o
 .debug_macro   0x0001fe22      0x148 atmel_start.o
 .debug_macro   0x0001ff6a      0x124 atmel_start.o
 .debug_macro   0x0002008e      0x106 atmel_start.o
 .debug_macro   0x00020194       0xee atmel_start.o
 .debug_macro   0x00020282       0xee atmel_start.o
 .debug_macro   0x00020370       0x2e atmel_start.o
 .debug_macro   0x0002039e      0x46a atmel_start.o
 .debug_macro   0x00020808       0x3a atmel_start.o
 .debug_macro   0x00020842      0x59f atmel_start.o
 .debug_macro   0x00020de1     0x4ff3 atmel_start.o
 .debug_macro   0x00025dd4       0xcf atmel_start.o
 .debug_macro   0x00025ea3       0x10 atmel_start.o
 .debug_macro   0x00025eb3       0x10 atmel_start.o
 .debug_macro   0x00025ec3       0x16 atmel_start.o
 .debug_macro   0x00025ed9       0x16 atmel_start.o
 .debug_macro   0x00025eef       0x16 atmel_start.o
 .debug_macro   0x00025f05       0x16 atmel_start.o
 .debug_macro   0x00025f1b       0x16 atmel_start.o
 .debug_macro   0x00025f31       0x16 atmel_start.o
 .debug_macro   0x00025f47       0x40 atmel_start.o
 .debug_macro   0x00025f87       0x16 atmel_start.o
 .debug_macro   0x00025f9d       0x16 atmel_start.o
 .debug_macro   0x00025fb3       0x16 atmel_start.o
 .debug_macro   0x00025fc9       0x16 atmel_start.o
 .debug_macro   0x00025fdf       0x16 atmel_start.o
 .debug_macro   0x00025ff5       0x16 atmel_start.o
 .debug_macro   0x0002600b       0x16 atmel_start.o
 .debug_macro   0x00026021       0x16 atmel_start.o
 .debug_macro   0x00026037       0x16 atmel_start.o
 .debug_macro   0x0002604d       0x16 atmel_start.o
 .debug_macro   0x00026063       0x16 atmel_start.o
 .debug_macro   0x00026079       0x16 atmel_start.o
 .debug_macro   0x0002608f       0x16 atmel_start.o
 .debug_macro   0x000260a5       0x16 atmel_start.o
 .debug_macro   0x000260bb       0x16 atmel_start.o
 .debug_macro   0x000260d1       0x16 atmel_start.o
 .debug_macro   0x000260e7       0x16 atmel_start.o
 .debug_macro   0x000260fd       0x16 atmel_start.o
 .debug_macro   0x00026113       0x16 atmel_start.o
 .debug_macro   0x00026129       0x16 atmel_start.o
 .debug_macro   0x0002613f       0x16 atmel_start.o
 .debug_macro   0x00026155      0xe5c atmel_start.o
 .debug_macro   0x00026fb1      0x9b6 atmel_start.o
 .debug_macro   0x00027967       0x94 atmel_start.o
 .debug_macro   0x000279fb       0x16 atmel_start.o
 .debug_macro   0x00027a11       0xbe atmel_start.o
 .debug_macro   0x00027acf      0x28c atmel_start.o
 .debug_macro   0x00027d5b       0x16 atmel_start.o
 .debug_macro   0x00027d71      0x4d8 atmel_start.o
 .debug_macro   0x00028249       0x16 atmel_start.o
 .debug_macro   0x0002825f       0xca atmel_start.o
 .debug_macro   0x00028329       0x1c atmel_start.o
 .debug_macro   0x00028345       0x16 atmel_start.o
 .debug_macro   0x0002835b      0x185 atmel_start.o
 .debug_macro   0x000284e0       0xd0 atmel_start.o
 .debug_macro   0x000285b0       0xc9 atmel_start.o
 .debug_macro   0x00028679       0x70 atmel_start.o
 .debug_macro   0x000286e9      0x4b2 Device_Startup/startup_same54.o
 .debug_macro   0x00028b9b       0x4e Device_Startup/startup_same54.o
 .debug_macro   0x00028be9      0x81b driver_init.o
 .debug_macro   0x00029404      0x107 driver_init.o
 .debug_macro   0x0002950b      0x686 hal/src/hal_atomic.o
 .debug_macro   0x00029b91      0x6bb hal/src/hal_camera_async.o
 .debug_macro   0x0002a24c      0x6bd hal/src/hal_delay.o
 .debug_macro   0x0002a909      0x69c hal/src/hal_evsys.o
 .debug_macro   0x0002afa5      0x6a2 hal/src/hal_ext_irq.o
 .debug_macro   0x0002b647      0x6c6 hal/src/hal_i2c_m_sync.o
 .debug_macro   0x0002bd0d       0x6a hal/src/hal_i2c_m_sync.o
 .debug_macro   0x0002bd77      0x69b hal/src/hal_io.o
 .debug_macro   0x0002c412      0x6bb hal/src/hal_pwm.o
 .debug_macro   0x0002cacd      0x6ea hal/src/hal_usart_async.o
 .debug_macro   0x0002d1b7      0x690 hal/utils/src/utils_assert.o
 .debug_macro   0x0002d847       0x10 hal/utils/src/utils_assert.o
 .debug_macro   0x0002d857      0x695 hal/utils/src/utils_ringbuffer.o
 .debug_macro   0x0002deec      0x6c5 hpl/core/hpl_core_m4.o
 .debug_macro   0x0002e5b1      0x729 hpl/core/hpl_init.o
 .debug_macro   0x0002ecda       0x2e hpl/core/hpl_init.o
 .debug_macro   0x0002ed08      0xd7b hpl/core/hpl_init.o
 .debug_macro   0x0002fa83      0x6cf hpl/dmac/hpl_dmac.o
 .debug_macro   0x00030152      0x6cc hpl/dmac/hpl_dmac.o
 .debug_macro   0x0003081e      0x6ba hpl/dmac/hpl_dmac.o
 .debug_macro   0x00030ed8      0x77c hpl/eic/hpl_eic.o
 .debug_macro   0x00031654      0x2e9 hpl/eic/hpl_eic.o
 .debug_macro   0x0003193d      0x72d hpl/evsys/hpl_evsys.o
 .debug_macro   0x0003206a      0x8dc hpl/evsys/hpl_evsys.o
 .debug_macro   0x00032946      0x69f hpl/gclk/hpl_gclk.o
 .debug_macro   0x00032fe5      0x2f0 hpl/gclk/hpl_gclk.o
 .debug_macro   0x000332d5      0x69a hpl/mclk/hpl_mclk.o
 .debug_macro   0x0003396f      0x695 hpl/osc32kctrl/hpl_osc32kctrl.o
 .debug_macro   0x00034004       0x80 hpl/osc32kctrl/hpl_osc32kctrl.o
 .debug_macro   0x00034084      0x69f hpl/oscctrl/hpl_oscctrl.o
 .debug_macro   0x00034723      0x216 hpl/oscctrl/hpl_oscctrl.o
 .debug_macro   0x00034939      0x6c9 hpl/pcc/hpl_pcc.o
 .debug_macro   0x00035002      0x6b0 hpl/ramecc/hpl_ramecc.o
 .debug_macro   0x000356b2      0x8e2 hpl/sercom/hpl_sercom.o
 .debug_macro   0x00035f94      0x14d hpl/sercom/hpl_sercom.o
 .debug_macro   0x000360e1       0x10 hpl/sercom/hpl_sercom.o
 .debug_macro   0x000360f1       0x1c hpl/sercom/hpl_sercom.o
 .debug_macro   0x0003610d       0x22 hpl/sercom/hpl_sercom.o
 .debug_macro   0x0003612f       0x10 hpl/sercom/hpl_sercom.o
 .debug_macro   0x0003613f      0x695 hpl/systick/hpl_systick.o
 .debug_macro   0x000367d4       0x10 hpl/systick/hpl_systick.o
 .debug_macro   0x000367e4      0x6f6 hpl/tcc/hpl_tcc.o
 .debug_macro   0x00036eda      0x17e hpl/tcc/hpl_tcc.o
 .debug_macro   0x00037058      0x846 main.o

.debug_line     0x00000000    0x19f14
 .debug_line    0x00000000      0xdea atmel_start.o
 .debug_line    0x00000dea      0x8a9 Device_Startup/startup_same54.o
 .debug_line    0x00001693     0x1188 driver_init.o
 .debug_line    0x0000281b      0xbf7 hal/src/hal_atomic.o
 .debug_line    0x00003412      0xc3c hal/src/hal_camera_async.o
 .debug_line    0x0000404e      0xc21 hal/src/hal_delay.o
 .debug_line    0x00004c6f      0xc2b hal/src/hal_evsys.o
 .debug_line    0x0000589a      0xc9f hal/src/hal_ext_irq.o
 .debug_line    0x00006539      0xd2a hal/src/hal_i2c_m_sync.o
 .debug_line    0x00007263      0xc1e hal/src/hal_io.o
 .debug_line    0x00007e81      0xcba hal/src/hal_pwm.o
 .debug_line    0x00008b3b      0xef5 hal/src/hal_usart_async.o
 .debug_line    0x00009a30      0xbbf hal/utils/src/utils_assert.o
 .debug_line    0x0000a5ef      0xc6c hal/utils/src/utils_ringbuffer.o
 .debug_line    0x0000b25b      0xdbb hpl/core/hpl_core_m4.o
 .debug_line    0x0000c016      0xcf1 hpl/core/hpl_init.o
 .debug_line    0x0000cd07     0x108f hpl/dmac/hpl_dmac.o
 .debug_line    0x0000dd96      0xf08 hpl/eic/hpl_eic.o
 .debug_line    0x0000ec9e      0xcd3 hpl/evsys/hpl_evsys.o
 .debug_line    0x0000f971      0xc3f hpl/gclk/hpl_gclk.o
 .debug_line    0x000105b0      0xbf2 hpl/mclk/hpl_mclk.o
 .debug_line    0x000111a2      0xc25 hpl/osc32kctrl/hpl_osc32kctrl.o
 .debug_line    0x00011dc7      0xcfa hpl/oscctrl/hpl_oscctrl.o
 .debug_line    0x00012ac1      0xce5 hpl/pcc/hpl_pcc.o
 .debug_line    0x000137a6      0xcda hpl/ramecc/hpl_ramecc.o
 .debug_line    0x00014480     0x2e41 hpl/sercom/hpl_sercom.o
 .debug_line    0x000172c1      0xc52 hpl/systick/hpl_systick.o
 .debug_line    0x00017f13     0x101e hpl/tcc/hpl_tcc.o
 .debug_line    0x00018f31      0xfe3 main.o

.debug_str      0x00000000   0x123fb8
 .debug_str     0x00000000   0x1080b3 atmel_start.o
                             0x108655 (size before relaxing)
 .debug_str     0x001080b3      0xbfb Device_Startup/startup_same54.o
                              0xf0d2d (size before relaxing)
 .debug_str     0x00108cae     0x1fcb driver_init.o
                             0x10a751 (size before relaxing)
 .debug_str     0x0010ac79       0x9c hal/src/hal_atomic.o
                             0x1066e0 (size before relaxing)
 .debug_str     0x0010ad15       0x4b hal/src/hal_camera_async.o
                             0x106cc6 (size before relaxing)
 .debug_str     0x0010ad60       0x9b hal/src/hal_delay.o
                             0x10674a (size before relaxing)
 .debug_str     0x0010adfb       0xd2 hal/src/hal_evsys.o
                             0x1067b6 (size before relaxing)
 .debug_str     0x0010aecd       0xcc hal/src/hal_ext_irq.o
                             0x106793 (size before relaxing)
 .debug_str     0x0010af99      0x169 hal/src/hal_i2c_m_sync.o
                             0x106fd1 (size before relaxing)
 .debug_str     0x0010b102       0x3d hal/src/hal_io.o
                             0x10677b (size before relaxing)
 .debug_str     0x0010b13f      0x185 hal/src/hal_pwm.o
                             0x106e6b (size before relaxing)
 .debug_str     0x0010b2c4      0x691 hal/src/hal_usart_async.o
                             0x1075e5 (size before relaxing)
 .debug_str     0x0010b955       0x2a hal/utils/src/utils_assert.o
                             0x1066f0 (size before relaxing)
 .debug_str     0x0010b97f       0x24 hal/utils/src/utils_ringbuffer.o
                             0x106784 (size before relaxing)
 .debug_str     0x0010b9a3      0x86b hpl/core/hpl_core_m4.o
                             0x107c73 (size before relaxing)
 .debug_str     0x0010c20e     0x3132 hpl/core/hpl_init.o
                             0x10b2e1 (size before relaxing)
 .debug_str     0x0010f340     0x6966 hpl/dmac/hpl_dmac.o
                             0x1109a1 (size before relaxing)
 .debug_str     0x00115ca6     0x3d25 hpl/eic/hpl_eic.o
                             0x10b1f4 (size before relaxing)
 .debug_str     0x001199cb     0x266e hpl/evsys/hpl_evsys.o
                             0x10e53e (size before relaxing)
 .debug_str     0x0011c039      0xbf4 hpl/gclk/hpl_gclk.o
                             0x10741b (size before relaxing)
 .debug_str     0x0011cc2d       0x47 hpl/mclk/hpl_mclk.o
                             0x1071b8 (size before relaxing)
 .debug_str     0x0011cc74      0x45f hpl/osc32kctrl/hpl_osc32kctrl.o
                             0x106b48 (size before relaxing)
 .debug_str     0x0011d0d3      0xbef hpl/oscctrl/hpl_oscctrl.o
                             0x107fce (size before relaxing)
 .debug_str     0x0011dcc2      0x1e5 hpl/pcc/hpl_pcc.o
                             0x10700e (size before relaxing)
 .debug_str     0x0011dea7      0x254 hpl/ramecc/hpl_ramecc.o
                             0x107626 (size before relaxing)
 .debug_str     0x0011e0fb     0x4bc1 hpl/sercom/hpl_sercom.o
                             0x10d72f (size before relaxing)
 .debug_str     0x00122cbc       0xcd hpl/systick/hpl_systick.o
                             0x106738 (size before relaxing)
 .debug_str     0x00122d89     0x101f hpl/tcc/hpl_tcc.o
                             0x109403 (size before relaxing)
 .debug_str     0x00123da8      0x210 main.o
                             0x108d0e (size before relaxing)

.debug_frame    0x00000000     0x60f0
 .debug_frame   0x00000000       0x2c atmel_start.o
 .debug_frame   0x0000002c       0x48 Device_Startup/startup_same54.o
 .debug_frame   0x00000074      0x5c4 driver_init.o
 .debug_frame   0x00000638       0x80 hal/src/hal_atomic.o
 .debug_frame   0x000006b8       0x58 hal/src/hal_camera_async.o
 .debug_frame   0x00000710       0xa4 hal/src/hal_delay.o
 .debug_frame   0x000007b4       0xf8 hal/src/hal_evsys.o
 .debug_frame   0x000008ac      0x100 hal/src/hal_ext_irq.o
 .debug_frame   0x000009ac      0x20c hal/src/hal_i2c_m_sync.o
 .debug_frame   0x00000bb8       0x78 hal/src/hal_io.o
 .debug_frame   0x00000c30      0x150 hal/src/hal_pwm.o
 .debug_frame   0x00000d80      0x394 hal/src/hal_usart_async.o
 .debug_frame   0x00001114       0x38 hal/utils/src/utils_assert.o
 .debug_frame   0x0000114c       0xc4 hal/utils/src/utils_ringbuffer.o
 .debug_frame   0x00001210      0x290 hpl/core/hpl_core_m4.o
 .debug_frame   0x000014a0       0x7c hpl/core/hpl_init.o
 .debug_frame   0x0000151c      0x784 hpl/dmac/hpl_dmac.o
 .debug_frame   0x00001ca0      0x400 hpl/eic/hpl_eic.o
 .debug_frame   0x000020a0      0x160 hpl/evsys/hpl_evsys.o
 .debug_frame   0x00002200       0x9c hpl/gclk/hpl_gclk.o
 .debug_frame   0x0000229c       0x5c hpl/mclk/hpl_mclk.o
 .debug_frame   0x000022f8       0xac hpl/osc32kctrl/hpl_osc32kctrl.o
 .debug_frame   0x000023a4      0x1b8 hpl/oscctrl/hpl_oscctrl.o
 .debug_frame   0x0000255c      0x1ac hpl/pcc/hpl_pcc.o
 .debug_frame   0x00002708      0x1b8 hpl/ramecc/hpl_ramecc.o
 .debug_frame   0x000028c0     0x2c1c hpl/sercom/hpl_sercom.o
 .debug_frame   0x000054dc       0xfc hpl/systick/hpl_systick.o
 .debug_frame   0x000055d8      0x688 hpl/tcc/hpl_tcc.o
 .debug_frame   0x00005c60      0x27c main.o
 .debug_frame   0x00005edc       0x20 c:/program files (x86)/atmel/studio/7.0/toolchain/arm/arm-gnu-toolchain/bin/../lib/gcc/arm-none-eabi/6.3.1/../../../../arm-none-eabi/lib/thumb/v7e-m\libc.a(lib_a-ffs.o)